HEAP DUMP BEGIN (2791 objects, 2378736 bytes) Fri Oct 25 13:49:30 2002
ROOT 0 (kind=<thread>, id=0, trace=1)
ROOT 196f90 (kind=<thread>, id=4, trace=1)
ROOT 112b70 (kind=<thread>, id=1, trace=4)
ROOT 1129b0 (kind=<thread>, id=2, trace=5)
ROOT 0 (kind=<thread>, id=0, trace=1)
ROOT 112b10 (kind=<Java stack>, thread=1, frame=4)
ROOT 112af0 (kind=<Java stack>, thread=1, frame=3)
ROOT 112b10 (kind=<Java stack>, thread=1, frame=3)
ROOT 112af0 (kind=<Java stack>, thread=1, frame=2)
ROOT 112b70 (kind=<Java stack>, thread=1, frame=1)
ROOT 112970 (kind=<Java stack>, thread=2, frame=3)
ROOT 112970 (kind=<Java stack>, thread=2, frame=2)
ROOT 112970 (kind=<Java stack>, thread=2, frame=1)
ROOT 1129b0 (kind=<Java stack>, thread=2, frame=1)
ROOT 0 (kind=<JNI global ref>, id=abf68, trace=0)
ROOT 0 (kind=<JNI global ref>, id=abf6c, trace=0)
ROOT 1127f0 (kind=<system class>, name=java.lang.Object)
ROOT 11e7d8 (kind=<system class>, name=java.io.Serializable)
ROOT 11e7f8 (kind=<system class>, name=java.lang.Comparable)
ROOT 11e818 (kind=<system class>, name=java.lang.CharSequence)
ROOT 7c438 (kind=<system class>, name=java.lang.String)
ROOT 7c3d8 (kind=<system class>, name=java.lang.Class)
ROOT 11e878 (kind=<system class>, name=java.lang.Cloneable)
ROOT 11ea38 (kind=<system class>, name=java.lang.ClassLoader)
ROOT 11eb18 (kind=<system class>, name=java.lang.System)
ROOT 11ec20 (kind=<system class>, name=java.lang.Throwable)
ROOT 11eca0 (kind=<system class>, name=java.lang.Error)
ROOT 11ed20 (kind=<system class>, name=java.lang.ThreadDeath)
ROOT 11eda0 (kind=<system class>, name=java.lang.Exception)
ROOT 11ee20 (kind=<system class>, name=java.lang.RuntimeException)
ROOT 11eec0 (kind=<system class>, name=java.security.ProtectionDomain)
ROOT 112710 (kind=<system class>, name=java.security.AccessControlContext)
ROOT 11efe0 (kind=<system class>, name=java.lang.ClassNotFoundException)
ROOT 11f080 (kind=<system class>, name=java.lang.LinkageError)
ROOT 11f0e0 (kind=<system class>, name=java.lang.NoClassDefFoundError)
ROOT 11f160 (kind=<system class>, name=java.lang.ClassCastException)
ROOT 11f1e0 (kind=<system class>, name=java.lang.ArrayStoreException)
ROOT 11f280 (kind=<system class>, name=java.lang.VirtualMachineError)
ROOT 11f2e0 (kind=<system class>, name=java.lang.OutOfMemoryError)
ROOT 11f360 (kind=<system class>, name=java.lang.StackOverflowError)
ROOT 11f408 (kind=<system class>, name=java.lang.ref.Reference)
ROOT 1151d8 (kind=<system class>, name=java.lang.ref.SoftReference)
ROOT 119b40 (kind=<system class>, name=java.lang.ref.WeakReference)
ROOT 11f568 (kind=<system class>, name=java.lang.ref.FinalReference)
ROOT 11f5e8 (kind=<system class>, name=java.lang.ref.PhantomReference)
ROOT 114d88 (kind=<system class>, name=java.lang.ref.Finalizer)
ROOT 11f788 (kind=<system class>, name=java.lang.Runnable)
ROOT 112670 (kind=<system class>, name=java.lang.Thread)
ROOT 1125b0 (kind=<system class>, name=java.lang.ThreadGroup)
ROOT 11fac8 (kind=<system class>, name=java.util.Dictionary)
ROOT 11fb68 (kind=<system class>, name=java.util.Map)
ROOT 11a9e8 (kind=<system class>, name=java.util.Hashtable)
ROOT 112c50 (kind=<system class>, name=java.util.Properties)
ROOT 11fe30 (kind=<system class>, name=java.lang.reflect.AccessibleObject)
ROOT 11ff10 (kind=<system class>, name=java.lang.reflect.Member)
ROOT 11ff90 (kind=<system class>, name=java.lang.reflect.Field)
ROOT 120050 (kind=<system class>, name=java.lang.reflect.Method)
ROOT 1197e0 (kind=<system class>, name=java.lang.reflect.Constructor)
ROOT 120170 (kind=<system class>, name=sun.reflect.MagicAccessorImpl)
ROOT 120230 (kind=<system class>, name=sun.reflect.MethodAccessor)
ROOT 120290 (kind=<system class>, name=sun.reflect.MethodAccessorImpl)
ROOT 120350 (kind=<system class>, name=sun.reflect.ConstructorAccessor)
ROOT 1203b8 (kind=<system class>, name=sun.reflect.ConstructorAccessorImpl)
ROOT 120438 (kind=<system class>, name=sun.reflect.DelegatingClassLoader)
ROOT 120538 (kind=<system class>, name=java.util.Collection)
ROOT 120598 (kind=<system class>, name=java.util.AbstractCollection)
ROOT 120658 (kind=<system class>, name=java.util.List)
ROOT 1206f8 (kind=<system class>, name=java.util.AbstractList)
ROOT 120798 (kind=<system class>, name=java.util.RandomAccess)
ROOT 1127b0 (kind=<system class>, name=java.util.Vector)
ROOT 119780 (kind=<system class>, name=java.lang.StringBuffer)
ROOT 120978 (kind=<system class>, name=java.nio.Buffer)
ROOT 120a18 (kind=<system class>, name=sun.misc.AtomicLong)
ROOT 120a78 (kind=<system class>, name=sun.misc.AtomicLongCSImpl)
ROOT 11c3a0 (kind=<system class>, name=java.lang.Boolean)
ROOT 120bc0 (kind=<system class>, name=java.lang.Character)
ROOT 120d60 (kind=<system class>, name=java.lang.Number)
ROOT 120e00 (kind=<system class>, name=java.lang.Float)
ROOT 120ec0 (kind=<system class>, name=java.lang.Double)
ROOT 120fa0 (kind=<system class>, name=java.lang.Byte)
ROOT 121080 (kind=<system class>, name=java.lang.Short)
ROOT 11b5d8 (kind=<system class>, name=java.lang.Integer)
ROOT 121280 (kind=<system class>, name=java.lang.Long)
ROOT 121528 (kind=<system class>, name=java.lang.NullPointerException)
ROOT 1215c8 (kind=<system class>, name=java.lang.ArithmeticException)
ROOT 121668 (kind=<system class>, name=java.lang.StrictMath)
ROOT 7c478 (kind=<system class>, name=java.io.ObjectStreamField)
ROOT 121828 (kind=<system class>, name=java.util.Comparator)
ROOT 7c4b8 (kind=<system class>, name=java.lang.String$CaseInsensitiveComparator)
ROOT 121968 (kind=<system class>, name=java.security.AccessController)
ROOT 121ac8 (kind=<system class>, name=java.security.Guard)
ROOT 121b28 (kind=<system class>, name=java.security.Permission)
ROOT 121c98 (kind=<system class>, name=java.security.BasicPermission)
ROOT 112770 (kind=<system class>, name=java.lang.reflect.ReflectPermission)
ROOT 121e98 (kind=<system class>, name=java.security.PrivilegedAction)
ROOT 121ef8 (kind=<system class>, name=sun.reflect.ReflectionFactory$GetReflectionFactoryAction)
ROOT 112870 (kind=<system class>, name=java.util.Stack)
ROOT 112910 (kind=<system class>, name=sun.reflect.ReflectionFactory)
ROOT 1128d0 (kind=<system class>, name=java.lang.RuntimePermission)
ROOT 112950 (kind=<system class>, name=java.lang.ref.Reference$Lock)
ROOT 112990 (kind=<system class>, name=java.lang.ref.Reference$ReferenceHandler)
ROOT 112ad0 (kind=<system class>, name=java.lang.ref.ReferenceQueue)
ROOT 112a10 (kind=<system class>, name=java.lang.ref.ReferenceQueue$Null)
ROOT 112a50 (kind=<system class>, name=java.lang.ref.ReferenceQueue$Lock)
ROOT 112b50 (kind=<system class>, name=java.lang.ref.Finalizer$FinalizerThread)
ROOT 1225a0 (kind=<system class>, name=java.util.Enumeration)
ROOT 112bb0 (kind=<system class>, name=java.util.Hashtable$EmptyEnumerator)
ROOT 1226c0 (kind=<system class>, name=java.util.Iterator)
ROOT 112bf0 (kind=<system class>, name=java.util.Hashtable$EmptyIterator)
ROOT 122a40 (kind=<system class>, name=java.io.ObjectStreamClass)
ROOT 122b40 (kind=<system class>, name=java.util.AbstractMap)
ROOT 112cb0 (kind=<system class>, name=sun.misc.SoftCache)
ROOT 112d50 (kind=<system class>, name=java.util.HashMap)
ROOT 122de8 (kind=<system class>, name=java.util.Map$Entry)
ROOT 112d90 (kind=<system class>, name=java.util.HashMap$Entry)
ROOT 122f68 (kind=<system class>, name=java.lang.IncompatibleClassChangeError)
ROOT 122fc8 (kind=<system class>, name=java.lang.NoSuchMethodError)
ROOT 1130b8 (kind=<system class>, name=java.util.Hashtable$Entry)
ROOT 123128 (kind=<system class>, name=sun.misc.Version)
ROOT 123368 (kind=<system class>, name=java.io.InputStream)
ROOT 114d48 (kind=<system class>, name=java.io.FileInputStream)
ROOT 114dc8 (kind=<system class>, name=java.io.FileDescriptor)
ROOT 1234d0 (kind=<system class>, name=java.io.OutputStream)
ROOT 114e48 (kind=<system class>, name=java.io.FileOutputStream)
ROOT 1235d0 (kind=<system class>, name=java.io.FilterInputStream)
ROOT 114ee8 (kind=<system class>, name=java.io.BufferedInputStream)
ROOT 1236d0 (kind=<system class>, name=java.io.FilterOutputStream)
ROOT 114f48 (kind=<system class>, name=java.io.PrintStream)
ROOT 114f88 (kind=<system class>, name=java.io.BufferedOutputStream)
ROOT 123a50 (kind=<system class>, name=java.io.Writer)
ROOT 115178 (kind=<system class>, name=java.io.OutputStreamWriter)
ROOT 123bf0 (kind=<system class>, name=sun.nio.cs.StreamEncoder)
ROOT 123d98 (kind=<system class>, name=sun.io.Converters)
ROOT 123e58 (kind=<system class>, name=sun.reflect.Reflection)
ROOT 124018 (kind=<system class>, name=sun.security.action.GetPropertyAction)
ROOT 124178 (kind=<system class>, name=java.nio.charset.Charset)
ROOT 124258 (kind=<system class>, name=java.nio.charset.spi.CharsetProvider)
ROOT 1242d8 (kind=<system class>, name=sun.nio.cs.AbstractCharsetProvider)
ROOT 115218 (kind=<system class>, name=sun.nio.cs.StandardCharsets)
ROOT 124418 (kind=<system class>, name=java.util.SortedMap)
ROOT 115258 (kind=<system class>, name=java.util.TreeMap)
ROOT 115318 (kind=<system class>, name=java.util.TreeMap$Entry)
ROOT 119740 (kind=<system class>, name=java.lang.ThreadLocal)
ROOT 125830 (kind=<system class>, name=sun.nio.cs.HistoricallyNamedCharset)
ROOT 119960 (kind=<system class>, name=sun.nio.cs.ISO_8859_1)
ROOT 1259b0 (kind=<system class>, name=java.lang.Class$3)
ROOT 125ad0 (kind=<system class>, name=java.lang.reflect.Modifier)
ROOT 125bb0 (kind=<system class>, name=sun.reflect.LangReflectAccess)
ROOT 119880 (kind=<system class>, name=java.lang.reflect.ReflectAccess)
ROOT 125c98 (kind=<system class>, name=java.lang.Class$1)
ROOT 125dd8 (kind=<system class>, name=sun.reflect.ReflectionFactory$1)
ROOT 1198e0 (kind=<system class>, name=sun.reflect.NativeConstructorAccessorImpl)
ROOT 119920 (kind=<system class>, name=sun.reflect.DelegatingConstructorAccessorImpl)
ROOT 1199e0 (kind=<system class>, name=sun.nio.cs.StreamEncoder$CharsetSE)
ROOT 1260b8 (kind=<system class>, name=java.nio.charset.CharsetEncoder)
ROOT 119a40 (kind=<system class>, name=sun.nio.cs.ISO_8859_1$Encoder)
ROOT 119aa0 (kind=<system class>, name=java.nio.charset.CodingErrorAction)
ROOT 1264a0 (kind=<system class>, name=java.nio.charset.CharsetDecoder)
ROOT 126540 (kind=<system class>, name=sun.nio.cs.ISO_8859_1$Decoder)
ROOT 1266a0 (kind=<system class>, name=java.nio.ByteBuffer)
ROOT 11a528 (kind=<system class>, name=java.nio.HeapByteBuffer)
ROOT 1267a0 (kind=<system class>, name=java.nio.Bits)
ROOT 119b80 (kind=<system class>, name=sun.misc.Unsafe)
ROOT 119bc0 (kind=<system class>, name=java.nio.ByteOrder)
ROOT 1269c0 (kind=<system class>, name=java.nio.CharBuffer)
ROOT 126a60 (kind=<system class>, name=java.nio.HeapCharBuffer)
ROOT 119c40 (kind=<system class>, name=java.nio.charset.CoderResult)
ROOT 126ce8 (kind=<system class>, name=java.nio.charset.CoderResult$Cache)
ROOT 119ca0 (kind=<system class>, name=java.nio.charset.CoderResult$1)
ROOT 119ce0 (kind=<system class>, name=java.nio.charset.CoderResult$2)
ROOT 119d20 (kind=<system class>, name=sun.nio.cs.Surrogate$Parser)
ROOT 126f08 (kind=<system class>, name=sun.nio.cs.Surrogate)
ROOT 11a588 (kind=<system class>, name=java.io.BufferedWriter)
ROOT 11a968 (kind=<system class>, name=java.util.logging.LogManager)
ROOT 11a788 (kind=<system class>, name=java.util.logging.Handler)
ROOT 11a828 (kind=<system class>, name=java.util.logging.Level)
ROOT 11a7c8 (kind=<system class>, name=java.util.ArrayList)
ROOT 11a9a8 (kind=<system class>, name=java.beans.PropertyChangeSupport)
ROOT 11aa48 (kind=<system class>, name=java.util.logging.LogManager$LogNode)
ROOT 11aa88 (kind=<system class>, name=java.util.logging.LoggingPermission)
ROOT 11aac8 (kind=<system class>, name=java.lang.Runtime)
ROOT 11ab08 (kind=<system class>, name=java.util.logging.LogManager$Cleaner)
ROOT 11aba8 (kind=<system class>, name=java.lang.Integer$1)
ROOT 127e78 (kind=<system class>, name=java.lang.Shutdown)
ROOT 11ac08 (kind=<system class>, name=java.lang.Shutdown$Lock)
ROOT 128018 (kind=<system class>, name=java.util.Set)
ROOT 1280d8 (kind=<system class>, name=java.util.AbstractSet)
ROOT 11ac68 (kind=<system class>, name=java.util.HashSet)
ROOT 11ace8 (kind=<system class>, name=java.lang.Shutdown$WrappedHook)
ROOT 1282b8 (kind=<system class>, name=java.lang.Terminator)
ROOT 128398 (kind=<system class>, name=sun.misc.SignalHandler)
ROOT 11b4d8 (kind=<system class>, name=java.lang.Terminator$1)
ROOT 11b598 (kind=<system class>, name=sun.misc.Signal)
ROOT 11b658 (kind=<system class>, name=sun.misc.NativeSignalHandler)
ROOT 11b7f8 (kind=<system class>, name=java.util.logging.Logger)
ROOT 11b8d8 (kind=<system class>, name=java.util.logging.LogManager$RootLogger)
ROOT 11b938 (kind=<system class>, name=java.util.HashMap$Values)
ROOT 128920 (kind=<system class>, name=java.util.HashMap$HashIterator)
ROOT 1289a0 (kind=<system class>, name=java.util.HashMap$ValueIterator)
ROOT 11c5a0 (kind=<system class>, name=java.io.File)
ROOT 128c00 (kind=<system class>, name=java.io.FileSystem)
ROOT 11b9d8 (kind=<system class>, name=java.io.UnixFileSystem)
ROOT 128e88 (kind=<system class>, name=java.util.Hashtable$Enumerator)
ROOT 128f68 (kind=<system class>, name=java.io.Reader)
ROOT 1290c8 (kind=<system class>, name=java.io.BufferedReader)
ROOT 129168 (kind=<system class>, name=java.io.InputStreamReader)
ROOT 1292c8 (kind=<system class>, name=sun.nio.cs.StreamDecoder)
ROOT 1293e8 (kind=<system class>, name=sun.nio.cs.StreamDecoder$CharsetSD)
ROOT 129510 (kind=<system class>, name=java.util.EventObject)
ROOT 129570 (kind=<system class>, name=java.beans.PropertyChangeEvent)
ROOT 1296d0 (kind=<system class>, name=java.lang.ClassLoader$3)
ROOT 11c440 (kind=<system class>, name=java.lang.ClassLoader$NativeLibrary)
ROOT 129850 (kind=<system class>, name=sun.misc.VM)
ROOT 1298d0 (kind=<system class>, name=java.lang.Compiler)
ROOT 1299b0 (kind=<system class>, name=java.lang.Compiler$1)
ROOT 11c560 (kind=<system class>, name=sun.misc.Launcher)
ROOT 129c10 (kind=<system class>, name=java.net.URLStreamHandlerFactory)
ROOT 11c520 (kind=<system class>, name=sun.misc.Launcher$Factory)
ROOT 129db8 (kind=<system class>, name=java.security.SecureClassLoader)
ROOT 129e58 (kind=<system class>, name=java.net.URLClassLoader)
ROOT 11c600 (kind=<system class>, name=sun.misc.Launcher$ExtClassLoader)
ROOT 129fb8 (kind=<system class>, name=sun.security.util.Debug)
ROOT 12a118 (kind=<system class>, name=java.util.StringTokenizer)
ROOT 12a218 (kind=<system class>, name=java.security.PrivilegedExceptionAction)
ROOT 12a278 (kind=<system class>, name=sun.misc.Launcher$1)
ROOT 12a338 (kind=<system class>, name=sun.net.www.ParseUtil)
ROOT 11c660 (kind=<system class>, name=java.util.BitSet)
ROOT 11c8f0 (kind=<system class>, name=java.net.URL)
ROOT 12a620 (kind=<system class>, name=java.net.Parts)
ROOT 11c930 (kind=<system class>, name=java.util.Locale)
ROOT 12af28 (kind=<system class>, name=java.net.URLStreamHandler)
ROOT 11ccf0 (kind=<system class>, name=sun.net.www.protocol.file.Handler)
ROOT 11d0c0 (kind=<system class>, name=sun.misc.URLClassPath)
ROOT 11d2e0 (kind=<system class>, name=sun.net.www.protocol.jar.Handler)
ROOT 11d3a0 (kind=<system class>, name=sun.misc.Launcher$AppClassLoader)
ROOT 12b4f0 (kind=<system class>, name=sun.misc.Launcher$2)
ROOT 12b650 (kind=<system class>, name=java.lang.SystemClassLoaderAction)
ROOT 112970 (kind=<busy monitor>)
ROOT 112b10 (kind=<busy monitor>)
ARR 7c3f8 (sz=16, trace=1, nelems=0, elem type=java.lang.Class@7c3d8)
ARR 7c418 (sz=32, trace=1, nelems=9, elem type=char)
OBJ 7c458 (sz=24, trace=1, class=java.lang.String@7c438)
	value		7c418
ARR 7c498 (sz=16, trace=1, nelems=0, elem type=java.io.ObjectStreamField@7c478)
OBJ 7c4d8 (sz=8, trace=1, class=java.lang.String$CaseInsensitiveComparator@7c4b8)
OBJ 1125d0 (sz=40, trace=1, class=java.lang.ThreadGroup@1125b0)
	groups		112650
	threads		1129f0
	name		1218c8
OBJ 1125f0 (sz=40, trace=1, class=java.lang.ThreadGroup@1125b0)
	threads		112750
	name		112630
	parent		1125d0
ARR 112610 (sz=24, trace=1, nelems=4, elem type=char)
OBJ 112630 (sz=24, trace=1, class=java.lang.String@7c438)
	value		112610
ARR 112650 (sz=32, trace=1, nelems=4, elem type=java.lang.ThreadGroup@1125b0)
	[0]		1125f0
OBJ 112690 (sz=72, trace=1, class=java.lang.Thread@112670)
	inheritedAccessControlContext	112730
	contextClassLoader	11d3c0
	group		1125f0
	name		1126f0
ARR 1126b0 (sz=24, trace=1, nelems=9, elem type=int)
ARR 1126f0 (sz=24, trace=1, nelems=4, elem type=char)
OBJ 112730 (sz=24, trace=1, class=java.security.AccessControlContext@112710)
ARR 112750 (sz=32, trace=1, nelems=4, elem type=java.lang.Thread@112670)
	[0]		112690
	[1]		11ab28
OBJ 112790 (sz=24, trace=1, class=java.lang.reflect.ReflectPermission@112770)
	path		121d18
	name		121d18
OBJ 1127d0 (sz=24, trace=1, class=java.util.Vector@1127b0)
	elementData	112810
ARR 112810 (sz=56, trace=1, nelems=10, elem type=java.lang.Object@1127f0)
	[0]		11c420
OBJ 112830 (sz=24, trace=1, class=java.util.Vector@1127b0)
	elementData	112850
ARR 112850 (sz=56, trace=1, nelems=10, elem type=java.lang.Object@1127f0)
	[0]		11c460
OBJ 112890 (sz=24, trace=1, class=java.util.Stack@112870)
	elementData	1128b0
ARR 1128b0 (sz=56, trace=1, nelems=10, elem type=java.lang.Object@1127f0)
OBJ 1128f0 (sz=24, trace=1, class=java.lang.RuntimePermission@1128d0)
	path		1220b8
	name		1220b8
OBJ 112930 (sz=8, trace=1, class=sun.reflect.ReflectionFactory@112910)
OBJ 112970 (sz=8, trace=1, class=java.lang.ref.Reference$Lock@112950)
OBJ 1129b0 (sz=72, trace=1, class=java.lang.ref.Reference$ReferenceHandler@112990)
	inheritedAccessControlContext	112730
	group		1125d0
	name		1129d0
ARR 1129d0 (sz=48, trace=1, nelems=17, elem type=char)
ARR 1129f0 (sz=32, trace=1, nelems=4, elem type=java.lang.Thread@112670)
	[0]		1129b0
	[1]		112b70
	[2]		196f90
	[3]		199b70
OBJ 112a30 (sz=24, trace=1, class=java.lang.ref.ReferenceQueue$Null@112a10)
	lock		112a70
OBJ 112a70 (sz=8, trace=1, class=java.lang.ref.ReferenceQueue$Lock@112a50)
OBJ 112a90 (sz=24, trace=1, class=java.lang.ref.ReferenceQueue$Null@112a10)
	lock		112ab0
OBJ 112ab0 (sz=8, trace=1, class=java.lang.ref.ReferenceQueue$Lock@112a50)
OBJ 112af0 (sz=24, trace=1, class=java.lang.ref.ReferenceQueue@112ad0)
	lock		112b10
OBJ 112b10 (sz=8, trace=1, class=java.lang.ref.ReferenceQueue$Lock@112a50)
OBJ 112b30 (sz=8, trace=1, class=java.lang.Object@1127f0)
OBJ 112b70 (sz=72, trace=1, class=java.lang.ref.Finalizer$FinalizerThread@112b50)
	inheritedAccessControlContext	112730
	group		1125d0
	name		112b90
ARR 112b90 (sz=32, trace=1, nelems=9, elem type=char)
OBJ 112bd0 (sz=8, trace=1, class=java.util.Hashtable$EmptyEnumerator@112bb0)
OBJ 112c10 (sz=8, trace=1, class=java.util.Hashtable$EmptyIterator@112bf0)
ARR 112c30 (sz=48, trace=1, nelems=16, elem type=char)
OBJ 112c70 (sz=48, trace=1, class=java.util.Properties@112c50)
	table		1146c0
ARR 112c90 (sz=16, trace=1, nelems=0, elem type=java.io.ObjectStreamField@7c478)
OBJ 112cd0 (sz=32, trace=1, class=sun.misc.SoftCache@112cb0)
	queue		112cf0
	hash		112d70
OBJ 112cf0 (sz=24, trace=1, class=java.lang.ref.ReferenceQueue@112ad0)
	lock		112d10
OBJ 112d10 (sz=8, trace=1, class=java.lang.ref.ReferenceQueue$Lock@112a50)
OBJ 112d30 (sz=8, trace=1, class=java.lang.Object@1127f0)
OBJ 112d70 (sz=40, trace=1, class=java.util.HashMap@112d50)
	table		112f78
ARR 112f78 (sz=80, trace=1, nelems=16, elem type=java.util.HashMap$Entry@112d90)
OBJ 112f98 (sz=32, trace=1, class=sun.misc.SoftCache@112cb0)
	queue		112fb8
	hash		112ff8
OBJ 112fb8 (sz=24, trace=1, class=java.lang.ref.ReferenceQueue@112ad0)
	lock		112fd8
OBJ 112fd8 (sz=8, trace=1, class=java.lang.ref.ReferenceQueue$Lock@112a50)
OBJ 112ff8 (sz=40, trace=1, class=java.util.HashMap@112d50)
	table		113018
ARR 113018 (sz=80, trace=1, nelems=16, elem type=java.util.HashMap$Entry@112d90)
ARR 113038 (sz=64, trace=1, nelems=26, elem type=char)
OBJ 113058 (sz=24, trace=1, class=java.lang.String@7c438)
	value		113038
ARR 113078 (sz=24, trace=1, nelems=3, elem type=char)
OBJ 113098 (sz=24, trace=1, class=java.lang.String@7c438)
	value		113078
OBJ 1130d8 (sz=24, trace=1, class=java.util.Hashtable$Entry@1130b8)
	value		113098
	key		113058
ARR 1130f8 (sz=64, trace=1, nelems=23, elem type=char)
OBJ 113118 (sz=24, trace=1, class=java.lang.String@7c438)
	value		1130f8
ARR 113138 (sz=80, trace=1, nelems=31, elem type=char)
OBJ 113158 (sz=24, trace=1, class=java.lang.String@7c438)
	value		113138
OBJ 113178 (sz=24, trace=1, class=java.util.Hashtable$Entry@1130b8)
	next		1134f8
	value		113158
	key		113118
ARR 113198 (sz=64, trace=1, nelems=25, elem type=char)
OBJ 1131b8 (sz=24, trace=1, class=java.lang.String@7c438)
	value		113198
ARR 1131d8 (sz=56, trace=1, nelems=21, elem type=char)
OBJ 1131f8 (sz=24, trace=1, class=java.lang.String@7c438)
	value		1131d8
OBJ 113218 (sz=24, trace=1, class=java.util.Hashtable$Entry@1130b8)
	value		1131f8
	key		1131b8
ARR 113238 (sz=40, trace=1, nelems=12, elem type=char)
OBJ 113258 (sz=24, trace=1, class=java.lang.String@7c438)
	value		113238
OBJ 113278 (sz=24, trace=1, class=java.util.Hashtable$Entry@1130b8)
	value		123168
	key		113258
ARR 113298 (sz=40, trace=1, nelems=11, elem type=char)
OBJ 1132b8 (sz=24, trace=1, class=java.lang.String@7c438)
	value		113298
ARR 1132d8 (sz=56, trace=1, nelems=21, elem type=char)
OBJ 1132f8 (sz=24, trace=1, class=java.lang.String@7c438)
	value		1132d8
OBJ 113318 (sz=24, trace=1, class=java.util.Hashtable$Entry@1130b8)
	value		1132f8
	key		1132b8
ARR 113338 (sz=48, trace=1, nelems=15, elem type=char)
OBJ 113358 (sz=24, trace=1, class=java.lang.String@7c438)
	value		113338
ARR 113378 (sz=56, trace=1, nelems=20, elem type=char)
OBJ 113398 (sz=24, trace=1, class=java.lang.String@7c438)
	value		113378
OBJ 1133b8 (sz=24, trace=1, class=java.util.Hashtable$Entry@1130b8)
	value		113398
	key		113358
ARR 1133d8 (sz=56, trace=1, nelems=19, elem type=char)
OBJ 1133f8 (sz=24, trace=1, class=java.lang.String@7c438)
	value		1133d8
ARR 113418 (sz=96, trace=1, nelems=41, elem type=char)
OBJ 113438 (sz=24, trace=1, class=java.lang.String@7c438)
	value		113418
OBJ 113458 (sz=24, trace=1, class=java.util.Hashtable$Entry@1130b8)
	value		113438
	key		1133f8
ARR 113478 (sz=48, trace=1, nelems=18, elem type=char)
OBJ 113498 (sz=24, trace=1, class=java.lang.String@7c438)
	value		113478
ARR 1134b8 (sz=24, trace=1, nelems=4, elem type=char)
OBJ 1134d8 (sz=24, trace=1, class=java.lang.String@7c438)
	value		1134b8
OBJ 1134f8 (sz=24, trace=1, class=java.util.Hashtable$Entry@1130b8)
	value		1134d8
	key		113498
ARR 113518 (sz=32, trace=1, nelems=7, elem type=char)
OBJ 113538 (sz=24, trace=1, class=java.lang.String@7c438)
	value		113518
ARR 113558 (sz=24, trace=1, nelems=5, elem type=char)
OBJ 113578 (sz=24, trace=1, class=java.lang.String@7c438)
	value		113558
OBJ 113598 (sz=24, trace=1, class=java.util.Hashtable$Entry@1130b8)
	value		113578
	key		113538
ARR 1135b8 (sz=32, trace=1, nelems=10, elem type=char)
OBJ 1135d8 (sz=24, trace=1, class=java.lang.String@7c438)
	value		1135b8
ARR 1135f8 (sz=24, trace=1, nelems=3, elem type=char)
OBJ 113618 (sz=24, trace=1, class=java.lang.String@7c438)
	value		1135f8
OBJ 113638 (sz=24, trace=1, class=java.util.Hashtable$Entry@1130b8)
	value		113618
	key		1135d8
ARR 113658 (sz=32, trace=1, nelems=7, elem type=char)
OBJ 113678 (sz=24, trace=1, class=java.lang.String@7c438)
	value		113658
ARR 113698 (sz=24, trace=1, nelems=5, elem type=char)
OBJ 1136b8 (sz=24, trace=1, class=java.lang.String@7c438)
	value		113698
OBJ 1136d8 (sz=24, trace=1, class=java.util.Hashtable$Entry@1130b8)
	value		1136b8
	key		113678
ARR 1136f8 (sz=40, trace=1, nelems=14, elem type=char)
OBJ 113718 (sz=24, trace=1, class=java.lang.String@7c438)
	value		1136f8
ARR 113738 (sz=16, trace=1, nelems=1, elem type=char)
OBJ 113758 (sz=24, trace=1, class=java.lang.String@7c438)
	value		113738
OBJ 1137b8 (sz=24, trace=1, class=java.util.Hashtable$Entry@1130b8)
	value		113758
	key		113718
ARR 1137d8 (sz=40, trace=1, nelems=14, elem type=char)
OBJ 1137f8 (sz=24, trace=1, class=java.lang.String@7c438)
	value		1137d8
ARR 113818 (sz=16, trace=1, nelems=1, elem type=char)
OBJ 113838 (sz=24, trace=1, class=java.lang.String@7c438)
	value		113818
OBJ 113858 (sz=24, trace=1, class=java.util.Hashtable$Entry@1130b8)
	value		113838
	key		1137f8
ARR 113878 (sz=40, trace=1, nelems=14, elem type=char)
OBJ 113898 (sz=24, trace=1, class=java.lang.String@7c438)
	value		113878
ARR 1138b8 (sz=16, trace=1, nelems=1, elem type=char)
OBJ 1138d8 (sz=24, trace=1, class=java.lang.String@7c438)
	value		1138b8
OBJ 1138f8 (sz=24, trace=1, class=java.util.Hashtable$Entry@1130b8)
	value		1138d8
	key		113898
ARR 113918 (sz=40, trace=1, nelems=13, elem type=char)
OBJ 113938 (sz=24, trace=1, class=java.lang.String@7c438)
	value		113918
ARR 113958 (sz=16, trace=1, nelems=2, elem type=char)
OBJ 113978 (sz=24, trace=1, class=java.lang.String@7c438)
	value		113958
OBJ 113998 (sz=24, trace=1, class=java.util.Hashtable$Entry@1130b8)
	next		113218
	value		113978
	key		113938
ARR 1139b8 (sz=40, trace=1, nelems=12, elem type=char)
OBJ 1139d8 (sz=24, trace=1, class=java.lang.String@7c438)
	value		1139b8
ARR 1139f8 (sz=16, trace=1, nelems=2, elem type=char)
OBJ 113a18 (sz=24, trace=1, class=java.lang.String@7c438)
	value		1139f8
OBJ 113a38 (sz=24, trace=1, class=java.util.Hashtable$Entry@1130b8)
	next		113fe0
	value		113a18
	key		1139d8
ARR 113a58 (sz=40, trace=1, nelems=13, elem type=char)
OBJ 113a78 (sz=24, trace=1, class=java.lang.String@7c438)
	value		113a58
ARR 113a98 (sz=32, trace=1, nelems=9, elem type=char)
OBJ 113ab8 (sz=24, trace=1, class=java.lang.String@7c438)
	value		113a98
OBJ 113ad8 (sz=24, trace=1, class=java.util.Hashtable$Entry@1130b8)
	next		1130d8
	value		113ab8
	key		113a78
ARR 113af8 (sz=48, trace=1, nelems=17, elem type=char)
OBJ 113b18 (sz=24, trace=1, class=java.lang.String@7c438)
	value		113af8
ARR 113b38 (sz=24, trace=1, nelems=6, elem type=char)
OBJ 113b58 (sz=24, trace=1, class=java.lang.String@7c438)
	value		113b38
OBJ 113b78 (sz=24, trace=1, class=java.util.Hashtable$Entry@1130b8)
	value		113b58
	key		113b18
ARR 113b98 (sz=64, trace=1, nelems=23, elem type=char)
OBJ 113bb8 (sz=24, trace=1, class=java.lang.String@7c438)
	value		113b98
ARR 113bd8 (sz=32, trace=1, nelems=10, elem type=char)
OBJ 113bf8 (sz=24, trace=1, class=java.lang.String@7c438)
	value		113bd8
OBJ 113c18 (sz=24, trace=1, class=java.util.Hashtable$Entry@1130b8)
	next		113d58
	value		113bf8
	key		113bb8
ARR 113c38 (sz=48, trace=1, nelems=15, elem type=char)
OBJ 113c58 (sz=24, trace=1, class=java.lang.String@7c438)
	value		113c38
ARR 113c78 (sz=144, trace=1, nelems=64, elem type=char)
OBJ 113c98 (sz=24, trace=1, class=java.lang.String@7c438)
	value		113c78
OBJ 113cb8 (sz=24, trace=1, class=java.util.Hashtable$Entry@1130b8)
	value		113c98
	key		113c58
ARR 113cd8 (sz=40, trace=1, nelems=14, elem type=char)
OBJ 113cf8 (sz=24, trace=1, class=java.lang.String@7c438)
	value		113cd8
ARR 113d18 (sz=24, trace=1, nelems=3, elem type=char)
OBJ 113d38 (sz=24, trace=1, class=java.lang.String@7c438)
	value		113d18
OBJ 113d58 (sz=24, trace=1, class=java.util.Hashtable$Entry@1130b8)
	value		113d38
	key		113cf8
ARR 113d78 (sz=56, trace=1, nelems=19, elem type=char)
OBJ 113d98 (sz=24, trace=1, class=java.lang.String@7c438)
	value		113d78
ARR 113db8 (sz=56, trace=1, nelems=22, elem type=char)
OBJ 113dd8 (sz=24, trace=1, class=java.lang.String@7c438)
	value		113db8
OBJ 113df8 (sz=24, trace=1, class=java.util.Hashtable$Entry@1130b8)
	value		113dd8
	key		113d98
ARR 113e18 (sz=80, trace=1, nelems=34, elem type=char)
OBJ 113e38 (sz=24, trace=1, class=java.lang.String@7c438)
	value		113e18
ARR 113e58 (sz=104, trace=1, nelems=44, elem type=char)
OBJ 113e78 (sz=24, trace=1, class=java.lang.String@7c438)
	value		113e58
OBJ 113e98 (sz=24, trace=1, class=java.util.Hashtable$Entry@1130b8)
	value		113e78
	key		113e38
ARR 113eb8 (sz=56, trace=1, nelems=19, elem type=char)
OBJ 113ed8 (sz=24, trace=1, class=java.lang.String@7c438)
	value		113eb8
ARR 113ef8 (sz=16, trace=1, nelems=2, elem type=char)
OBJ 113f18 (sz=24, trace=1, class=java.lang.String@7c438)
	value		113ef8
OBJ 113f38 (sz=24, trace=1, class=java.util.Hashtable$Entry@1130b8)
	value		113f18
	key		113ed8
ARR 113f58 (sz=48, trace=1, nelems=18, elem type=char)
OBJ 113f78 (sz=24, trace=1, class=java.lang.String@7c438)
	value		113f58
ARR 113f98 (sz=32, trace=1, nelems=7, elem type=char)
OBJ 113fc0 (sz=24, trace=1, class=java.lang.String@7c438)
	value		113f98
OBJ 113fe0 (sz=24, trace=1, class=java.util.Hashtable$Entry@1130b8)
	value		113fc0
	key		113f78
ARR 114000 (sz=56, trace=1, nelems=20, elem type=char)
OBJ 114020 (sz=24, trace=1, class=java.lang.String@7c438)
	value		114000
ARR 114040 (sz=72, trace=1, nelems=30, elem type=char)
OBJ 114060 (sz=24, trace=1, class=java.lang.String@7c438)
	value		114040
OBJ 114080 (sz=24, trace=1, class=java.util.Hashtable$Entry@1130b8)
	value		114060
	key		114020
ARR 1140a0 (sz=56, trace=1, nelems=19, elem type=char)
OBJ 1140c0 (sz=24, trace=1, class=java.lang.String@7c438)
	value		1140a0
ARR 1140e0 (sz=16, trace=1, nelems=0, elem type=char)
OBJ 114100 (sz=24, trace=1, class=java.lang.String@7c438)
	value		1140e0
OBJ 114120 (sz=24, trace=1, class=java.util.Hashtable$Entry@1130b8)
	value		114100
	key		1140c0
ARR 114140 (sz=40, trace=1, nelems=14, elem type=char)
OBJ 114160 (sz=24, trace=1, class=java.lang.String@7c438)
	value		114140
ARR 114180 (sz=32, trace=1, nelems=9, elem type=char)
OBJ 1141a0 (sz=24, trace=1, class=java.lang.String@7c438)
	value		114180
OBJ 1141c0 (sz=24, trace=1, class=java.util.Hashtable$Entry@1130b8)
	next		1138f8
	value		1141a0
	key		114160
ARR 1141e0 (sz=32, trace=1, nelems=9, elem type=char)
OBJ 114200 (sz=24, trace=1, class=java.lang.String@7c438)
	value		1141e0
ARR 114220 (sz=32, trace=1, nelems=7, elem type=char)
OBJ 114240 (sz=24, trace=1, class=java.lang.String@7c438)
	value		114220
OBJ 114260 (sz=24, trace=1, class=java.util.Hashtable$Entry@1130b8)
	value		114240
	key		114200
ARR 114280 (sz=32, trace=1, nelems=9, elem type=char)
OBJ 1142a0 (sz=24, trace=1, class=java.lang.String@7c438)
	value		114280
ARR 1142c0 (sz=40, trace=1, nelems=13, elem type=char)
OBJ 1142e0 (sz=24, trace=1, class=java.lang.String@7c438)
	value		1142c0
OBJ 114300 (sz=24, trace=1, class=java.util.Hashtable$Entry@1130b8)
	value		1142e0
	key		1142a0
ARR 114320 (sz=40, trace=1, nelems=13, elem type=char)
OBJ 114340 (sz=24, trace=1, class=java.lang.String@7c438)
	value		114320
ARR 114360 (sz=16, trace=1, nelems=0, elem type=char)
OBJ 114380 (sz=24, trace=1, class=java.lang.String@7c438)
	value		114360
OBJ 1143a0 (sz=24, trace=1, class=java.util.Hashtable$Entry@1130b8)
	value		114380
	key		114340
ARR 1143c0 (sz=32, trace=1, nelems=8, elem type=char)
OBJ 1143e0 (sz=24, trace=1, class=java.lang.String@7c438)
	value		1143c0
ARR 114400 (sz=96, trace=1, nelems=41, elem type=char)
OBJ 114420 (sz=24, trace=1, class=java.lang.String@7c438)
	value		114400
OBJ 114440 (sz=24, trace=1, class=java.util.Hashtable$Entry@1130b8)
	value		114420
	key		1143e0
ARR 114460 (sz=72, trace=1, nelems=29, elem type=char)
OBJ 114480 (sz=24, trace=1, class=java.lang.String@7c438)
	value		114460
ARR 1144a0 (sz=24, trace=1, nelems=3, elem type=char)
OBJ 1144c0 (sz=24, trace=1, class=java.lang.String@7c438)
	value		1144a0
OBJ 1144e0 (sz=24, trace=1, class=java.util.Hashtable$Entry@1130b8)
	value		1144c0
	key		114480
ARR 114500 (sz=64, trace=1, nelems=26, elem type=char)
OBJ 114520 (sz=24, trace=1, class=java.lang.String@7c438)
	value		114500
ARR 114540 (sz=80, trace=1, nelems=34, elem type=char)
OBJ 114560 (sz=24, trace=1, class=java.lang.String@7c438)
	value		114540
OBJ 114580 (sz=24, trace=1, class=java.util.Hashtable$Entry@1130b8)
	next		114440
	value		114560
	key		114520
ARR 1145a0 (sz=72, trace=1, nelems=28, elem type=char)
OBJ 1145c0 (sz=24, trace=1, class=java.lang.String@7c438)
	value		1145a0
ARR 1145e0 (sz=56, trace=1, nelems=21, elem type=char)
OBJ 114600 (sz=24, trace=1, class=java.lang.String@7c438)
	value		1145e0
OBJ 114620 (sz=24, trace=1, class=java.util.Hashtable$Entry@1130b8)
	value		114600
	key		1145c0
ARR 114640 (sz=48, trace=1, nelems=15, elem type=char)
OBJ 114660 (sz=24, trace=1, class=java.lang.String@7c438)
	value		114640
ARR 114680 (sz=40, trace=1, nelems=14, elem type=char)
OBJ 1146a0 (sz=24, trace=1, class=java.lang.String@7c438)
	value		114680
ARR 1146c0 (sz=392, trace=1, nelems=95, elem type=java.util.Hashtable$Entry@1130b8)
	[0]		113cb8
	[9]		113c18
	[11]		113458
	[13]		1137b8
	[16]		113318
	[17]		114ca8
	[18]		114928
	[19]		113278
	[21]		114888
	[24]		113998
	[26]		114ba8
	[27]		1144e0
	[33]		114c08
	[38]		113ad8
	[39]		113df8
	[40]		1143a0
	[41]		114300
	[44]		113638
	[45]		113e98
	[49]		113178
	[54]		114b08
	[61]		114120
	[63]		113598
	[65]		114620
	[67]		1141c0
	[70]		1149c8
	[72]		114080
	[74]		114d08
	[76]		114580
	[79]		113a38
	[80]		114780
	[81]		113858
	[82]		114828
	[88]		114a68
	[91]		114d28
OBJ 1146e0 (sz=24, trace=1, class=java.util.Hashtable$Entry@1130b8)
	value		1146a0
	key		114660
ARR 114700 (sz=40, trace=1, nelems=12, elem type=char)
OBJ 114720 (sz=24, trace=1, class=java.lang.String@7c438)
	value		114700
ARR 114740 (sz=64, trace=1, nelems=26, elem type=char)
OBJ 114760 (sz=24, trace=1, class=java.lang.String@7c438)
	value		114740
OBJ 114780 (sz=24, trace=1, class=java.util.Hashtable$Entry@1130b8)
	next		113b78
	value		114760
	key		114720
ARR 1147a0 (sz=40, trace=1, nelems=14, elem type=char)
OBJ 1147c8 (sz=24, trace=1, class=java.lang.String@7c438)
	value		1147a0
ARR 1147e8 (sz=56, trace=1, nelems=21, elem type=char)
OBJ 114808 (sz=24, trace=1, class=java.lang.String@7c438)
	value		1147e8
OBJ 114828 (sz=24, trace=1, class=java.util.Hashtable$Entry@1130b8)
	next		1133b8
	value		114808
	key		1147c8
ARR 114848 (sz=40, trace=1, nelems=12, elem type=char)
OBJ 114868 (sz=24, trace=1, class=java.lang.String@7c438)
	value		114848
OBJ 114888 (sz=24, trace=1, class=java.util.Hashtable$Entry@1130b8)
	value		11c500
	key		114868
ARR 1148a8 (sz=40, trace=1, nelems=13, elem type=char)
OBJ 1148c8 (sz=24, trace=1, class=java.lang.String@7c438)
	value		1148a8
ARR 1148e8 (sz=168, trace=1, nelems=78, elem type=char)
OBJ 114908 (sz=24, trace=1, class=java.lang.String@7c438)
	value		1148e8
OBJ 114928 (sz=24, trace=1, class=java.util.Hashtable$Entry@1130b8)
	value		114908
	key		1148c8
ARR 114948 (sz=48, trace=1, nelems=18, elem type=char)
OBJ 114968 (sz=24, trace=1, class=java.lang.String@7c438)
	value		114948
ARR 114988 (sz=184, trace=1, nelems=83, elem type=char)
OBJ 1149a8 (sz=24, trace=1, class=java.lang.String@7c438)
	value		114988
OBJ 1149c8 (sz=24, trace=1, class=java.util.Hashtable$Entry@1130b8)
	next		1136d8
	value		1149a8
	key		114968
ARR 1149e8 (sz=56, trace=1, nelems=21, elem type=char)
OBJ 114a08 (sz=24, trace=1, class=java.lang.String@7c438)
	value		1149e8
ARR 114a28 (sz=176, trace=1, nelems=80, elem type=char)
OBJ 114a48 (sz=24, trace=1, class=java.lang.String@7c438)
	value		114a28
OBJ 114a68 (sz=24, trace=1, class=java.util.Hashtable$Entry@1130b8)
	next		1146e0
	value		114a48
	key		114a08
ARR 114a88 (sz=48, trace=1, nelems=17, elem type=char)
OBJ 114aa8 (sz=24, trace=1, class=java.lang.String@7c438)
	value		114a88
ARR 114ac8 (sz=536, trace=1, nelems=261, elem type=char)
OBJ 114ae8 (sz=24, trace=1, class=java.lang.String@7c438)
	value		114ac8
OBJ 114b08 (sz=24, trace=1, class=java.util.Hashtable$Entry@1130b8)
	value		114ae8
	key		114aa8
ARR 114b28 (sz=32, trace=1, nelems=9, elem type=char)
OBJ 114b48 (sz=24, trace=1, class=java.lang.String@7c438)
	value		114b28
ARR 114b68 (sz=152, trace=1, nelems=70, elem type=char)
OBJ 114b88 (sz=24, trace=1, class=java.lang.String@7c438)
	value		114b68
OBJ 114ba8 (sz=24, trace=1, class=java.util.Hashtable$Entry@1130b8)
	next		113f38
	value		114b88
	key		114b48
ARR 114bc8 (sz=48, trace=1, nelems=15, elem type=char)
OBJ 114be8 (sz=24, trace=1, class=java.lang.String@7c438)
	value		114bc8
OBJ 114c08 (sz=24, trace=1, class=java.util.Hashtable$Entry@1130b8)
	next		114260
	value		114ce8
	key		114be8
ARR 114c28 (sz=56, trace=1, nelems=19, elem type=char)
OBJ 114c48 (sz=24, trace=1, class=java.lang.String@7c438)
	value		114c28
ARR 114c68 (sz=1192, trace=1, nelems=589, elem type=char)
OBJ 114c88 (sz=24, trace=1, class=java.lang.String@7c438)
	value		114c68
OBJ 114ca8 (sz=24, trace=1, class=java.util.Hashtable$Entry@1130b8)
	value		114c88
	key		114c48
ARR 114cc8 (sz=16, trace=1, nelems=1, elem type=char)
OBJ 114ce8 (sz=24, trace=1, class=java.lang.String@7c438)
	value		114cc8
OBJ 114d08 (sz=24, trace=1, class=java.util.Hashtable$Entry@1130b8)
	value		1231e8
	key		123268
OBJ 114d28 (sz=24, trace=1, class=java.util.Hashtable$Entry@1130b8)
	value		1231a8
	key		1232a8
OBJ 114d68 (sz=16, trace=1, class=java.io.FileInputStream@114d48)
	fd		114de8
OBJ 114da8 (sz=32, trace=1, class=java.lang.ref.Finalizer@114d88)
	prev		114e88
	queue		112af0
	referent	114d68
OBJ 114de8 (sz=16, trace=1, class=java.io.FileDescriptor@114dc8)
OBJ 114e08 (sz=16, trace=1, class=java.io.FileDescriptor@114dc8)
OBJ 114e28 (sz=16, trace=1, class=java.io.FileDescriptor@114dc8)
OBJ 114e68 (sz=24, trace=1, class=java.io.FileOutputStream@114e48)
	fd		114e08
OBJ 114e88 (sz=32, trace=1, class=java.lang.ref.Finalizer@114d88)
	prev		114ec8
	next		114da8
	queue		112af0
	referent	114e68
OBJ 114ea8 (sz=24, trace=1, class=java.io.FileOutputStream@114e48)
	fd		114e28
OBJ 114ec8 (sz=32, trace=1, class=java.lang.ref.Finalizer@114d88)
	prev		11c480
	next		114e88
	queue		112af0
	referent	114ea8
OBJ 114f08 (sz=32, trace=1, class=java.io.BufferedInputStream@114ee8)
	buf		114f28
	in		114d68
ARR 114f28 (sz=2064, trace=1, nelems=2048, elem type=byte)
OBJ 114f68 (sz=24, trace=1, class=java.io.PrintStream@114f48)
	charOut		115198
	textOut		11a5a8
	out		114fa8
OBJ 114fa8 (sz=24, trace=1, class=java.io.BufferedOutputStream@114f88)
	buf		115158
	out		114e68
ARR 115158 (sz=144, trace=1, nelems=128, elem type=byte)
OBJ 115198 (sz=24, trace=1, class=java.io.OutputStreamWriter@115178)
	se		119a00
	lock		114f68
ARR 1151b8 (sz=24, trace=1, nelems=2, elem type=java.lang.String@7c438)
	[0]		123ef8
	[1]		123f38
ARR 1151f8 (sz=24, trace=1, nelems=2, elem type=java.lang.ref.SoftReference@1151d8)
OBJ 115238 (sz=32, trace=1, class=sun.nio.cs.StandardCharsets@115218)
	packagePrefix	124580
	cache		1152d8
	aliasNameMap	1152b8
	aliasMap	115298
	classMap	115278
OBJ 115278 (sz=40, trace=1, class=java.util.TreeMap@115258)
	root		119098
	comparator	7c4d8
OBJ 115298 (sz=40, trace=1, class=java.util.TreeMap@115258)
	root		115358
	comparator	7c4d8
OBJ 1152b8 (sz=40, trace=1, class=java.util.TreeMap@115258)
	root		1190d8
	comparator	7c4d8
OBJ 1152d8 (sz=40, trace=1, class=java.util.TreeMap@115258)
	root		1199c0
	comparator	7c4d8
ARR 1152f8 (sz=64, trace=1, nelems=12, elem type=java.lang.String@7c438)
	[0]		124640
	[1]		124680
	[2]		1246c0
	[3]		124700
	[4]		124740
	[5]		124780
	[6]		1247c0
	[7]		124800
	[8]		124840
	[9]		124880
	[10]		1248c0
	[11]		124900
OBJ 115338 (sz=32, trace=1, class=java.util.TreeMap$Entry@115318)
	parent		119498
	value		124600
	key		1245c0
OBJ 115358 (sz=32, trace=1, class=java.util.TreeMap$Entry@115318)
	right		119038
	left		118f58
	value		1245c0
	key		124640
ARR 115398 (sz=424, trace=1, nelems=102, elem type=[[C@115378)
	[0]		1153d8
	[1]		115438
	[2]		115498
	[3]		1154f8
	[4]		115558
	[5]		1155b8
	[6]		115618
	[7]		115678
	[8]		1156d8
	[9]		115738
	[10]		115798
	[11]		1157f8
	[12]		115858
	[13]		1158b8
	[14]		115918
	[15]		116d58
	[16]		116db8
	[17]		116e18
	[18]		116e78
	[19]		116ed8
	[20]		116f38
	[21]		116f98
	[22]		116ff8
	[23]		117058
	[24]		1170b8
	[25]		117118
	[26]		117178
	[27]		1171d8
	[28]		117238
	[29]		117298
	[30]		1172f8
	[31]		117358
	[32]		1173b8
	[33]		117418
	[34]		117478
	[35]		1174d8
	[36]		117540
	[37]		1175a0
	[38]		117600
	[39]		117660
	[40]		1176c0
	[41]		117720
	[42]		117780
	[43]		1177e0
	[44]		117840
	[45]		1178a0
	[46]		117900
	[47]		117960
	[48]		1179c0
	[49]		117a20
	[50]		117a80
	[51]		117ae0
	[52]		117b40
	[53]		117ba0
	[54]		117c00
	[55]		117c60
	[56]		117cc0
	[57]		117d20
	[58]		117d88
	[59]		117de8
	[60]		117e48
	[61]		117ea8
	[62]		117f08
	[63]		117f68
	[64]		117fc8
	[65]		118028
	[66]		118088
	[67]		1180e8
	[68]		118148
	[69]		1181a8
	[70]		118208
	[71]		118268
	[72]		1182c8
	[73]		118328
	[74]		118388
	[75]		1183e8
	[76]		118448
	[77]		1184a8
	[78]		118508
	[79]		118570
	[80]		1185d0
	[81]		118630
	[82]		118690
	[83]		1186f0
	[84]		118750
	[85]		1187b0
	[86]		118810
	[87]		118870
	[88]		1188d0
	[89]		118930
	[90]		118990
	[91]		1189f0
	[92]		118a50
	[93]		118ab0
	[94]		118b10
	[95]		118b70
	[96]		118bd0
	[97]		118c30
	[98]		118c90
	[99]		118cf0
	[100]		118d58
	[101]		118db8
ARR 1153d8 (sz=24, trace=1, nelems=2, elem type=[C@1153b8)
	[0]		1153f8
	[1]		115418
ARR 1153f8 (sz=16, trace=1, nelems=1, elem type=char)
ARR 115418 (sz=16, trace=1, nelems=2, elem type=char)
ARR 115438 (sz=24, trace=1, nelems=2, elem type=[C@1153b8)
	[0]		115458
	[1]		115478
ARR 115458 (sz=16, trace=1, nelems=1, elem type=char)
ARR 115478 (sz=16, trace=1, nelems=2, elem type=char)
ARR 115498 (sz=24, trace=1, nelems=2, elem type=[C@1153b8)
	[0]		1154b8
	[1]		1154d8
ARR 1154b8 (sz=16, trace=1, nelems=1, elem type=char)
ARR 1154d8 (sz=16, trace=1, nelems=2, elem type=char)
ARR 1154f8 (sz=24, trace=1, nelems=2, elem type=[C@1153b8)
	[0]		115518
	[1]		115538
ARR 115518 (sz=16, trace=1, nelems=1, elem type=char)
ARR 115538 (sz=24, trace=1, nelems=3, elem type=char)
ARR 115558 (sz=24, trace=1, nelems=2, elem type=[C@1153b8)
	[0]		115578
	[1]		115598
ARR 115578 (sz=16, trace=1, nelems=1, elem type=char)
ARR 115598 (sz=24, trace=1, nelems=3, elem type=char)
ARR 1155b8 (sz=24, trace=1, nelems=2, elem type=[C@1153b8)
	[0]		1155d8
	[1]		1155f8
ARR 1155d8 (sz=16, trace=1, nelems=1, elem type=char)
ARR 1155f8 (sz=16, trace=1, nelems=2, elem type=char)
ARR 115618 (sz=24, trace=1, nelems=2, elem type=[C@1153b8)
	[0]		115638
	[1]		115658
ARR 115638 (sz=16, trace=1, nelems=1, elem type=char)
ARR 115658 (sz=16, trace=1, nelems=2, elem type=char)
ARR 115678 (sz=24, trace=1, nelems=2, elem type=[C@1153b8)
	[0]		115698
	[1]		1156b8
ARR 115698 (sz=16, trace=1, nelems=1, elem type=char)
ARR 1156b8 (sz=16, trace=1, nelems=2, elem type=char)
ARR 1156d8 (sz=24, trace=1, nelems=2, elem type=[C@1153b8)
	[0]		1156f8
	[1]		115718
ARR 1156f8 (sz=16, trace=1, nelems=1, elem type=char)
ARR 115718 (sz=16, trace=1, nelems=2, elem type=char)
ARR 115738 (sz=24, trace=1, nelems=2, elem type=[C@1153b8)
	[0]		115758
	[1]		115778
ARR 115758 (sz=16, trace=1, nelems=1, elem type=char)
ARR 115778 (sz=16, trace=1, nelems=2, elem type=char)
ARR 115798 (sz=24, trace=1, nelems=2, elem type=[C@1153b8)
	[0]		1157b8
	[1]		1157d8
ARR 1157b8 (sz=16, trace=1, nelems=1, elem type=char)
ARR 1157d8 (sz=16, trace=1, nelems=2, elem type=char)
ARR 1157f8 (sz=24, trace=1, nelems=2, elem type=[C@1153b8)
	[0]		115818
	[1]		115838
ARR 115818 (sz=16, trace=1, nelems=1, elem type=char)
ARR 115838 (sz=16, trace=1, nelems=2, elem type=char)
ARR 115858 (sz=24, trace=1, nelems=2, elem type=[C@1153b8)
	[0]		115878
	[1]		115898
ARR 115878 (sz=16, trace=1, nelems=1, elem type=char)
ARR 115898 (sz=24, trace=1, nelems=3, elem type=char)
ARR 1158b8 (sz=24, trace=1, nelems=2, elem type=[C@1153b8)
	[0]		1158d8
	[1]		1158f8
ARR 1158d8 (sz=16, trace=1, nelems=1, elem type=char)
ARR 1158f8 (sz=24, trace=1, nelems=3, elem type=char)
ARR 115918 (sz=24, trace=1, nelems=2, elem type=[C@1153b8)
	[0]		115938
	[1]		116d38
ARR 115938 (sz=16, trace=1, nelems=1, elem type=char)
ARR 116d38 (sz=24, trace=1, nelems=3, elem type=char)
ARR 116d58 (sz=24, trace=1, nelems=2, elem type=[C@1153b8)
	[0]		116d78
	[1]		116d98
ARR 116d78 (sz=16, trace=1, nelems=1, elem type=char)
ARR 116d98 (sz=16, trace=1, nelems=2, elem type=char)
ARR 116db8 (sz=24, trace=1, nelems=2, elem type=[C@1153b8)
	[0]		116dd8
	[1]		116df8
ARR 116dd8 (sz=16, trace=1, nelems=1, elem type=char)
ARR 116df8 (sz=16, trace=1, nelems=2, elem type=char)
ARR 116e18 (sz=24, trace=1, nelems=2, elem type=[C@1153b8)
	[0]		116e38
	[1]		116e58
ARR 116e38 (sz=16, trace=1, nelems=1, elem type=char)
ARR 116e58 (sz=16, trace=1, nelems=2, elem type=char)
ARR 116e78 (sz=24, trace=1, nelems=2, elem type=[C@1153b8)
	[0]		116e98
	[1]		116eb8
ARR 116e98 (sz=16, trace=1, nelems=1, elem type=char)
ARR 116eb8 (sz=16, trace=1, nelems=2, elem type=char)
ARR 116ed8 (sz=24, trace=1, nelems=2, elem type=[C@1153b8)
	[0]		116ef8
	[1]		116f18
ARR 116ef8 (sz=16, trace=1, nelems=1, elem type=char)
ARR 116f18 (sz=16, trace=1, nelems=2, elem type=char)
ARR 116f38 (sz=24, trace=1, nelems=2, elem type=[C@1153b8)
	[0]		116f58
	[1]		116f78
ARR 116f58 (sz=16, trace=1, nelems=1, elem type=char)
ARR 116f78 (sz=16, trace=1, nelems=2, elem type=char)
ARR 116f98 (sz=24, trace=1, nelems=2, elem type=[C@1153b8)
	[0]		116fb8
	[1]		116fd8
ARR 116fb8 (sz=16, trace=1, nelems=1, elem type=char)
ARR 116fd8 (sz=16, trace=1, nelems=2, elem type=char)
ARR 116ff8 (sz=24, trace=1, nelems=2, elem type=[C@1153b8)
	[0]		117018
	[1]		117038
ARR 117018 (sz=16, trace=1, nelems=1, elem type=char)
ARR 117038 (sz=16, trace=1, nelems=2, elem type=char)
ARR 117058 (sz=24, trace=1, nelems=2, elem type=[C@1153b8)
	[0]		117078
	[1]		117098
ARR 117078 (sz=16, trace=1, nelems=1, elem type=char)
ARR 117098 (sz=16, trace=1, nelems=2, elem type=char)
ARR 1170b8 (sz=24, trace=1, nelems=2, elem type=[C@1153b8)
	[0]		1170d8
	[1]		1170f8
ARR 1170d8 (sz=16, trace=1, nelems=1, elem type=char)
ARR 1170f8 (sz=16, trace=1, nelems=2, elem type=char)
ARR 117118 (sz=24, trace=1, nelems=2, elem type=[C@1153b8)
	[0]		117138
	[1]		117158
ARR 117138 (sz=16, trace=1, nelems=1, elem type=char)
ARR 117158 (sz=16, trace=1, nelems=2, elem type=char)
ARR 117178 (sz=24, trace=1, nelems=2, elem type=[C@1153b8)
	[0]		117198
	[1]		1171b8
ARR 117198 (sz=16, trace=1, nelems=1, elem type=char)
ARR 1171b8 (sz=16, trace=1, nelems=2, elem type=char)
ARR 1171d8 (sz=24, trace=1, nelems=2, elem type=[C@1153b8)
	[0]		1171f8
	[1]		117218
ARR 1171f8 (sz=16, trace=1, nelems=1, elem type=char)
ARR 117218 (sz=16, trace=1, nelems=2, elem type=char)
ARR 117238 (sz=24, trace=1, nelems=2, elem type=[C@1153b8)
	[0]		117258
	[1]		117278
ARR 117258 (sz=16, trace=1, nelems=1, elem type=char)
ARR 117278 (sz=16, trace=1, nelems=2, elem type=char)
ARR 117298 (sz=24, trace=1, nelems=2, elem type=[C@1153b8)
	[0]		1172b8
	[1]		1172d8
ARR 1172b8 (sz=16, trace=1, nelems=1, elem type=char)
ARR 1172d8 (sz=16, trace=1, nelems=2, elem type=char)
ARR 1172f8 (sz=24, trace=1, nelems=2, elem type=[C@1153b8)
	[0]		117318
	[1]		117338
ARR 117318 (sz=16, trace=1, nelems=1, elem type=char)
ARR 117338 (sz=16, trace=1, nelems=2, elem type=char)
ARR 117358 (sz=24, trace=1, nelems=2, elem type=[C@1153b8)
	[0]		117378
	[1]		117398
ARR 117378 (sz=16, trace=1, nelems=1, elem type=char)
ARR 117398 (sz=16, trace=1, nelems=2, elem type=char)
ARR 1173b8 (sz=24, trace=1, nelems=2, elem type=[C@1153b8)
	[0]		1173d8
	[1]		1173f8
ARR 1173d8 (sz=16, trace=1, nelems=1, elem type=char)
ARR 1173f8 (sz=16, trace=1, nelems=2, elem type=char)
ARR 117418 (sz=24, trace=1, nelems=2, elem type=[C@1153b8)
	[0]		117438
	[1]		117458
ARR 117438 (sz=16, trace=1, nelems=1, elem type=char)
ARR 117458 (sz=16, trace=1, nelems=2, elem type=char)
ARR 117478 (sz=24, trace=1, nelems=2, elem type=[C@1153b8)
	[0]		117498
	[1]		1174b8
ARR 117498 (sz=16, trace=1, nelems=1, elem type=char)
ARR 1174b8 (sz=16, trace=1, nelems=2, elem type=char)
ARR 1174d8 (sz=24, trace=1, nelems=2, elem type=[C@1153b8)
	[0]		1174f8
	[1]		117518
ARR 1174f8 (sz=16, trace=1, nelems=1, elem type=char)
ARR 117518 (sz=16, trace=1, nelems=2, elem type=char)
ARR 117540 (sz=24, trace=1, nelems=2, elem type=[C@1153b8)
	[0]		117560
	[1]		117580
ARR 117560 (sz=16, trace=1, nelems=1, elem type=char)
ARR 117580 (sz=16, trace=1, nelems=2, elem type=char)
ARR 1175a0 (sz=24, trace=1, nelems=2, elem type=[C@1153b8)
	[0]		1175c0
	[1]		1175e0
ARR 1175c0 (sz=16, trace=1, nelems=1, elem type=char)
ARR 1175e0 (sz=16, trace=1, nelems=2, elem type=char)
ARR 117600 (sz=24, trace=1, nelems=2, elem type=[C@1153b8)
	[0]		117620
	[1]		117640
ARR 117620 (sz=16, trace=1, nelems=1, elem type=char)
ARR 117640 (sz=16, trace=1, nelems=2, elem type=char)
ARR 117660 (sz=24, trace=1, nelems=2, elem type=[C@1153b8)
	[0]		117680
	[1]		1176a0
ARR 117680 (sz=16, trace=1, nelems=1, elem type=char)
ARR 1176a0 (sz=16, trace=1, nelems=2, elem type=char)
ARR 1176c0 (sz=24, trace=1, nelems=2, elem type=[C@1153b8)
	[0]		1176e0
	[1]		117700
ARR 1176e0 (sz=16, trace=1, nelems=1, elem type=char)
ARR 117700 (sz=16, trace=1, nelems=2, elem type=char)
ARR 117720 (sz=24, trace=1, nelems=2, elem type=[C@1153b8)
	[0]		117740
	[1]		117760
ARR 117740 (sz=16, trace=1, nelems=1, elem type=char)
ARR 117760 (sz=16, trace=1, nelems=2, elem type=char)
ARR 117780 (sz=24, trace=1, nelems=2, elem type=[C@1153b8)
	[0]		1177a0
	[1]		1177c0
ARR 1177a0 (sz=16, trace=1, nelems=1, elem type=char)
ARR 1177c0 (sz=16, trace=1, nelems=2, elem type=char)
ARR 1177e0 (sz=24, trace=1, nelems=2, elem type=[C@1153b8)
	[0]		117800
	[1]		117820
ARR 117800 (sz=16, trace=1, nelems=1, elem type=char)
ARR 117820 (sz=16, trace=1, nelems=2, elem type=char)
ARR 117840 (sz=24, trace=1, nelems=2, elem type=[C@1153b8)
	[0]		117860
	[1]		117880
ARR 117860 (sz=16, trace=1, nelems=1, elem type=char)
ARR 117880 (sz=16, trace=1, nelems=2, elem type=char)
ARR 1178a0 (sz=24, trace=1, nelems=2, elem type=[C@1153b8)
	[0]		1178c0
	[1]		1178e0
ARR 1178c0 (sz=16, trace=1, nelems=1, elem type=char)
ARR 1178e0 (sz=16, trace=1, nelems=2, elem type=char)
ARR 117900 (sz=24, trace=1, nelems=2, elem type=[C@1153b8)
	[0]		117920
	[1]		117940
ARR 117920 (sz=16, trace=1, nelems=1, elem type=char)
ARR 117940 (sz=16, trace=1, nelems=2, elem type=char)
ARR 117960 (sz=24, trace=1, nelems=2, elem type=[C@1153b8)
	[0]		117980
	[1]		1179a0
ARR 117980 (sz=16, trace=1, nelems=1, elem type=char)
ARR 1179a0 (sz=16, trace=1, nelems=2, elem type=char)
ARR 1179c0 (sz=24, trace=1, nelems=2, elem type=[C@1153b8)
	[0]		1179e0
	[1]		117a00
ARR 1179e0 (sz=16, trace=1, nelems=1, elem type=char)
ARR 117a00 (sz=16, trace=1, nelems=2, elem type=char)
ARR 117a20 (sz=24, trace=1, nelems=2, elem type=[C@1153b8)
	[0]		117a40
	[1]		117a60
ARR 117a40 (sz=16, trace=1, nelems=1, elem type=char)
ARR 117a60 (sz=16, trace=1, nelems=2, elem type=char)
ARR 117a80 (sz=24, trace=1, nelems=2, elem type=[C@1153b8)
	[0]		117aa0
	[1]		117ac0
ARR 117aa0 (sz=16, trace=1, nelems=1, elem type=char)
ARR 117ac0 (sz=16, trace=1, nelems=2, elem type=char)
ARR 117ae0 (sz=24, trace=1, nelems=2, elem type=[C@1153b8)
	[0]		117b00
	[1]		117b20
ARR 117b00 (sz=16, trace=1, nelems=1, elem type=char)
ARR 117b20 (sz=16, trace=1, nelems=2, elem type=char)
ARR 117b40 (sz=24, trace=1, nelems=2, elem type=[C@1153b8)
	[0]		117b60
	[1]		117b80
ARR 117b60 (sz=16, trace=1, nelems=1, elem type=char)
ARR 117b80 (sz=16, trace=1, nelems=2, elem type=char)
ARR 117ba0 (sz=24, trace=1, nelems=2, elem type=[C@1153b8)
	[0]		117bc0
	[1]		117be0
ARR 117bc0 (sz=16, trace=1, nelems=1, elem type=char)
ARR 117be0 (sz=16, trace=1, nelems=2, elem type=char)
ARR 117c00 (sz=24, trace=1, nelems=2, elem type=[C@1153b8)
	[0]		117c20
	[1]		117c40
ARR 117c20 (sz=16, trace=1, nelems=1, elem type=char)
ARR 117c40 (sz=16, trace=1, nelems=2, elem type=char)
ARR 117c60 (sz=24, trace=1, nelems=2, elem type=[C@1153b8)
	[0]		117c80
	[1]		117ca0
ARR 117c80 (sz=16, trace=1, nelems=1, elem type=char)
ARR 117ca0 (sz=16, trace=1, nelems=2, elem type=char)
ARR 117cc0 (sz=24, trace=1, nelems=2, elem type=[C@1153b8)
	[0]		117ce0
	[1]		117d00
ARR 117ce0 (sz=16, trace=1, nelems=1, elem type=char)
ARR 117d00 (sz=16, trace=1, nelems=2, elem type=char)
ARR 117d20 (sz=24, trace=1, nelems=2, elem type=[C@1153b8)
	[0]		117d48
	[1]		117d68
ARR 117d48 (sz=16, trace=1, nelems=1, elem type=char)
ARR 117d68 (sz=16, trace=1, nelems=2, elem type=char)
ARR 117d88 (sz=24, trace=1, nelems=2, elem type=[C@1153b8)
	[0]		117da8
	[1]		117dc8
ARR 117da8 (sz=16, trace=1, nelems=1, elem type=char)
ARR 117dc8 (sz=16, trace=1, nelems=2, elem type=char)
ARR 117de8 (sz=24, trace=1, nelems=2, elem type=[C@1153b8)
	[0]		117e08
	[1]		117e28
ARR 117e08 (sz=16, trace=1, nelems=1, elem type=char)
ARR 117e28 (sz=16, trace=1, nelems=2, elem type=char)
ARR 117e48 (sz=24, trace=1, nelems=2, elem type=[C@1153b8)
	[0]		117e68
	[1]		117e88
ARR 117e68 (sz=16, trace=1, nelems=1, elem type=char)
ARR 117e88 (sz=16, trace=1, nelems=2, elem type=char)
ARR 117ea8 (sz=24, trace=1, nelems=2, elem type=[C@1153b8)
	[0]		117ec8
	[1]		117ee8
ARR 117ec8 (sz=16, trace=1, nelems=1, elem type=char)
ARR 117ee8 (sz=16, trace=1, nelems=2, elem type=char)
ARR 117f08 (sz=24, trace=1, nelems=2, elem type=[C@1153b8)
	[0]		117f28
	[1]		117f48
ARR 117f28 (sz=16, trace=1, nelems=1, elem type=char)
ARR 117f48 (sz=16, trace=1, nelems=2, elem type=char)
ARR 117f68 (sz=24, trace=1, nelems=2, elem type=[C@1153b8)
	[0]		117f88
	[1]		117fa8
ARR 117f88 (sz=16, trace=1, nelems=1, elem type=char)
ARR 117fa8 (sz=16, trace=1, nelems=2, elem type=char)
ARR 117fc8 (sz=24, trace=1, nelems=2, elem type=[C@1153b8)
	[0]		117fe8
	[1]		118008
ARR 117fe8 (sz=16, trace=1, nelems=1, elem type=char)
ARR 118008 (sz=16, trace=1, nelems=2, elem type=char)
ARR 118028 (sz=24, trace=1, nelems=2, elem type=[C@1153b8)
	[0]		118048
	[1]		118068
ARR 118048 (sz=16, trace=1, nelems=1, elem type=char)
ARR 118068 (sz=16, trace=1, nelems=2, elem type=char)
ARR 118088 (sz=24, trace=1, nelems=2, elem type=[C@1153b8)
	[0]		1180a8
	[1]		1180c8
ARR 1180a8 (sz=16, trace=1, nelems=1, elem type=char)
ARR 1180c8 (sz=16, trace=1, nelems=2, elem type=char)
ARR 1180e8 (sz=24, trace=1, nelems=2, elem type=[C@1153b8)
	[0]		118108
	[1]		118128
ARR 118108 (sz=16, trace=1, nelems=1, elem type=char)
ARR 118128 (sz=24, trace=1, nelems=3, elem type=char)
ARR 118148 (sz=24, trace=1, nelems=2, elem type=[C@1153b8)
	[0]		118168
	[1]		118188
ARR 118168 (sz=16, trace=1, nelems=1, elem type=char)
ARR 118188 (sz=16, trace=1, nelems=2, elem type=char)
ARR 1181a8 (sz=24, trace=1, nelems=2, elem type=[C@1153b8)
	[0]		1181c8
	[1]		1181e8
ARR 1181c8 (sz=16, trace=1, nelems=1, elem type=char)
ARR 1181e8 (sz=16, trace=1, nelems=2, elem type=char)
ARR 118208 (sz=24, trace=1, nelems=2, elem type=[C@1153b8)
	[0]		118228
	[1]		118248
ARR 118228 (sz=16, trace=1, nelems=1, elem type=char)
ARR 118248 (sz=16, trace=1, nelems=2, elem type=char)
ARR 118268 (sz=24, trace=1, nelems=2, elem type=[C@1153b8)
	[0]		118288
	[1]		1182a8
ARR 118288 (sz=16, trace=1, nelems=1, elem type=char)
ARR 1182a8 (sz=16, trace=1, nelems=2, elem type=char)
ARR 1182c8 (sz=24, trace=1, nelems=2, elem type=[C@1153b8)
	[0]		1182e8
	[1]		118308
ARR 1182e8 (sz=16, trace=1, nelems=1, elem type=char)
ARR 118308 (sz=16, trace=1, nelems=2, elem type=char)
ARR 118328 (sz=24, trace=1, nelems=2, elem type=[C@1153b8)
	[0]		118348
	[1]		118368
ARR 118348 (sz=16, trace=1, nelems=1, elem type=char)
ARR 118368 (sz=24, trace=1, nelems=3, elem type=char)
ARR 118388 (sz=24, trace=1, nelems=2, elem type=[C@1153b8)
	[0]		1183a8
	[1]		1183c8
ARR 1183a8 (sz=16, trace=1, nelems=1, elem type=char)
ARR 1183c8 (sz=16, trace=1, nelems=2, elem type=char)
ARR 1183e8 (sz=24, trace=1, nelems=2, elem type=[C@1153b8)
	[0]		118408
	[1]		118428
ARR 118408 (sz=16, trace=1, nelems=1, elem type=char)
ARR 118428 (sz=24, trace=1, nelems=3, elem type=char)
ARR 118448 (sz=24, trace=1, nelems=2, elem type=[C@1153b8)
	[0]		118468
	[1]		118488
ARR 118468 (sz=16, trace=1, nelems=1, elem type=char)
ARR 118488 (sz=24, trace=1, nelems=3, elem type=char)
ARR 1184a8 (sz=24, trace=1, nelems=2, elem type=[C@1153b8)
	[0]		1184c8
	[1]		1184e8
ARR 1184c8 (sz=16, trace=1, nelems=1, elem type=char)
ARR 1184e8 (sz=16, trace=1, nelems=2, elem type=char)
ARR 118508 (sz=24, trace=1, nelems=2, elem type=[C@1153b8)
	[0]		118528
	[1]		118550
ARR 118528 (sz=16, trace=1, nelems=1, elem type=char)
ARR 118550 (sz=24, trace=1, nelems=3, elem type=char)
ARR 118570 (sz=24, trace=1, nelems=2, elem type=[C@1153b8)
	[0]		118590
	[1]		1185b0
ARR 118590 (sz=16, trace=1, nelems=1, elem type=char)
ARR 1185b0 (sz=24, trace=1, nelems=3, elem type=char)
ARR 1185d0 (sz=24, trace=1, nelems=2, elem type=[C@1153b8)
	[0]		1185f0
	[1]		118610
ARR 1185f0 (sz=16, trace=1, nelems=1, elem type=char)
ARR 118610 (sz=24, trace=1, nelems=3, elem type=char)
ARR 118630 (sz=24, trace=1, nelems=2, elem type=[C@1153b8)
	[0]		118650
	[1]		118670
ARR 118650 (sz=16, trace=1, nelems=1, elem type=char)
ARR 118670 (sz=16, trace=1, nelems=2, elem type=char)
ARR 118690 (sz=24, trace=1, nelems=2, elem type=[C@1153b8)
	[0]		1186b0
	[1]		1186d0
ARR 1186b0 (sz=16, trace=1, nelems=1, elem type=char)
ARR 1186d0 (sz=16, trace=1, nelems=2, elem type=char)
ARR 1186f0 (sz=24, trace=1, nelems=2, elem type=[C@1153b8)
	[0]		118710
	[1]		118730
ARR 118710 (sz=16, trace=1, nelems=1, elem type=char)
ARR 118730 (sz=24, trace=1, nelems=3, elem type=char)
ARR 118750 (sz=24, trace=1, nelems=2, elem type=[C@1153b8)
	[0]		118770
	[1]		118790
ARR 118770 (sz=16, trace=1, nelems=1, elem type=char)
ARR 118790 (sz=16, trace=1, nelems=2, elem type=char)
ARR 1187b0 (sz=24, trace=1, nelems=2, elem type=[C@1153b8)
	[0]		1187d0
	[1]		1187f0
ARR 1187d0 (sz=16, trace=1, nelems=1, elem type=char)
ARR 1187f0 (sz=16, trace=1, nelems=2, elem type=char)
ARR 118810 (sz=24, trace=1, nelems=2, elem type=[C@1153b8)
	[0]		118830
	[1]		118850
ARR 118830 (sz=16, trace=1, nelems=1, elem type=char)
ARR 118850 (sz=16, trace=1, nelems=2, elem type=char)
ARR 118870 (sz=24, trace=1, nelems=2, elem type=[C@1153b8)
	[0]		118890
	[1]		1188b0
ARR 118890 (sz=16, trace=1, nelems=1, elem type=char)
ARR 1188b0 (sz=16, trace=1, nelems=2, elem type=char)
ARR 1188d0 (sz=24, trace=1, nelems=2, elem type=[C@1153b8)
	[0]		1188f0
	[1]		118910
ARR 1188f0 (sz=16, trace=1, nelems=1, elem type=char)
ARR 118910 (sz=24, trace=1, nelems=3, elem type=char)
ARR 118930 (sz=24, trace=1, nelems=2, elem type=[C@1153b8)
	[0]		118950
	[1]		118970
ARR 118950 (sz=16, trace=1, nelems=1, elem type=char)
ARR 118970 (sz=16, trace=1, nelems=2, elem type=char)
ARR 118990 (sz=24, trace=1, nelems=2, elem type=[C@1153b8)
	[0]		1189b0
	[1]		1189d0
ARR 1189b0 (sz=16, trace=1, nelems=1, elem type=char)
ARR 1189d0 (sz=16, trace=1, nelems=2, elem type=char)
ARR 1189f0 (sz=24, trace=1, nelems=2, elem type=[C@1153b8)
	[0]		118a10
	[1]		118a30
ARR 118a10 (sz=16, trace=1, nelems=1, elem type=char)
ARR 118a30 (sz=16, trace=1, nelems=2, elem type=char)
ARR 118a50 (sz=24, trace=1, nelems=2, elem type=[C@1153b8)
	[0]		118a70
	[1]		118a90
ARR 118a70 (sz=16, trace=1, nelems=1, elem type=char)
ARR 118a90 (sz=16, trace=1, nelems=2, elem type=char)
ARR 118ab0 (sz=24, trace=1, nelems=2, elem type=[C@1153b8)
	[0]		118ad0
	[1]		118af0
ARR 118ad0 (sz=16, trace=1, nelems=1, elem type=char)
ARR 118af0 (sz=24, trace=1, nelems=3, elem type=char)
ARR 118b10 (sz=24, trace=1, nelems=2, elem type=[C@1153b8)
	[0]		118b30
	[1]		118b50
ARR 118b30 (sz=16, trace=1, nelems=1, elem type=char)
ARR 118b50 (sz=24, trace=1, nelems=3, elem type=char)
ARR 118b70 (sz=24, trace=1, nelems=2, elem type=[C@1153b8)
	[0]		118b90
	[1]		118bb0
ARR 118b90 (sz=16, trace=1, nelems=1, elem type=char)
ARR 118bb0 (sz=16, trace=1, nelems=2, elem type=char)
ARR 118bd0 (sz=24, trace=1, nelems=2, elem type=[C@1153b8)
	[0]		118bf0
	[1]		118c10
ARR 118bf0 (sz=16, trace=1, nelems=1, elem type=char)
ARR 118c10 (sz=16, trace=1, nelems=2, elem type=char)
ARR 118c30 (sz=24, trace=1, nelems=2, elem type=[C@1153b8)
	[0]		118c50
	[1]		118c70
ARR 118c50 (sz=16, trace=1, nelems=1, elem type=char)
ARR 118c70 (sz=16, trace=1, nelems=2, elem type=char)
ARR 118c90 (sz=24, trace=1, nelems=2, elem type=[C@1153b8)
	[0]		118cb0
	[1]		118cd0
ARR 118cb0 (sz=16, trace=1, nelems=1, elem type=char)
ARR 118cd0 (sz=16, trace=1, nelems=2, elem type=char)
ARR 118cf0 (sz=24, trace=1, nelems=2, elem type=[C@1153b8)
	[0]		118d10
	[1]		118d30
ARR 118d10 (sz=16, trace=1, nelems=1, elem type=char)
ARR 118d30 (sz=16, trace=1, nelems=2, elem type=char)
ARR 118d58 (sz=24, trace=1, nelems=2, elem type=[C@1153b8)
	[0]		118d78
	[1]		118d98
ARR 118d78 (sz=16, trace=1, nelems=1, elem type=char)
ARR 118d98 (sz=16, trace=1, nelems=2, elem type=char)
ARR 118db8 (sz=24, trace=1, nelems=2, elem type=[C@1153b8)
	[0]		118dd8
	[1]		118df8
ARR 118dd8 (sz=16, trace=1, nelems=1, elem type=char)
ARR 118df8 (sz=16, trace=1, nelems=2, elem type=char)
ARR 118e18 (sz=2064, trace=1, nelems=2048, elem type=byte)
ARR 118e38 (sz=7728, trace=1, nelems=3856, elem type=short)
ARR 118e58 (sz=2728, trace=1, nelems=678, elem type=int)
OBJ 118e78 (sz=32, trace=1, class=java.util.TreeMap$Entry@115318)
	parent		118eb8
	value		1245c0
	key		124680
OBJ 118e98 (sz=32, trace=1, class=java.util.TreeMap$Entry@115318)
	parent		1193d8
	right		1192b8
	left		1193b8
	value		1245c0
	key		1246c0
OBJ 118eb8 (sz=32, trace=1, class=java.util.TreeMap$Entry@115318)
	parent		118fb8
	right		119338
	left		118e78
	value		1245c0
	key		124700
OBJ 118ed8 (sz=32, trace=1, class=java.util.TreeMap$Entry@115318)
	parent		119438
	value		1245c0
	key		124740
OBJ 118ef8 (sz=32, trace=1, class=java.util.TreeMap$Entry@115318)
	parent		1192d8
	left		1195e0
	value		1245c0
	key		124780
OBJ 118f18 (sz=32, trace=1, class=java.util.TreeMap$Entry@115318)
	parent		118f58
	right		119158
	left		119398
	value		1245c0
	key		1247c0
OBJ 118f38 (sz=32, trace=1, class=java.util.TreeMap$Entry@115318)
	parent		119338
	left		1196e0
	value		1245c0
	key		124800
OBJ 118f58 (sz=32, trace=1, class=java.util.TreeMap$Entry@115318)
	parent		115358
	right		118f18
	left		118fb8
	value		1245c0
	key		124840
OBJ 118f78 (sz=32, trace=1, class=java.util.TreeMap$Entry@115318)
	parent		119378
	value		1245c0
	key		124880
OBJ 118f98 (sz=32, trace=1, class=java.util.TreeMap$Entry@115318)
	parent		1193b8
	left		119660
	value		1245c0
	key		1248c0
OBJ 118fb8 (sz=32, trace=1, class=java.util.TreeMap$Entry@115318)
	parent		118f58
	right		118eb8
	left		119378
	value		1245c0
	key		124900
OBJ 118fd8 (sz=32, trace=1, class=java.util.TreeMap$Entry@115318)
	parent		119680
	value		1152f8
	key		1245c0
ARR 118ff8 (sz=16, trace=1, nelems=1, elem type=java.lang.String@7c438)
	[0]		124be0
OBJ 119018 (sz=32, trace=1, class=java.util.TreeMap$Entry@115318)
	parent		1191d8
	right		1196c0
	value		124ba0
	key		124b60
OBJ 119038 (sz=32, trace=1, class=java.util.TreeMap$Entry@115318)
	parent		115358
	right		119138
	left		1193d8
	value		124b60
	key		124be0
OBJ 119058 (sz=32, trace=1, class=java.util.TreeMap$Entry@115318)
	parent		119238
	right		119700
	value		118ff8
	key		124b60
ARR 119078 (sz=16, trace=1, nelems=1, elem type=java.lang.String@7c438)
	[0]		124c60
OBJ 119098 (sz=32, trace=1, class=java.util.TreeMap$Entry@115318)
	right		1191d8
	left		119498
	value		124c60
	key		124c20
OBJ 1190b8 (sz=32, trace=1, class=java.util.TreeMap$Entry@115318)
	parent		119138
	value		124c20
	key		124c60
OBJ 1190d8 (sz=32, trace=1, class=java.util.TreeMap$Entry@115318)
	right		119238
	left		119680
	value		119078
	key		124c20
ARR 1190f8 (sz=24, trace=1, nelems=3, elem type=java.lang.String@7c438)
	[0]		124ce8
	[1]		124d28
	[2]		124d68
OBJ 119118 (sz=32, trace=1, class=java.util.TreeMap$Entry@115318)
	parent		1191d8
	value		124ce8
	key		124ca8
OBJ 119138 (sz=32, trace=1, class=java.util.TreeMap$Entry@115318)
	parent		119038
	right		119178
	left		1190b8
	value		124ca8
	key		124ce8
OBJ 119158 (sz=32, trace=1, class=java.util.TreeMap$Entry@115318)
	parent		118f18
	right		119298
	left		119318
	value		124ca8
	key		124d28
OBJ 119178 (sz=32, trace=1, class=java.util.TreeMap$Entry@115318)
	parent		119138
	right		119218
	left		1191f8
	value		124ca8
	key		124d68
OBJ 119198 (sz=32, trace=1, class=java.util.TreeMap$Entry@115318)
	parent		119238
	value		1190f8
	key		124ca8
ARR 1191b8 (sz=24, trace=1, nelems=2, elem type=java.lang.String@7c438)
	[0]		124de8
	[1]		124e28
OBJ 1191d8 (sz=32, trace=1, class=java.util.TreeMap$Entry@115318)
	parent		119098
	right		119018
	left		119118
	value		124de8
	key		124da8
OBJ 1191f8 (sz=32, trace=1, class=java.util.TreeMap$Entry@115318)
	parent		119178
	value		124da8
	key		124de8
OBJ 119218 (sz=32, trace=1, class=java.util.TreeMap$Entry@115318)
	parent		119178
	value		124da8
	key		124e28
OBJ 119238 (sz=32, trace=1, class=java.util.TreeMap$Entry@115318)
	parent		1190d8
	right		119058
	left		119198
	value		1191b8
	key		124da8
ARR 119258 (sz=72, trace=1, nelems=14, elem type=java.lang.String@7c438)
	[0]		124ee8
	[1]		124f28
	[2]		124f68
	[3]		124fa8
	[4]		124fe8
	[5]		125028
	[6]		125068
	[7]		1250a8
	[8]		1250e8
	[9]		125128
	[10]		125168
	[11]		124ea8
	[12]		1251a8
	[13]		1251e8
OBJ 119278 (sz=32, trace=1, class=java.util.TreeMap$Entry@115318)
	parent		119498
	value		124ea8
	key		124e68
OBJ 119298 (sz=32, trace=1, class=java.util.TreeMap$Entry@115318)
	parent		119158
	left		1194f8
	value		124e68
	key		124ee8
OBJ 1192b8 (sz=32, trace=1, class=java.util.TreeMap$Entry@115318)
	parent		118e98
	right		1194b8
	value		124e68
	key		124f28
OBJ 1192d8 (sz=32, trace=1, class=java.util.TreeMap$Entry@115318)
	parent		1193d8
	right		118ef8
	left		1192f8
	value		124e68
	key		124f68
OBJ 1192f8 (sz=32, trace=1, class=java.util.TreeMap$Entry@115318)
	parent		1192d8
	right		1195c0
	left		1193f8
	value		124e68
	key		124fa8
OBJ 119318 (sz=32, trace=1, class=java.util.TreeMap$Entry@115318)
	parent		119158
	right		119538
	value		124e68
	key		124fe8
OBJ 119338 (sz=32, trace=1, class=java.util.TreeMap$Entry@115318)
	parent		118eb8
	right		119580
	left		118f38
	value		124e68
	key		125028
OBJ 119358 (sz=32, trace=1, class=java.util.TreeMap$Entry@115318)
	parent		119398
	right		119640
	left		119620
	value		124e68
	key		125068
OBJ 119378 (sz=32, trace=1, class=java.util.TreeMap$Entry@115318)
	parent		118fb8
	right		1194d8
	left		118f78
	value		124e68
	key		1250a8
OBJ 119398 (sz=32, trace=1, class=java.util.TreeMap$Entry@115318)
	parent		118f18
	right		119560
	left		119358
	value		124e68
	key		1250e8
OBJ 1193b8 (sz=32, trace=1, class=java.util.TreeMap$Entry@115318)
	parent		118e98
	right		118f98
	left		119438
	value		124e68
	key		125128
OBJ 1193d8 (sz=32, trace=1, class=java.util.TreeMap$Entry@115318)
	parent		119038
	right		1192d8
	left		118e98
	value		124e68
	key		125168
OBJ 1193f8 (sz=32, trace=1, class=java.util.TreeMap$Entry@115318)
	parent		1192f8
	value		124e68
	key		124ea8
OBJ 119418 (sz=32, trace=1, class=java.util.TreeMap$Entry@115318)
	parent		1194d8
	value		124e68
	key		1251a8
OBJ 119438 (sz=32, trace=1, class=java.util.TreeMap$Entry@115318)
	parent		1193b8
	right		119518
	left		118ed8
	value		124e68
	key		1251e8
OBJ 119458 (sz=32, trace=1, class=java.util.TreeMap$Entry@115318)
	parent		119680
	value		119258
	key		124e68
ARR 119478 (sz=72, trace=1, nelems=15, elem type=java.lang.String@7c438)
	[0]		1252a8
	[1]		1252e8
	[2]		125228
	[3]		1252a8
	[4]		125328
	[5]		125368
	[6]		1253a8
	[7]		1253e8
	[8]		125428
	[9]		125468
	[10]		1254b0
	[11]		1254f0
	[12]		125530
	[13]		125570
	[14]		1255b0
OBJ 119498 (sz=32, trace=1, class=java.util.TreeMap$Entry@115318)
	parent		119098
	right		115338
	left		119278
	value		125268
	key		125228
OBJ 1194b8 (sz=32, trace=1, class=java.util.TreeMap$Entry@115318)
	parent		1192b8
	value		125228
	key		1252a8
OBJ 1194d8 (sz=32, trace=1, class=java.util.TreeMap$Entry@115318)
	parent		119378
	right		1195a0
	left		119418
	value		125228
	key		1252e8
OBJ 1194f8 (sz=32, trace=1, class=java.util.TreeMap$Entry@115318)
	parent		119298
	value		125228
	key		125228
OBJ 119518 (sz=32, trace=1, class=java.util.TreeMap$Entry@115318)
	parent		119438
	value		125228
	key		125328
OBJ 119538 (sz=32, trace=1, class=java.util.TreeMap$Entry@115318)
	parent		119318
	value		125228
	key		125368
OBJ 119560 (sz=32, trace=1, class=java.util.TreeMap$Entry@115318)
	parent		119398
	value		125228
	key		1253a8
OBJ 119580 (sz=32, trace=1, class=java.util.TreeMap$Entry@115318)
	parent		119338
	value		125228
	key		1253e8
OBJ 1195a0 (sz=32, trace=1, class=java.util.TreeMap$Entry@115318)
	parent		1194d8
	value		125228
	key		125428
OBJ 1195c0 (sz=32, trace=1, class=java.util.TreeMap$Entry@115318)
	parent		1192f8
	left		119600
	value		125228
	key		125468
OBJ 1195e0 (sz=32, trace=1, class=java.util.TreeMap$Entry@115318)
	parent		118ef8
	value		125228
	key		1254b0
OBJ 119600 (sz=32, trace=1, class=java.util.TreeMap$Entry@115318)
	parent		1195c0
	value		125228
	key		1254f0
OBJ 119620 (sz=32, trace=1, class=java.util.TreeMap$Entry@115318)
	parent		119358
	value		125228
	key		125530
OBJ 119640 (sz=32, trace=1, class=java.util.TreeMap$Entry@115318)
	parent		119358
	value		125228
	key		125570
OBJ 119660 (sz=32, trace=1, class=java.util.TreeMap$Entry@115318)
	parent		118f98
	value		125228
	key		1255b0
OBJ 119680 (sz=32, trace=1, class=java.util.TreeMap$Entry@115318)
	parent		1190d8
	right		118fd8
	left		119458
	value		119478
	key		125228
ARR 1196a0 (sz=16, trace=1, nelems=1, elem type=java.lang.String@7c438)
	[0]		125670
OBJ 1196c0 (sz=32, trace=1, class=java.util.TreeMap$Entry@115318)
	parent		119018
	value		125630
	key		1255f0
OBJ 1196e0 (sz=32, trace=1, class=java.util.TreeMap$Entry@115318)
	parent		118f38
	value		1255f0
	key		125670
OBJ 119700 (sz=32, trace=1, class=java.util.TreeMap$Entry@115318)
	parent		119058
	value		1196a0
	key		1255f0
OBJ 119720 (sz=32, trace=1, class=java.lang.ref.SoftReference@1151d8)
	queue		112a30
	referent	115238
OBJ 119760 (sz=16, trace=1, class=java.lang.ThreadLocal@119740)
OBJ 1197a0 (sz=24, trace=1, class=java.lang.StringBuffer@119780)
	value		1197c0
ARR 1197c0 (sz=56, trace=1, nelems=20, elem type=char)
ARR 119800 (sz=16, trace=1, nelems=1, elem type=java.lang.reflect.Constructor@1197e0)
	[0]		119840
ARR 119820 (sz=16, trace=1, nelems=0, elem type=java.lang.Class@7c3d8)
OBJ 119840 (sz=48, trace=1, class=java.lang.reflect.Constructor@1197e0)
	constructorAccessor	119940
	exceptionTypes	7c3f8
	parameterTypes	119820
	clazz		119960
OBJ 119860 (sz=32, trace=1, class=java.lang.ref.SoftReference@1151d8)
	queue		112a30
	referent	119800
OBJ 1198a0 (sz=8, trace=1, class=java.lang.reflect.ReflectAccess@119880)
OBJ 1198c0 (sz=48, trace=1, class=java.lang.reflect.Constructor@1197e0)
	root		119840
	constructorAccessor	119940
	exceptionTypes	7c3f8
	parameterTypes	119820
	clazz		119960
OBJ 119900 (sz=24, trace=1, class=sun.reflect.NativeConstructorAccessorImpl@1198e0)
	parent		119940
	c		1198c0
OBJ 119940 (sz=16, trace=1, class=sun.reflect.DelegatingConstructorAccessorImpl@119920)
	delegate	119900
OBJ 119980 (sz=24, trace=1, class=sun.nio.cs.ISO_8859_1@119960)
	aliases		119258
	name		124e68
OBJ 1199a0 (sz=32, trace=1, class=java.lang.ref.SoftReference@1151d8)
	queue		112a30
	referent	119980
OBJ 1199c0 (sz=32, trace=1, class=java.util.TreeMap$Entry@115318)
	value		1199a0
	key		124e68
OBJ 119a00 (sz=56, trace=1, class=sun.nio.cs.StreamEncoder$CharsetSE@1199e0)
	out		114f68
	bb		11a548
	encoder		119a60
	cs		119980
	lock		115198
ARR 119a20 (sz=32, trace=1, nelems=4, elem type=java.lang.String@7c438)
	[0]		1261d8
	[1]		126218
	[2]		126258
	[3]		126298
OBJ 119a60 (sz=48, trace=1, class=sun.nio.cs.ISO_8859_1$Encoder@119a40)
	sgp		119d40
	cachedDecoder	119b60
	unmappableCharacterAction	119ae0
	malformedInputAction	119ae0
	replacement	119a80
	charset		119980
ARR 119a80 (sz=16, trace=1, nelems=1, elem type=byte)
OBJ 119ac0 (sz=16, trace=1, class=java.nio.charset.CodingErrorAction@119aa0)
	name		126338
OBJ 119ae0 (sz=16, trace=1, class=java.nio.charset.CodingErrorAction@119aa0)
	name		126378
OBJ 119b00 (sz=16, trace=1, class=java.nio.charset.CodingErrorAction@119aa0)
	name		1263b8
ARR 119b20 (sz=32, trace=1, nelems=4, elem type=java.lang.String@7c438)
	[0]		1261d8
	[1]		126218
	[2]		126258
	[3]		126298
OBJ 119b60 (sz=24, trace=1, class=java.lang.ref.WeakReference@119b40)
	next		119b60
	queue		112a30
OBJ 119ba0 (sz=8, trace=1, class=sun.misc.Unsafe@119b80)
OBJ 119be0 (sz=16, trace=1, class=java.nio.ByteOrder@119bc0)
	name		1268a0
OBJ 119c00 (sz=16, trace=1, class=java.nio.ByteOrder@119bc0)
	name		1268e0
ARR 119c20 (sz=32, trace=1, nelems=4, elem type=java.lang.String@7c438)
	[0]		126b80
	[1]		126bc0
	[2]		126c00
	[3]		126c40
OBJ 119c60 (sz=16, trace=1, class=java.nio.charset.CoderResult@119c40)
OBJ 119c80 (sz=16, trace=1, class=java.nio.charset.CoderResult@119c40)
OBJ 119cc0 (sz=16, trace=1, class=java.nio.charset.CoderResult$1@119ca0)
OBJ 119d00 (sz=16, trace=1, class=java.nio.charset.CoderResult$2@119ce0)
OBJ 119d40 (sz=24, trace=1, class=sun.nio.cs.Surrogate$Parser@119d20)
	error		119c60
OBJ 11a548 (sz=48, trace=1, class=java.nio.HeapByteBuffer@11a528)
	hb		11a568
ARR 11a568 (sz=8208, trace=1, nelems=8192, elem type=byte)
OBJ 11a5a8 (sz=40, trace=1, class=java.io.BufferedWriter@11a588)
	lineSeparator	1138d8
	cb		11a5c8
	out		115198
	lock		115198
ARR 11a5c8 (sz=16400, trace=1, nelems=8192, elem type=char)
OBJ 11a5e8 (sz=24, trace=1, class=java.io.PrintStream@114f48)
	charOut		11a648
	textOut		11a748
	out		11a608
OBJ 11a608 (sz=24, trace=1, class=java.io.BufferedOutputStream@114f88)
	buf		11a628
	out		114ea8
ARR 11a628 (sz=144, trace=1, nelems=128, elem type=byte)
OBJ 11a648 (sz=24, trace=1, class=java.io.OutputStreamWriter@115178)
	se		11a668
	lock		11a5e8
OBJ 11a668 (sz=56, trace=1, class=sun.nio.cs.StreamEncoder$CharsetSE@1199e0)
	out		11a5e8
	bb		11a708
	encoder		11a688
	cs		119980
	lock		11a648
OBJ 11a688 (sz=48, trace=1, class=sun.nio.cs.ISO_8859_1$Encoder@119a40)
	sgp		11a6e8
	cachedDecoder	11a6c8
	unmappableCharacterAction	119ae0
	malformedInputAction	119ae0
	replacement	11a6a8
	charset		119980
ARR 11a6a8 (sz=16, trace=1, nelems=1, elem type=byte)
OBJ 11a6c8 (sz=24, trace=1, class=java.lang.ref.WeakReference@119b40)
	next		11a6c8
	queue		112a30
OBJ 11a6e8 (sz=24, trace=1, class=sun.nio.cs.Surrogate$Parser@119d20)
	error		119c60
OBJ 11a708 (sz=48, trace=1, class=java.nio.HeapByteBuffer@11a528)
	hb		11a728
ARR 11a728 (sz=8208, trace=1, nelems=8192, elem type=byte)
OBJ 11a748 (sz=40, trace=1, class=java.io.BufferedWriter@11a588)
	lineSeparator	1138d8
	cb		11a768
	out		11a648
	lock		11a648
ARR 11a768 (sz=16400, trace=1, nelems=8192, elem type=char)
ARR 11a7a8 (sz=16, trace=1, nelems=0, elem type=java.util.logging.Handler@11a788)
OBJ 11a7e8 (sz=24, trace=1, class=java.util.ArrayList@11a7c8)
	elementData	11a808
ARR 11a808 (sz=56, trace=1, nelems=10, elem type=java.lang.Object@1127f0)
	[0]		11a848
	[1]		11a868
	[2]		11a888
	[3]		11a8a8
	[4]		11a8c8
	[5]		11a8e8
	[6]		11a908
	[7]		11a928
	[8]		11a948
OBJ 11a848 (sz=24, trace=1, class=java.util.logging.Level@11a828)
	resourceBundleName	127590
	name		1275d0
OBJ 11a868 (sz=24, trace=1, class=java.util.logging.Level@11a828)
	resourceBundleName	127590
	name		127650
OBJ 11a888 (sz=24, trace=1, class=java.util.logging.Level@11a828)
	resourceBundleName	127590
	name		127690
OBJ 11a8a8 (sz=24, trace=1, class=java.util.logging.Level@11a828)
	resourceBundleName	127590
	name		1276d0
OBJ 11a8c8 (sz=24, trace=1, class=java.util.logging.Level@11a828)
	resourceBundleName	127590
	name		127710
OBJ 11a8e8 (sz=24, trace=1, class=java.util.logging.Level@11a828)
	resourceBundleName	127590
	name		127750
OBJ 11a908 (sz=24, trace=1, class=java.util.logging.Level@11a828)
	resourceBundleName	127590
	name		127790
OBJ 11a928 (sz=24, trace=1, class=java.util.logging.Level@11a828)
	resourceBundleName	127590
	name		1277d0
OBJ 11a948 (sz=24, trace=1, class=java.util.logging.Level@11a828)
	resourceBundleName	127590
	name		127810
OBJ 11a988 (sz=40, trace=1, class=java.util.logging.LogManager@11a968)
	ourPermission	11aaa8
	rootLogger	11b8f8
	root		11aa68
	loggers		11aa08
	changes		11a9c8
	props		11bb18
OBJ 11a9c8 (sz=24, trace=1, class=java.beans.PropertyChangeSupport@11a9a8)
	source		11a968
OBJ 11aa08 (sz=40, trace=1, class=java.util.Hashtable@11a9e8)
	table		11aa28
ARR 11aa28 (sz=56, trace=1, nelems=11, elem type=java.util.Hashtable$Entry@1130b8)
	[0]		11b918
	[4]		11b838
OBJ 11aa68 (sz=24, trace=1, class=java.util.logging.LogManager$LogNode@11aa48)
	logger		11b8f8
	children	11b858
OBJ 11aaa8 (sz=24, trace=1, class=java.util.logging.LoggingPermission@11aa88)
	path		127a90
	name		127a90
OBJ 11aae8 (sz=8, trace=1, class=java.lang.Runtime@11aac8)
OBJ 11ab28 (sz=80, trace=1, class=java.util.logging.LogManager$Cleaner@11ab08)
	this$0		11a988
	inheritedAccessControlContext	112730
	group		1125f0
	name		11abe8
ARR 11ab48 (sz=88, trace=1, nelems=36, elem type=char)
ARR 11ab68 (sz=216, trace=1, nelems=100, elem type=char)
ARR 11ab88 (sz=216, trace=1, nelems=100, elem type=char)
OBJ 11abc8 (sz=16, trace=1, class=java.lang.Integer$1@11aba8)
ARR 11abe8 (sz=32, trace=1, nelems=8, elem type=char)
OBJ 11ac28 (sz=8, trace=1, class=java.lang.Shutdown$Lock@11ac08)
OBJ 11ac48 (sz=8, trace=1, class=java.lang.Object@1127f0)
OBJ 11ac88 (sz=16, trace=1, class=java.util.HashSet@11ac68)
	map		11aca8
OBJ 11aca8 (sz=40, trace=1, class=java.util.HashMap@112d50)
	table		11acc8
ARR 11acc8 (sz=80, trace=1, nelems=16, elem type=java.util.HashMap$Entry@112d90)
	[15]		11b4b8
OBJ 11ad08 (sz=16, trace=1, class=java.lang.Shutdown$WrappedHook@11ace8)
	hook		11ab28
OBJ 11b4b8 (sz=24, trace=1, class=java.util.HashMap$Entry@112d90)
	value		11ac48
	key		11ad08
OBJ 11b4f8 (sz=8, trace=1, class=java.lang.Terminator$1@11b4d8)
OBJ 11b518 (sz=40, trace=1, class=java.util.Hashtable@11a9e8)
	table		11b538
ARR 11b538 (sz=32, trace=1, nelems=4, elem type=java.util.Hashtable$Entry@1130b8)
	[1]		11b638
	[2]		11b718
	[3]		11b798
OBJ 11b558 (sz=40, trace=1, class=java.util.Hashtable@11a9e8)
	table		11b578
ARR 11b578 (sz=32, trace=1, nelems=4, elem type=java.util.Hashtable$Entry@1130b8)
	[1]		11b618
	[2]		11b6f8
	[3]		11b778
OBJ 11b5b8 (sz=16, trace=1, class=sun.misc.Signal@11b598)
	name		1284e0
OBJ 11b5f8 (sz=16, trace=1, class=java.lang.Integer@11b5d8)
OBJ 11b618 (sz=24, trace=1, class=java.util.Hashtable$Entry@1130b8)
	value		11b5b8
	key		11b5f8
OBJ 11b638 (sz=24, trace=1, class=java.util.Hashtable$Entry@1130b8)
	value		11b4f8
	key		11b5b8
OBJ 11b678 (sz=16, trace=1, class=sun.misc.NativeSignalHandler@11b658)
OBJ 11b698 (sz=16, trace=1, class=sun.misc.NativeSignalHandler@11b658)
OBJ 11b6b8 (sz=16, trace=1, class=sun.misc.Signal@11b598)
	name		1285a0
OBJ 11b6d8 (sz=16, trace=1, class=java.lang.Integer@11b5d8)
OBJ 11b6f8 (sz=24, trace=1, class=java.util.Hashtable$Entry@1130b8)
	value		11b6b8
	key		11b6d8
OBJ 11b718 (sz=24, trace=1, class=java.util.Hashtable$Entry@1130b8)
	value		11b4f8
	key		11b6b8
OBJ 11b738 (sz=16, trace=1, class=sun.misc.Signal@11b598)
	name		1285e0
OBJ 11b758 (sz=16, trace=1, class=java.lang.Integer@11b5d8)
OBJ 11b778 (sz=24, trace=1, class=java.util.Hashtable$Entry@1130b8)
	value		11b738
	key		11b758
OBJ 11b798 (sz=24, trace=1, class=java.util.Hashtable$Entry@1130b8)
	value		11b4f8
	key		11b738
ARR 11b7b8 (sz=16, trace=1, nelems=0, elem type=java.util.logging.Handler@11a788)
OBJ 11b7d8 (sz=8, trace=1, class=java.lang.Object@1127f0)
OBJ 11b818 (sz=64, trace=1, class=java.util.logging.Logger@11b7f8)
	parent		11b8f8
	name		1287a0
	manager		11a988
OBJ 11b838 (sz=24, trace=1, class=java.util.Hashtable$Entry@1130b8)
	value		11b818
	key		1287a0
OBJ 11b858 (sz=40, trace=1, class=java.util.HashMap@112d50)
	table		11b878
	values		11b958
ARR 11b878 (sz=80, trace=1, nelems=16, elem type=java.util.HashMap$Entry@112d90)
	[1]		11b8b8
OBJ 11b898 (sz=24, trace=1, class=java.util.logging.LogManager$LogNode@11aa48)
	parent		11aa68
	logger		11b818
OBJ 11b8b8 (sz=24, trace=1, class=java.util.HashMap$Entry@112d90)
	value		11b898
	key		1287a0
OBJ 11b8f8 (sz=64, trace=1, class=java.util.logging.LogManager$RootLogger@11b8d8)
	this$0		11a988
	levelObject	11a8a8
	kids		11b978
	name		121d58
	manager		11a988
OBJ 11b918 (sz=24, trace=1, class=java.util.Hashtable$Entry@1130b8)
	value		11b8f8
	key		121d58
OBJ 11b958 (sz=16, trace=1, class=java.util.HashMap$Values@11b938)
	this$0		11b858
OBJ 11b978 (sz=24, trace=1, class=java.util.ArrayList@11a7c8)
	elementData	11b998
ARR 11b998 (sz=24, trace=1, nelems=2, elem type=java.lang.Object@1127f0)
	[0]		11b9b8
OBJ 11b9b8 (sz=24, trace=1, class=java.lang.ref.WeakReference@119b40)
	queue		112a30
	referent	11b818
OBJ 11b9f8 (sz=16, trace=1, class=java.io.UnixFileSystem@11b9d8)
ARR 11ba18 (sz=48, trace=1, nelems=16, elem type=char)
OBJ 11ba38 (sz=24, trace=1, class=java.lang.String@7c438)
	value		11ba18
ARR 11ba58 (sz=48, trace=1, nelems=16, elem type=char)
OBJ 11ba78 (sz=24, trace=1, class=java.lang.String@7c438)
	value		11ba58
OBJ 11ba98 (sz=8, trace=1, class=java.lang.Object@1127f0)
ARR 11bab8 (sz=16, trace=1, nelems=13, elem type=int)
OBJ 11bb18 (sz=48, trace=1, class=java.util.Properties@112c50)
	table		11c2a0
ARR 11bb38 (sz=24, trace=1, nelems=2, elem type=java.lang.Object@1127f0)
	[0]		1251a8
	[1]		119980
ARR 11bb58 (sz=32, trace=1, nelems=8, elem type=char)
OBJ 11bb78 (sz=24, trace=1, class=java.lang.String@7c438)
	value		11bb58
ARR 11bb98 (sz=80, trace=1, nelems=32, elem type=char)
OBJ 11bbb8 (sz=24, trace=1, class=java.lang.String@7c438)
	value		11bb98
OBJ 11bbd8 (sz=24, trace=1, class=java.util.Hashtable$Entry@1130b8)
	value		11bbb8
	key		11bb78
ARR 11bbf8 (sz=24, trace=1, nelems=6, elem type=char)
OBJ 11bc18 (sz=24, trace=1, class=java.lang.String@7c438)
	value		11bbf8
ARR 11bc38 (sz=24, trace=1, nelems=4, elem type=char)
OBJ 11bc58 (sz=24, trace=1, class=java.lang.String@7c438)
	value		11bc38
OBJ 11bc78 (sz=24, trace=1, class=java.util.Hashtable$Entry@1130b8)
	value		11bc58
	key		11bc18
ARR 11bc98 (sz=88, trace=1, nelems=37, elem type=char)
OBJ 11be80 (sz=24, trace=1, class=java.lang.String@7c438)
	value		11bc98
ARR 11bea0 (sz=40, trace=1, nelems=13, elem type=char)
OBJ 11bec0 (sz=24, trace=1, class=java.lang.String@7c438)
	value		11bea0
OBJ 11bee0 (sz=24, trace=1, class=java.util.Hashtable$Entry@1130b8)
	value		11bec0
	key		11be80
ARR 11bf00 (sz=88, trace=1, nelems=35, elem type=char)
OBJ 11bf20 (sz=24, trace=1, class=java.lang.String@7c438)
	value		11bf00
ARR 11bf40 (sz=24, trace=1, nelems=5, elem type=char)
OBJ 11bf60 (sz=24, trace=1, class=java.lang.String@7c438)
	value		11bf40
OBJ 11bf80 (sz=24, trace=1, class=java.util.Hashtable$Entry@1130b8)
	value		11bf60
	key		11bf20
ARR 11bfa0 (sz=88, trace=1, nelems=35, elem type=char)
OBJ 11bfc0 (sz=24, trace=1, class=java.lang.String@7c438)
	value		11bfa0
ARR 11bfe0 (sz=16, trace=1, nelems=1, elem type=char)
OBJ 11c000 (sz=24, trace=1, class=java.lang.String@7c438)
	value		11bfe0
OBJ 11c020 (sz=24, trace=1, class=java.util.Hashtable$Entry@1130b8)
	value		11c000
	key		11bfc0
ARR 11c040 (sz=96, trace=1, nelems=39, elem type=char)
OBJ 11c060 (sz=24, trace=1, class=java.lang.String@7c438)
	value		11c040
ARR 11c080 (sz=72, trace=1, nelems=30, elem type=char)
OBJ 11c0a0 (sz=24, trace=1, class=java.lang.String@7c438)
	value		11c080
OBJ 11c0c0 (sz=24, trace=1, class=java.util.Hashtable$Entry@1130b8)
	next		11c160
	value		11c0a0
	key		11c060
ARR 11c0e0 (sz=88, trace=1, nelems=38, elem type=char)
OBJ 11c100 (sz=24, trace=1, class=java.lang.String@7c438)
	value		11c0e0
ARR 11c120 (sz=24, trace=1, nelems=4, elem type=char)
OBJ 11c140 (sz=24, trace=1, class=java.lang.String@7c438)
	value		11c120
OBJ 11c160 (sz=24, trace=1, class=java.util.Hashtable$Entry@1130b8)
	value		11c140
	key		11c100
ARR 11c180 (sz=96, trace=1, nelems=42, elem type=char)
OBJ 11c1a0 (sz=24, trace=1, class=java.lang.String@7c438)
	value		11c180
ARR 11c1c0 (sz=80, trace=1, nelems=33, elem type=char)
OBJ 11c1e0 (sz=24, trace=1, class=java.lang.String@7c438)
	value		11c1c0
OBJ 11c200 (sz=24, trace=1, class=java.util.Hashtable$Entry@1130b8)
	value		11c1e0
	key		11c1a0
ARR 11c220 (sz=48, trace=1, nelems=17, elem type=char)
OBJ 11c240 (sz=24, trace=1, class=java.lang.String@7c438)
	value		11c220
ARR 11c260 (sz=24, trace=1, nelems=6, elem type=char)
OBJ 11c280 (sz=24, trace=1, class=java.lang.String@7c438)
	value		11c260
ARR 11c2a0 (sz=104, trace=1, nelems=23, elem type=java.util.Hashtable$Entry@1130b8)
	[8]		11bee0
	[9]		11c0c0
	[11]		11c2c0
	[15]		11c020
	[17]		11bbd8
	[19]		11c200
	[20]		11bf80
	[21]		11bc78
OBJ 11c2c0 (sz=24, trace=1, class=java.util.Hashtable$Entry@1130b8)
	value		11c280
	key		11c240
ARR 11c2e0 (sz=32, trace=1, nelems=4, elem type=java.lang.String@7c438)
	[0]		11c300
	[1]		11c320
	[2]		11c340
	[3]		11c360
OBJ 11c300 (sz=24, trace=1, class=java.lang.String@7c438)
	value		114ac8
OBJ 11c320 (sz=24, trace=1, class=java.lang.String@7c438)
	value		114ac8
OBJ 11c340 (sz=24, trace=1, class=java.lang.String@7c438)
	value		114ac8
OBJ 11c360 (sz=24, trace=1, class=java.lang.String@7c438)
	value		114ac8
ARR 11c380 (sz=16, trace=1, nelems=1, elem type=java.lang.String@7c438)
	[0]		114a48
OBJ 11c3c0 (sz=16, trace=1, class=java.lang.Boolean@11c3a0)
OBJ 11c3e0 (sz=16, trace=1, class=java.lang.Boolean@11c3a0)
ARR 11c400 (sz=192, trace=1, nelems=90, elem type=char)
OBJ 11c420 (sz=24, trace=1, class=java.lang.String@7c438)
	value		11c400
OBJ 11c460 (sz=32, trace=1, class=java.lang.ClassLoader$NativeLibrary@11c440)
	name		11c420
	fromClass	11eb18
OBJ 11c480 (sz=32, trace=1, class=java.lang.ref.Finalizer@114d88)
	next		114ec8
	queue		112af0
	referent	11c460
ARR 11c4a0 (sz=40, trace=1, nelems=13, elem type=int)
ARR 11c4e0 (sz=32, trace=1, nelems=10, elem type=char)
OBJ 11c500 (sz=24, trace=1, class=java.lang.String@7c438)
	value		11c4e0
OBJ 11c540 (sz=8, trace=1, class=sun.misc.Launcher$Factory@11c520)
OBJ 11c580 (sz=16, trace=1, class=sun.misc.Launcher@11c560)
	loader		11d3c0
ARR 11c5c0 (sz=16, trace=1, nelems=1, elem type=java.io.File@11c5a0)
	[0]		11c5e0
OBJ 11c5e0 (sz=16, trace=1, class=java.io.File@11c5a0)
	path		114908
OBJ 11c620 (sz=72, trace=1, class=sun.misc.Launcher$ExtClassLoader@11c600)
	dirs		11c5c0
	acc		11d320
	ucp		11d0e0
	pdcache		11cfd0
	nativeLibraries	11cf90
	packages	11cf50
	domains		11cef0
	classes		11ceb0
	package2certs	11ce70
ARR 11c640 (sz=272, trace=1, nelems=256, elem type=byte)
OBJ 11c810 (sz=16, trace=1, class=java.util.BitSet@11c660)
	bits		11c830
ARR 11c830 (sz=48, trace=1, nelems=4, elem type=long)
ARR 11c850 (sz=296, trace=1, nelems=142, elem type=char)
OBJ 11c870 (sz=24, trace=1, class=java.lang.String@7c438)
	value		11c850
OBJ 11c890 (sz=40, trace=1, class=java.util.Hashtable@11a9e8)
	table		11c8b0
ARR 11c8b0 (sz=56, trace=1, nelems=11, elem type=java.util.Hashtable$Entry@1130b8)
	[6]		11cd30
OBJ 11c8d0 (sz=8, trace=1, class=java.lang.Object@1127f0)
OBJ 11c910 (sz=56, trace=1, class=java.net.URL@11c8f0)
	handler		11cd10
	path		11c870
	authority	121d58
	file		11c870
	host		121d58
	protocol	12a5a0
OBJ 11c950 (sz=24, trace=1, class=java.util.Locale@11c930)
	variant		121d58
	country		121d58
	language	12a820
OBJ 11c970 (sz=24, trace=1, class=java.util.Locale@11c930)
	variant		121d58
	country		121d58
	language	12a920
OBJ 11c990 (sz=24, trace=1, class=java.util.Locale@11c930)
	variant		121d58
	country		121d58
	language	12a960
OBJ 11c9b0 (sz=24, trace=1, class=java.util.Locale@11c930)
	variant		121d58
	country		121d58
	language	12a9a0
OBJ 11c9d0 (sz=24, trace=1, class=java.util.Locale@11c930)
	variant		121d58
	country		121d58
	language	12a9e0
OBJ 11c9f0 (sz=24, trace=1, class=java.util.Locale@11c930)
	variant		121d58
	country		121d58
	language	12aa20
OBJ 11ca10 (sz=24, trace=1, class=java.util.Locale@11c930)
	variant		121d58
	country		121d58
	language	12aa60
OBJ 11ca30 (sz=24, trace=1, class=java.util.Locale@11c930)
	variant		121d58
	country		12aaa0
	language	12aa60
OBJ 11ca50 (sz=24, trace=1, class=java.util.Locale@11c930)
	variant		121d58
	country		12aae0
	language	12aa60
OBJ 11ca70 (sz=24, trace=1, class=java.util.Locale@11c930)
	variant		121d58
	country		12ab20
	language	12a920
OBJ 11ca90 (sz=24, trace=1, class=java.util.Locale@11c930)
	variant		121d58
	country		12ab60
	language	12a960
OBJ 11cab0 (sz=24, trace=1, class=java.util.Locale@11c930)
	variant		121d58
	country		12aba0
	language	12a9a0
OBJ 11cad0 (sz=24, trace=1, class=java.util.Locale@11c930)
	variant		121d58
	country		12abe0
	language	12a9e0
OBJ 11caf0 (sz=24, trace=1, class=java.util.Locale@11c930)
	variant		121d58
	country		12ac20
	language	12aa20
OBJ 11cb10 (sz=24, trace=1, class=java.util.Locale@11c930)
	variant		121d58
	country		12aaa0
	language	12aa60
OBJ 11cb30 (sz=24, trace=1, class=java.util.Locale@11c930)
	variant		121d58
	country		12aaa0
	language	12aa60
OBJ 11cb50 (sz=24, trace=1, class=java.util.Locale@11c930)
	variant		121d58
	country		12aae0
	language	12aa60
OBJ 11cb70 (sz=24, trace=1, class=java.util.Locale@11c930)
	variant		121d58
	country		12ac60
	language	12a820
OBJ 11cb90 (sz=24, trace=1, class=java.util.Locale@11c930)
	variant		121d58
	country		12aca0
	language	12a820
OBJ 11cbb0 (sz=24, trace=1, class=java.util.Locale@11c930)
	variant		121d58
	country		12ace8
	language	12a820
OBJ 11cbd0 (sz=24, trace=1, class=java.util.Locale@11c930)
	variant		121d58
	country		12ace8
	language	12a920
OBJ 11cbf0 (sz=24, trace=1, class=java.util.Locale@11c930)
	variant		121d58
	country		12aca0
	language	12a820
ARR 11cc10 (sz=16, trace=1, nelems=1, elem type=java.lang.reflect.Constructor@1197e0)
	[0]		11cc50
ARR 11cc30 (sz=16, trace=1, nelems=0, elem type=java.lang.Class@7c3d8)
OBJ 11cc50 (sz=48, trace=1, class=java.lang.reflect.Constructor@1197e0)
	constructorAccessor	11ccd0
	exceptionTypes	7c3f8
	parameterTypes	11cc30
	clazz		11ccf0
OBJ 11cc70 (sz=32, trace=1, class=java.lang.ref.SoftReference@1151d8)
	queue		112a30
	referent	11cc10
OBJ 11cc90 (sz=48, trace=1, class=java.lang.reflect.Constructor@1197e0)
	root		11cc50
	constructorAccessor	11ccd0
	exceptionTypes	7c3f8
	parameterTypes	11cc30
	clazz		11ccf0
OBJ 11ccb0 (sz=24, trace=1, class=sun.reflect.NativeConstructorAccessorImpl@1198e0)
	parent		11ccd0
	c		11cc90
OBJ 11ccd0 (sz=16, trace=1, class=sun.reflect.DelegatingConstructorAccessorImpl@119920)
	delegate	11ccb0
OBJ 11cd10 (sz=8, trace=1, class=sun.net.www.protocol.file.Handler@11ccf0)
OBJ 11cd30 (sz=24, trace=1, class=java.util.Hashtable$Entry@1130b8)
	value		11cd10
	key		12a5a0
ARR 11cd50 (sz=296, trace=1, nelems=142, elem type=char)
OBJ 11cd70 (sz=24, trace=1, class=java.lang.String@7c438)
	value		11cd50
OBJ 11cd90 (sz=56, trace=1, class=java.net.URL@11c8f0)
	handler		11cd10
	path		11cd70
	authority	121d58
	file		11cd70
	host		121d58
	protocol	12a5a0
ARR 11cdb0 (sz=296, trace=1, nelems=142, elem type=char)
OBJ 11cdd0 (sz=24, trace=1, class=java.lang.String@7c438)
	value		11cdb0
OBJ 11cdf0 (sz=56, trace=1, class=java.net.URL@11c8f0)
	handler		11cd10
	path		11cdd0
	authority	121d58
	file		11cdd0
	host		121d58
	protocol	12a5a0
ARR 11ce10 (sz=296, trace=1, nelems=142, elem type=char)
OBJ 11ce30 (sz=24, trace=1, class=java.lang.String@7c438)
	value		11ce10
OBJ 11ce50 (sz=56, trace=1, class=java.net.URL@11c8f0)
	handler		11cd10
	path		11ce30
	authority	121d58
	file		11ce30
	host		121d58
	protocol	12a5a0
OBJ 11ce70 (sz=40, trace=1, class=java.util.Hashtable@11a9e8)
	table		11ce90
ARR 11ce90 (sz=56, trace=1, nelems=11, elem type=java.util.Hashtable$Entry@1130b8)
OBJ 11ceb0 (sz=24, trace=1, class=java.util.Vector@1127b0)
	elementData	11ced0
ARR 11ced0 (sz=56, trace=1, nelems=10, elem type=java.lang.Object@1127f0)
OBJ 11cef0 (sz=16, trace=1, class=java.util.HashSet@11ac68)
	map		11cf10
OBJ 11cf10 (sz=40, trace=1, class=java.util.HashMap@112d50)
	table		11cf30
ARR 11cf30 (sz=80, trace=1, nelems=16, elem type=java.util.HashMap$Entry@112d90)
OBJ 11cf50 (sz=40, trace=1, class=java.util.HashMap@112d50)
	table		11cf70
ARR 11cf70 (sz=80, trace=1, nelems=16, elem type=java.util.HashMap$Entry@112d90)
OBJ 11cf90 (sz=24, trace=1, class=java.util.Vector@1127b0)
	elementData	11cfb0
ARR 11cfb0 (sz=56, trace=1, nelems=10, elem type=java.lang.Object@1127f0)
OBJ 11cfd0 (sz=40, trace=1, class=java.util.HashMap@112d50)
	table		11cff0
ARR 11cff0 (sz=80, trace=1, nelems=16, elem type=java.util.HashMap$Entry@112d90)
OBJ 11d0e0 (sz=32, trace=1, class=sun.misc.URLClassPath@11d0c0)
	jarHandler	11d300
	lmap		11d1c0
	loaders		11d180
	urls		11d140
	path		11d100
OBJ 11d100 (sz=24, trace=1, class=java.util.ArrayList@11a7c8)
	elementData	11d120
ARR 11d120 (sz=56, trace=1, nelems=10, elem type=java.lang.Object@1127f0)
	[0]		11c910
	[1]		11cd90
	[2]		11cdf0
	[3]		11ce50
OBJ 11d140 (sz=24, trace=1, class=java.util.Stack@112870)
	elementData	11d160
ARR 11d160 (sz=56, trace=1, nelems=10, elem type=java.lang.Object@1127f0)
	[0]		11ce50
	[1]		11cdf0
	[2]		11cd90
	[3]		11c910
OBJ 11d180 (sz=24, trace=1, class=java.util.ArrayList@11a7c8)
	elementData	11d1a0
ARR 11d1a0 (sz=56, trace=1, nelems=10, elem type=java.lang.Object@1127f0)
OBJ 11d1c0 (sz=40, trace=1, class=java.util.HashMap@112d50)
	table		11d1e0
ARR 11d1e0 (sz=80, trace=1, nelems=16, elem type=java.util.HashMap$Entry@112d90)
ARR 11d200 (sz=16, trace=1, nelems=1, elem type=java.lang.reflect.Constructor@1197e0)
	[0]		11d240
ARR 11d220 (sz=16, trace=1, nelems=0, elem type=java.lang.Class@7c3d8)
OBJ 11d240 (sz=48, trace=1, class=java.lang.reflect.Constructor@1197e0)
	constructorAccessor	11d2c0
	exceptionTypes	7c3f8
	parameterTypes	11d220
	clazz		11d2e0
OBJ 11d260 (sz=32, trace=1, class=java.lang.ref.SoftReference@1151d8)
	queue		112a30
	referent	11d200
OBJ 11d280 (sz=48, trace=1, class=java.lang.reflect.Constructor@1197e0)
	root		11d240
	constructorAccessor	11d2c0
	exceptionTypes	7c3f8
	parameterTypes	11d220
	clazz		11d2e0
OBJ 11d2a0 (sz=24, trace=1, class=sun.reflect.NativeConstructorAccessorImpl@1198e0)
	parent		11d2c0
	c		11d280
OBJ 11d2c0 (sz=16, trace=1, class=sun.reflect.DelegatingConstructorAccessorImpl@119920)
	delegate	11d2a0
OBJ 11d300 (sz=8, trace=1, class=sun.net.www.protocol.jar.Handler@11d2e0)
OBJ 11d320 (sz=24, trace=1, class=java.security.AccessControlContext@112710)
ARR 11d340 (sz=184, trace=1, nelems=84, elem type=char)
OBJ 11d360 (sz=24, trace=1, class=java.lang.String@7c438)
	value		11d340
OBJ 11d380 (sz=56, trace=1, class=java.net.URL@11c8f0)
	handler		11cd10
	path		11d360
	authority	121d58
	file		11d360
	host		121d58
	protocol	12a5a0
OBJ 11d3c0 (sz=72, trace=1, class=sun.misc.Launcher$AppClassLoader@11d3a0)
	acc		11d6c0
	ucp		11d580
	pdcache		11d540
	nativeLibraries	11d500
	packages	11d4c0
	domains		11d460
	classes		11d420
	package2certs	11d3e0
	parent		11c620
OBJ 11d3e0 (sz=40, trace=1, class=java.util.Hashtable@11a9e8)
	table		11d400
ARR 11d400 (sz=56, trace=1, nelems=11, elem type=java.util.Hashtable$Entry@1130b8)
OBJ 11d420 (sz=24, trace=1, class=java.util.Vector@1127b0)
	elementData	11d440
ARR 11d440 (sz=56, trace=1, nelems=10, elem type=java.lang.Object@1127f0)
OBJ 11d460 (sz=16, trace=1, class=java.util.HashSet@11ac68)
	map		11d480
OBJ 11d480 (sz=40, trace=1, class=java.util.HashMap@112d50)
	table		11d4a0
ARR 11d4a0 (sz=80, trace=1, nelems=16, elem type=java.util.HashMap$Entry@112d90)
OBJ 11d4c0 (sz=40, trace=1, class=java.util.HashMap@112d50)
	table		11d4e0
ARR 11d4e0 (sz=80, trace=1, nelems=16, elem type=java.util.HashMap$Entry@112d90)
OBJ 11d500 (sz=24, trace=1, class=java.util.Vector@1127b0)
	elementData	11d520
ARR 11d520 (sz=56, trace=1, nelems=10, elem type=java.lang.Object@1127f0)
OBJ 11d540 (sz=40, trace=1, class=java.util.HashMap@112d50)
	table		11d560
ARR 11d560 (sz=80, trace=1, nelems=16, elem type=java.util.HashMap$Entry@112d90)
OBJ 11d580 (sz=32, trace=1, class=sun.misc.URLClassPath@11d0c0)
	jarHandler	11d6a0
	lmap		11d660
	loaders		11d620
	urls		11d5e0
	path		11d5a0
OBJ 11d5a0 (sz=24, trace=1, class=java.util.ArrayList@11a7c8)
	elementData	11d5c0
ARR 11d5c0 (sz=56, trace=1, nelems=10, elem type=java.lang.Object@1127f0)
	[0]		11d380
OBJ 11d5e0 (sz=24, trace=1, class=java.util.Stack@112870)
	elementData	11d600
ARR 11d600 (sz=56, trace=1, nelems=10, elem type=java.lang.Object@1127f0)
	[0]		11d380
OBJ 11d620 (sz=24, trace=1, class=java.util.ArrayList@11a7c8)
	elementData	11d640
ARR 11d640 (sz=56, trace=1, nelems=10, elem type=java.lang.Object@1127f0)
OBJ 11d660 (sz=40, trace=1, class=java.util.HashMap@112d50)
	table		11d680
ARR 11d680 (sz=80, trace=1, nelems=16, elem type=java.util.HashMap$Entry@112d90)
OBJ 11d6a0 (sz=8, trace=1, class=sun.net.www.protocol.jar.Handler@11d2e0)
OBJ 11d6c0 (sz=24, trace=1, class=java.security.AccessControlContext@112710)
OBJ 196f90 (sz=72, trace=1, class=java.lang.Thread@112670)
	inheritedAccessControlContext	112730
	contextClassLoader	11d3c0
	group		1125d0
	name		199ab0
ARR 196fb0 (sz=48, trace=1, nelems=15, elem type=int)
ARR 199ab0 (sz=48, trace=2, nelems=17, elem type=char)
ARR 199ad0 (sz=24, trace=3, nelems=21, elem type=int)
OBJ 199b70 (sz=72, trace=1, class=java.lang.Thread@112670)
	inheritedAccessControlContext	112730
	contextClassLoader	11d3c0
	group		1125d0
	name		199c10
ARR 199b90 (sz=48, trace=1, nelems=15, elem type=int)
ARR 199c10 (sz=48, trace=2, nelems=15, elem type=char)
ARR 199c30 (sz=24, trace=3, nelems=3, elem type=int)
ARR 11d6e0 (sz=16, trace=1, nelems=0, elem type=short)
ARR 11d700 (sz=16, trace=1, nelems=0, elem type=int)
ARR 11d780 (sz=88, trace=1, nelems=76, elem type=byte)
ARR 11d7a0 (sz=16, trace=1, nelems=0, elem type=short)
ARR 11d7e0 (sz=336, trace=1, nelems=317, elem type=byte)
ARR 11d820 (sz=24, trace=1, nelems=7, elem type=byte)
ARR 11d840 (sz=16, trace=1, nelems=0, elem type=short)
ARR 11d860 (sz=24, trace=1, nelems=9, elem type=byte)
ARR 11d880 (sz=16, trace=1, nelems=0, elem type=short)
ARR 11e378 (sz=32, trace=1, nelems=15, elem type=byte)
ARR 11e398 (sz=16, trace=1, nelems=0, elem type=short)
ARR 11e3d8 (sz=96, trace=1, nelems=42, elem type=short)
ARR 11e418 (sz=48, trace=1, nelems=8, elem type=int)
ARR 11e438 (sz=80, trace=1, nelems=16, elem type=int)
ARR 11e458 (sz=32, trace=1, nelems=8, elem type=short)
ARR 11e478 (sz=608, trace=1, nelems=594, elem type=byte)
ARR 11e4b8 (sz=232, trace=1, nelems=108, elem type=short)
ARR 11e4f8 (sz=48, trace=1, nelems=8, elem type=int)
ARR 11e518 (sz=48, trace=1, nelems=8, elem type=int)
ARR 11e538 (sz=32, trace=1, nelems=4, elem type=int)
ARR 11e558 (sz=56, trace=1, nelems=20, elem type=short)
CLS 1127f0 (name=java.lang.Object, trace=1)
CLS 11e7d8 (name=java.io.Serializable, trace=1)
	super		1127f0
CLS 11e7f8 (name=java.lang.Comparable, trace=1)
	super		1127f0
CLS 11e818 (name=java.lang.CharSequence, trace=1)
	super		1127f0
CLS 7c438 (name=java.lang.String, trace=1)
	super		1127f0
	static CASE_INSENSITIVE_ORDER	7c4d8
	static serialPersistentFields	7c498
CLS 7c3d8 (name=java.lang.Class, trace=1)
	super		1127f0
	static class$java$lang$Class	7c3d8
	static reflectionFactory	112930
	static serialPersistentFields	112c90
ARR 11e838 (sz=24, trace=1, nelems=7, elem type=byte)
ARR 11e858 (sz=16, trace=1, nelems=0, elem type=short)
CLS 11e878 (name=java.lang.Cloneable, trace=1)
	super		1127f0
ARR 11e898 (sz=688, trace=1, nelems=669, elem type=byte)
ARR 11e8b8 (sz=264, trace=1, nelems=126, elem type=short)
ARR 11e8f8 (sz=32, trace=1, nelems=4, elem type=int)
ARR 11e918 (sz=48, trace=1, nelems=8, elem type=int)
ARR 11e938 (sz=208, trace=1, nelems=48, elem type=int)
ARR 11e958 (sz=32, trace=1, nelems=4, elem type=int)
ARR 11e978 (sz=32, trace=1, nelems=4, elem type=int)
ARR 11e998 (sz=32, trace=1, nelems=4, elem type=int)
ARR 11e9b8 (sz=48, trace=1, nelems=8, elem type=int)
ARR 11e9d8 (sz=64, trace=1, nelems=12, elem type=int)
ARR 11e9f8 (sz=48, trace=1, nelems=8, elem type=int)
ARR 11ea18 (sz=48, trace=1, nelems=8, elem type=int)
CLS 11ea38 (name=java.lang.ClassLoader, trace=1)
	super		1127f0
	static sys_paths	11c380
	static usr_paths	11c2e0
	static nativeLibraryContext	112890
	static systemNativeLibraries	112830
	static loadedLibraryNames	1127d0
	static scl	11d3c0
ARR 11ea58 (sz=48, trace=1, nelems=16, elem type=short)
ARR 11ea78 (sz=304, trace=1, nelems=289, elem type=byte)
ARR 11ea98 (sz=72, trace=1, nelems=30, elem type=short)
ARR 11ead8 (sz=32, trace=1, nelems=4, elem type=int)
ARR 11eaf8 (sz=32, trace=1, nelems=4, elem type=int)
CLS 11eb18 (name=java.lang.System, trace=1)
	super		1127f0
	static props	112c70
	static err	11a5e8
	static out	114f68
	static in	114f08
ARR 11eb38 (sz=24, trace=1, nelems=4, elem type=short)
ARR 11eb58 (sz=192, trace=1, nelems=174, elem type=byte)
ARR 11eba0 (sz=72, trace=1, nelems=30, elem type=short)
ARR 11ebe0 (sz=48, trace=1, nelems=8, elem type=int)
ARR 11ec00 (sz=48, trace=1, nelems=8, elem type=int)
CLS 11ec20 (name=java.lang.Throwable, trace=1)
	super		1127f0
ARR 11ec40 (sz=40, trace=1, nelems=27, elem type=byte)
ARR 11ec60 (sz=24, trace=1, nelems=6, elem type=short)
CLS 11eca0 (name=java.lang.Error, trace=1)
	super		11ec20
ARR 11ecc0 (sz=32, trace=1, nelems=13, elem type=byte)
ARR 11ece0 (sz=16, trace=1, nelems=0, elem type=short)
CLS 11ed20 (name=java.lang.ThreadDeath, trace=1)
	super		11eca0
ARR 11ed40 (sz=40, trace=1, nelems=27, elem type=byte)
ARR 11ed60 (sz=24, trace=1, nelems=6, elem type=short)
CLS 11eda0 (name=java.lang.Exception, trace=1)
	super		11ec20
ARR 11edc0 (sz=40, trace=1, nelems=27, elem type=byte)
ARR 11ede0 (sz=24, trace=1, nelems=6, elem type=short)
CLS 11ee20 (name=java.lang.RuntimeException, trace=1)
	super		11eda0
ARR 11ee40 (sz=232, trace=1, nelems=213, elem type=byte)
ARR 11ee60 (sz=72, trace=1, nelems=30, elem type=short)
ARR 11eea0 (sz=32, trace=1, nelems=4, elem type=int)
CLS 11eec0 (name=java.security.ProtectionDomain, trace=1)
	super		1127f0
ARR 11eee0 (sz=24, trace=1, nelems=4, elem type=short)
ARR 11ef00 (sz=240, trace=1, nelems=227, elem type=byte)
ARR 11ef20 (sz=88, trace=1, nelems=36, elem type=short)
CLS 112710 (name=java.security.AccessControlContext, trace=1)
	super		1127f0
ARR 11ef60 (sz=24, trace=1, nelems=4, elem type=short)
ARR 11ef80 (sz=48, trace=1, nelems=32, elem type=byte)
ARR 11efa0 (sz=40, trace=1, nelems=12, elem type=short)
CLS 11efe0 (name=java.lang.ClassNotFoundException, trace=1)
	super		11eda0
ARR 11f000 (sz=32, trace=1, nelems=16, elem type=byte)
ARR 11f020 (sz=32, trace=1, nelems=16, elem type=byte)
ARR 11f040 (sz=16, trace=1, nelems=0, elem type=short)
CLS 11f080 (name=java.lang.LinkageError, trace=1)
	super		11eca0
ARR 11f0a0 (sz=16, trace=1, nelems=0, elem type=short)
CLS 11f0e0 (name=java.lang.NoClassDefFoundError, trace=1)
	super		11f080
ARR 11f100 (sz=32, trace=1, nelems=16, elem type=byte)
ARR 11f120 (sz=16, trace=1, nelems=0, elem type=short)
CLS 11f160 (name=java.lang.ClassCastException, trace=1)
	super		11ee20
ARR 11f180 (sz=32, trace=1, nelems=16, elem type=byte)
ARR 11f1a0 (sz=16, trace=1, nelems=0, elem type=short)
CLS 11f1e0 (name=java.lang.ArrayStoreException, trace=1)
	super		11ee20
ARR 11f200 (sz=32, trace=1, nelems=16, elem type=byte)
ARR 11f220 (sz=32, trace=1, nelems=16, elem type=byte)
ARR 11f240 (sz=16, trace=1, nelems=0, elem type=short)
CLS 11f280 (name=java.lang.VirtualMachineError, trace=1)
	super		11eca0
ARR 11f2a0 (sz=16, trace=1, nelems=0, elem type=short)
CLS 11f2e0 (name=java.lang.OutOfMemoryError, trace=1)
	super		11f280
ARR 11f300 (sz=32, trace=1, nelems=16, elem type=byte)
ARR 11f320 (sz=16, trace=1, nelems=0, elem type=short)
CLS 11f360 (name=java.lang.StackOverflowError, trace=1)
	super		11f280
ARR 11f388 (sz=120, trace=1, nelems=102, elem type=byte)
ARR 11f3a8 (sz=88, trace=1, nelems=36, elem type=short)
ARR 11f3e8 (sz=48, trace=1, nelems=8, elem type=int)
CLS 11f408 (name=java.lang.ref.Reference, trace=1)
	super		1127f0
	static lock	112970
ARR 11f428 (sz=40, trace=1, nelems=12, elem type=short)
ARR 11f448 (sz=40, trace=1, nelems=27, elem type=byte)
ARR 11f468 (sz=40, trace=1, nelems=12, elem type=short)
CLS 1151d8 (name=java.lang.ref.SoftReference, trace=1)
	super		11f408
ARR 11f4a8 (sz=32, trace=1, nelems=16, elem type=byte)
ARR 11f4c8 (sz=16, trace=1, nelems=0, elem type=short)
CLS 119b40 (name=java.lang.ref.WeakReference, trace=1)
	super		11f408
ARR 11f508 (sz=32, trace=1, nelems=13, elem type=byte)
ARR 11f528 (sz=16, trace=1, nelems=0, elem type=short)
CLS 11f568 (name=java.lang.ref.FinalReference, trace=1)
	super		11f408
ARR 11f588 (sz=32, trace=1, nelems=15, elem type=byte)
ARR 11f5a8 (sz=16, trace=1, nelems=0, elem type=short)
CLS 11f5e8 (name=java.lang.ref.PhantomReference, trace=1)
	super		11f408
ARR 11f608 (sz=152, trace=1, nelems=136, elem type=byte)
ARR 11f628 (sz=72, trace=1, nelems=30, elem type=short)
ARR 11f668 (sz=48, trace=1, nelems=8, elem type=int)
ARR 11f688 (sz=48, trace=1, nelems=8, elem type=int)
ARR 11f6a8 (sz=80, trace=1, nelems=16, elem type=int)
CLS 114d88 (name=java.lang.ref.Finalizer, trace=1)
	super		11f568
	static lock	112b30
	static unfinalized	11c480
	static queue	112af0
ARR 11f6c8 (sz=48, trace=1, nelems=16, elem type=short)
ARR 11f6e8 (sz=344, trace=1, nelems=325, elem type=byte)
ARR 11f728 (sz=24, trace=1, nelems=9, elem type=byte)
ARR 11f748 (sz=16, trace=1, nelems=0, elem type=short)
CLS 11f788 (name=java.lang.Runnable, trace=1)
	super		1127f0
ARR 11f7a8 (sz=256, trace=1, nelems=120, elem type=short)
ARR 11f7e8 (sz=64, trace=1, nelems=12, elem type=int)
CLS 112670 (name=java.lang.Thread, trace=1)
	super		1127f0
ARR 11f808 (sz=240, trace=1, nelems=225, elem type=byte)
ARR 11f828 (sz=136, trace=1, nelems=60, elem type=short)
ARR 11f868 (sz=64, trace=1, nelems=12, elem type=int)
ARR 11f888 (sz=64, trace=1, nelems=12, elem type=int)
ARR 11f8a8 (sz=48, trace=1, nelems=8, elem type=int)
ARR 11f8c8 (sz=48, trace=1, nelems=8, elem type=int)
ARR 11f8e8 (sz=48, trace=1, nelems=8, elem type=int)
ARR 11f908 (sz=48, trace=1, nelems=8, elem type=int)
ARR 11f928 (sz=48, trace=1, nelems=8, elem type=int)
ARR 11f948 (sz=48, trace=1, nelems=8, elem type=int)
ARR 11f968 (sz=48, trace=1, nelems=8, elem type=int)
ARR 11f988 (sz=64, trace=1, nelems=12, elem type=int)
ARR 11f9a8 (sz=64, trace=1, nelems=12, elem type=int)
ARR 11f9c8 (sz=48, trace=1, nelems=8, elem type=int)
ARR 11f9e8 (sz=64, trace=1, nelems=12, elem type=int)
ARR 11fa08 (sz=64, trace=1, nelems=12, elem type=int)
CLS 1125b0 (name=java.lang.ThreadGroup, trace=1)
	super		1127f0
ARR 11fa28 (sz=224, trace=1, nelems=210, elem type=byte)
ARR 11fa48 (sz=336, trace=1, nelems=318, elem type=byte)
ARR 11fa68 (sz=40, trace=1, nelems=25, elem type=byte)
ARR 11fa88 (sz=16, trace=1, nelems=0, elem type=short)
CLS 11fac8 (name=java.util.Dictionary, trace=1)
	super		1127f0
ARR 11fb08 (sz=48, trace=1, nelems=34, elem type=byte)
ARR 11fb28 (sz=16, trace=1, nelems=0, elem type=short)
CLS 11fb68 (name=java.util.Map, trace=1)
	super		1127f0
ARR 11fb90 (sz=24, trace=1, nelems=4, elem type=short)
ARR 11fbb0 (sz=184, trace=1, nelems=84, elem type=short)
ARR 11fbf0 (sz=32, trace=1, nelems=4, elem type=int)
ARR 11fc10 (sz=80, trace=1, nelems=16, elem type=int)
CLS 11a9e8 (name=java.util.Hashtable, trace=1)
	super		11fac8
	static emptyIterator	112c10
	static emptyEnumerator	112bd0
ARR 11fc30 (sz=88, trace=1, nelems=36, elem type=short)
ARR 11fc50 (sz=96, trace=1, nelems=42, elem type=short)
ARR 11fc90 (sz=32, trace=1, nelems=4, elem type=int)
CLS 112c50 (name=java.util.Properties, trace=1)
	super		11a9e8
	static hexDigit	112c30
	static whiteSpaceChars	11fd90
	static specialSaveChars	11fd50
	static strictKeyValueSeparators	11fd10
	static keyValueSeparators	11fcd0
ARR 11fcb0 (sz=32, trace=1, nelems=7, elem type=char)
OBJ 11fcd0 (sz=24, trace=1, class=java.lang.String@7c438)
	value		11fcb0
ARR 11fcf0 (sz=16, trace=1, nelems=2, elem type=char)
OBJ 11fd10 (sz=24, trace=1, class=java.lang.String@7c438)
	value		11fcf0
ARR 11fd30 (sz=32, trace=1, nelems=9, elem type=char)
OBJ 11fd50 (sz=24, trace=1, class=java.lang.String@7c438)
	value		11fd30
ARR 11fd70 (sz=24, trace=1, nelems=5, elem type=char)
OBJ 11fd90 (sz=24, trace=1, class=java.lang.String@7c438)
	value		11fd70
ARR 11fdb0 (sz=120, trace=1, nelems=105, elem type=byte)
ARR 11fdd0 (sz=72, trace=1, nelems=30, elem type=short)
ARR 11fe10 (sz=32, trace=1, nelems=4, elem type=int)
CLS 11fe30 (name=java.lang.reflect.AccessibleObject, trace=1)
	super		1127f0
	static class$java$lang$Class	7c3d8
	static reflectionFactory	112930
	static ACCESS_PERMISSION	112790
ARR 11fe50 (sz=24, trace=1, nelems=4, elem type=short)
ARR 11fe70 (sz=264, trace=1, nelems=246, elem type=byte)
ARR 11feb0 (sz=32, trace=1, nelems=19, elem type=byte)
ARR 11fed0 (sz=40, trace=1, nelems=12, elem type=short)
CLS 11ff10 (name=java.lang.reflect.Member, trace=1)
	super		1127f0
ARR 11ff30 (sz=112, trace=1, nelems=48, elem type=short)
ARR 11ff70 (sz=32, trace=1, nelems=4, elem type=int)
CLS 11ff90 (name=java.lang.reflect.Field, trace=1)
	super		11fe30
ARR 11ffb0 (sz=208, trace=1, nelems=193, elem type=byte)
ARR 11fff0 (sz=136, trace=1, nelems=60, elem type=short)
ARR 120030 (sz=32, trace=1, nelems=4, elem type=int)
CLS 120050 (name=java.lang.reflect.Method, trace=1)
	super		11fe30
ARR 120070 (sz=192, trace=1, nelems=173, elem type=byte)
ARR 1200b0 (sz=96, trace=1, nelems=42, elem type=short)
ARR 1200f0 (sz=32, trace=1, nelems=4, elem type=int)
CLS 1197e0 (name=java.lang.reflect.Constructor, trace=1)
	super		11fe30
ARR 120110 (sz=32, trace=1, nelems=13, elem type=byte)
ARR 120130 (sz=16, trace=1, nelems=0, elem type=short)
CLS 120170 (name=sun.reflect.MagicAccessorImpl, trace=1)
	super		1127f0
ARR 120190 (sz=40, trace=1, nelems=22, elem type=byte)
ARR 1201d0 (sz=32, trace=1, nelems=14, elem type=byte)
ARR 1201f0 (sz=16, trace=1, nelems=0, elem type=short)
CLS 120230 (name=sun.reflect.MethodAccessor, trace=1)
	super		1127f0
ARR 120250 (sz=16, trace=1, nelems=0, elem type=short)
CLS 120290 (name=sun.reflect.MethodAccessorImpl, trace=1)
	super		120170
ARR 1202b0 (sz=40, trace=1, nelems=24, elem type=byte)
ARR 1202f0 (sz=32, trace=1, nelems=16, elem type=byte)
ARR 120310 (sz=16, trace=1, nelems=0, elem type=short)
CLS 120350 (name=sun.reflect.ConstructorAccessor, trace=1)
	super		1127f0
ARR 120370 (sz=16, trace=1, nelems=0, elem type=short)
CLS 1203b8 (name=sun.reflect.ConstructorAccessorImpl, trace=1)
	super		120170
ARR 1203d8 (sz=32, trace=1, nelems=13, elem type=byte)
ARR 1203f8 (sz=16, trace=1, nelems=0, elem type=short)
CLS 120438 (name=sun.reflect.DelegatingClassLoader, trace=1)
	super		11ea38
ARR 120458 (sz=256, trace=1, nelems=239, elem type=byte)
ARR 120478 (sz=160, trace=1, nelems=145, elem type=byte)
ARR 120498 (sz=120, trace=1, nelems=103, elem type=byte)
ARR 1204d8 (sz=48, trace=1, nelems=29, elem type=byte)
ARR 1204f8 (sz=16, trace=1, nelems=0, elem type=short)
CLS 120538 (name=java.util.Collection, trace=1)
	super		1127f0
ARR 120558 (sz=16, trace=1, nelems=0, elem type=short)
CLS 120598 (name=java.util.AbstractCollection, trace=1)
	super		1127f0
ARR 1205d8 (sz=64, trace=1, nelems=45, elem type=byte)
ARR 120618 (sz=16, trace=1, nelems=0, elem type=short)
CLS 120658 (name=java.util.List, trace=1)
	super		1127f0
ARR 120678 (sz=24, trace=1, nelems=3, elem type=int)
ARR 1206b8 (sz=24, trace=1, nelems=6, elem type=short)
CLS 1206f8 (name=java.util.AbstractList, trace=1)
	super		120598
ARR 120718 (sz=40, trace=1, nelems=12, elem type=short)
ARR 120758 (sz=24, trace=1, nelems=7, elem type=byte)
ARR 120778 (sz=16, trace=1, nelems=0, elem type=short)
CLS 120798 (name=java.util.RandomAccess, trace=1)
	super		1127f0
ARR 1207b8 (sz=40, trace=1, nelems=7, elem type=int)
ARR 1207f8 (sz=64, trace=1, nelems=24, elem type=short)
ARR 120838 (sz=32, trace=1, nelems=4, elem type=int)
ARR 120858 (sz=32, trace=1, nelems=4, elem type=int)
CLS 1127b0 (name=java.util.Vector, trace=1)
	super		1206f8
ARR 120878 (sz=24, trace=1, nelems=4, elem type=short)
ARR 120898 (sz=224, trace=1, nelems=210, elem type=byte)
ARR 1208d8 (sz=72, trace=1, nelems=30, elem type=short)
CLS 119780 (name=java.lang.StringBuffer, trace=1)
	super		1127f0
	static NULL	1197a0
ARR 120918 (sz=80, trace=1, nelems=67, elem type=byte)
ARR 120938 (sz=72, trace=1, nelems=30, elem type=short)
CLS 120978 (name=java.nio.Buffer, trace=1)
	super		1127f0
ARR 120998 (sz=48, trace=1, nelems=29, elem type=byte)
ARR 1209b8 (sz=48, trace=1, nelems=35, elem type=byte)
ARR 1209d8 (sz=16, trace=1, nelems=0, elem type=short)
CLS 120a18 (name=sun.misc.AtomicLong, trace=1)
	super		1127f0
ARR 120a38 (sz=24, trace=1, nelems=6, elem type=short)
CLS 120a78 (name=sun.misc.AtomicLongCSImpl, trace=1)
	super		120a18
ARR 120a98 (sz=104, trace=1, nelems=86, elem type=byte)
ARR 120ad8 (sz=72, trace=1, nelems=30, elem type=short)
ARR 120b18 (sz=48, trace=1, nelems=8, elem type=int)
CLS 11c3a0 (name=java.lang.Boolean, trace=1)
	super		1127f0
	static TYPE	121340
	static FALSE	11c3e0
	static TRUE	11c3c0
ARR 120b38 (sz=280, trace=1, nelems=266, elem type=byte)
ARR 120b78 (sz=792, trace=1, nelems=390, elem type=short)
CLS 120bc0 (name=java.lang.Character, trace=1)
	super		1127f0
	static A_DATA	120ca0
	static A	118e58
	static Y_DATA	120c60
	static Y	118e38
	static X_DATA	120c20
	static X	118e18
	static charMap	115398
	static TYPE	121360
ARR 120be0 (sz=32, trace=1, nelems=8, elem type=short)
ARR 120c00 (sz=2064, trace=1, nelems=1024, elem type=char)
OBJ 120c20 (sz=24, trace=1, class=java.lang.String@7c438)
	value		120c00
ARR 120c40 (sz=7728, trace=1, nelems=3856, elem type=char)
OBJ 120c60 (sz=24, trace=1, class=java.lang.String@7c438)
	value		120c40
ARR 120c80 (sz=2728, trace=1, nelems=1356, elem type=char)
OBJ 120ca0 (sz=24, trace=1, class=java.lang.String@7c438)
	value		120c80
ARR 120cc0 (sz=136, trace=1, nelems=120, elem type=byte)
ARR 120ce0 (sz=48, trace=1, nelems=34, elem type=byte)
ARR 120d20 (sz=24, trace=1, nelems=6, elem type=short)
CLS 120d60 (name=java.lang.Number, trace=1)
	super		1127f0
ARR 120dc0 (sz=112, trace=1, nelems=48, elem type=short)
CLS 120e00 (name=java.lang.Float, trace=1)
	super		120d60
	static TYPE	1212e0
ARR 120e20 (sz=136, trace=1, nelems=124, elem type=byte)
ARR 120e80 (sz=112, trace=1, nelems=48, elem type=short)
CLS 120ec0 (name=java.lang.Double, trace=1)
	super		120d60
ARR 120ee0 (sz=160, trace=1, nelems=142, elem type=byte)
ARR 120f40 (sz=72, trace=1, nelems=30, elem type=short)
ARR 120f80 (sz=32, trace=1, nelems=4, elem type=int)
CLS 120fa0 (name=java.lang.Byte, trace=1)
	super		120d60
ARR 120fc0 (sz=160, trace=1, nelems=142, elem type=byte)
ARR 121020 (sz=72, trace=1, nelems=30, elem type=short)
ARR 121060 (sz=32, trace=1, nelems=4, elem type=int)
CLS 121080 (name=java.lang.Short, trace=1)
	super		120d60
ARR 1210a0 (sz=256, trace=1, nelems=244, elem type=byte)
ARR 121100 (sz=120, trace=1, nelems=54, elem type=short)
ARR 121140 (sz=32, trace=1, nelems=4, elem type=int)
ARR 121160 (sz=64, trace=1, nelems=12, elem type=int)
CLS 11b5d8 (name=java.lang.Integer, trace=1)
	super		120d60
	static perThreadBuffer	11abc8
	static DigitOnes	11ab88
	static DigitTens	11ab68
	static digits	11ab48
	static TYPE	1212c0
ARR 121180 (sz=24, trace=1, nelems=4, elem type=short)
ARR 1211a0 (sz=240, trace=1, nelems=228, elem type=byte)
ARR 121200 (sz=88, trace=1, nelems=36, elem type=short)
ARR 121240 (sz=32, trace=1, nelems=4, elem type=int)
ARR 121260 (sz=64, trace=1, nelems=12, elem type=int)
CLS 121280 (name=java.lang.Long, trace=1)
	super		120d60
ARR 1212a0 (sz=24, trace=1, nelems=4, elem type=short)
OBJ 1212c0 (sz=56, trace=1, class=java.lang.Class@7c3d8)
OBJ 1212e0 (sz=56, trace=1, class=java.lang.Class@7c3d8)
OBJ 121300 (sz=56, trace=1, class=java.lang.Class@7c3d8)
OBJ 121320 (sz=56, trace=1, class=java.lang.Class@7c3d8)
OBJ 121340 (sz=56, trace=1, class=java.lang.Class@7c3d8)
OBJ 121360 (sz=56, trace=1, class=java.lang.Class@7c3d8)
OBJ 121380 (sz=56, trace=1, class=java.lang.Class@7c3d8)
OBJ 1213a8 (sz=56, trace=1, class=java.lang.Class@7c3d8)
OBJ 1213c8 (sz=56, trace=1, class=java.lang.Class@7c3d8)
OBJ 1213e8 (sz=8, trace=1, class=java.lang.Object@1127f0)
OBJ 121408 (sz=8, trace=1, class=java.lang.Object@1127f0)
OBJ 1214a8 (sz=24, trace=1, class=java.lang.OutOfMemoryError@11f2e0)
ARR 1214c8 (sz=32, trace=1, nelems=16, elem type=byte)
ARR 1214e8 (sz=16, trace=1, nelems=0, elem type=short)
CLS 121528 (name=java.lang.NullPointerException, trace=1)
	super		11ee20
OBJ 121548 (sz=24, trace=1, class=java.lang.NullPointerException@121528)
ARR 121568 (sz=32, trace=1, nelems=16, elem type=byte)
ARR 121588 (sz=16, trace=1, nelems=0, elem type=short)
CLS 1215c8 (name=java.lang.ArithmeticException, trace=1)
	super		11ee20
OBJ 1215e8 (sz=24, trace=1, class=java.lang.ArithmeticException@1215c8)
	detailMessage	7c458
ARR 121608 (sz=112, trace=1, nelems=95, elem type=byte)
ARR 121628 (sz=72, trace=1, nelems=30, elem type=short)
CLS 121668 (name=java.lang.StrictMath, trace=1)
	super		1127f0
ARR 121688 (sz=176, trace=1, nelems=163, elem type=byte)
ARR 1216c8 (sz=96, trace=1, nelems=42, elem type=short)
ARR 121708 (sz=32, trace=1, nelems=4, elem type=int)
CLS 7c478 (name=java.io.ObjectStreamField, trace=1)
	super		1127f0
ARR 121788 (sz=64, trace=1, nelems=48, elem type=byte)
ARR 1217c8 (sz=24, trace=1, nelems=11, elem type=byte)
ARR 1217e8 (sz=16, trace=1, nelems=0, elem type=short)
CLS 121828 (name=java.util.Comparator, trace=1)
	super		1127f0
ARR 121848 (sz=24, trace=1, nelems=6, elem type=short)
CLS 7c4b8 (name=java.lang.String$CaseInsensitiveComparator, trace=1)
	super		1127f0
ARR 121888 (sz=24, trace=1, nelems=4, elem type=short)
ARR 1218a8 (sz=24, trace=1, nelems=6, elem type=char)
OBJ 1218c8 (sz=24, trace=1, class=java.lang.String@7c438)
	value		1218a8
ARR 121908 (sz=104, trace=1, nelems=86, elem type=byte)
ARR 121928 (sz=16, trace=1, nelems=0, elem type=short)
CLS 121968 (name=java.security.AccessController, trace=1)
	super		1127f0
ARR 1219e8 (sz=32, trace=1, nelems=16, elem type=byte)
ARR 121a08 (sz=112, trace=1, nelems=99, elem type=byte)
ARR 121a28 (sz=96, trace=1, nelems=81, elem type=byte)
ARR 121a68 (sz=24, trace=1, nelems=12, elem type=byte)
ARR 121a88 (sz=16, trace=1, nelems=0, elem type=short)
CLS 121ac8 (name=java.security.Guard, trace=1)
	super		1127f0
ARR 121ae8 (sz=24, trace=1, nelems=6, elem type=short)
CLS 121b28 (name=java.security.Permission, trace=1)
	super		1127f0
ARR 121b68 (sz=24, trace=1, nelems=3, elem type=int)
ARR 121c58 (sz=40, trace=1, nelems=12, elem type=short)
CLS 121c98 (name=java.security.BasicPermission, trace=1)
	super		121b28
ARR 121cb8 (sz=16, trace=1, nelems=0, elem type=short)
CLS 112770 (name=java.lang.reflect.ReflectPermission, trace=1)
	super		121c98
ARR 121cf8 (sz=56, trace=1, nelems=20, elem type=char)
OBJ 121d18 (sz=24, trace=1, class=java.lang.String@7c438)
	value		121cf8
ARR 121d38 (sz=16, trace=1, nelems=0, elem type=char)
OBJ 121d58 (sz=24, trace=1, class=java.lang.String@7c438)
	value		121d38
ARR 121d78 (sz=16, trace=1, nelems=2, elem type=char)
OBJ 121d98 (sz=24, trace=1, class=java.lang.String@7c438)
	value		121d78
ARR 121db8 (sz=16, trace=1, nelems=1, elem type=char)
OBJ 121dd8 (sz=24, trace=1, class=java.lang.String@7c438)
	value		121db8
ARR 121df8 (sz=40, trace=1, nelems=25, elem type=byte)
ARR 121e38 (sz=24, trace=1, nelems=9, elem type=byte)
ARR 121e58 (sz=16, trace=1, nelems=0, elem type=short)
CLS 121e98 (name=java.security.PrivilegedAction, trace=1)
	super		1127f0
ARR 121eb8 (sz=16, trace=1, nelems=0, elem type=short)
CLS 121ef8 (name=sun.reflect.ReflectionFactory$GetReflectionFactoryAction, trace=1)
	super		1127f0
ARR 121f18 (sz=24, trace=1, nelems=4, elem type=short)
ARR 121f38 (sz=64, trace=1, nelems=51, elem type=byte)
ARR 121f58 (sz=24, trace=1, nelems=6, elem type=short)
CLS 112870 (name=java.util.Stack, trace=1)
	super		1127b0
ARR 121f98 (sz=304, trace=1, nelems=291, elem type=byte)
ARR 121fb8 (sz=120, trace=1, nelems=54, elem type=short)
ARR 121ff8 (sz=32, trace=1, nelems=4, elem type=int)
CLS 112910 (name=sun.reflect.ReflectionFactory, trace=1)
	super		1127f0
	static class$sun$reflect$ConstructorAccessorImpl	1203b8
	static class$java$lang$Class	7c3d8
	static langReflectAccess	1198a0
	static soleInstance	112930
	static reflectionFactoryAccessPerm	1128f0
ARR 122018 (sz=32, trace=1, nelems=8, elem type=short)
ARR 122038 (sz=32, trace=1, nelems=16, elem type=byte)
ARR 122058 (sz=16, trace=1, nelems=0, elem type=short)
CLS 1128d0 (name=java.lang.RuntimePermission, trace=1)
	super		121c98
ARR 122098 (sz=64, trace=1, nelems=23, elem type=char)
OBJ 1220b8 (sz=24, trace=1, class=java.lang.String@7c438)
	value		122098
ARR 1220d8 (sz=32, trace=1, nelems=20, elem type=byte)
ARR 1220f8 (sz=16, trace=1, nelems=0, elem type=short)
CLS 112950 (name=java.lang.ref.Reference$Lock, trace=1)
	super		1127f0
ARR 122138 (sz=24, trace=1, nelems=4, elem type=short)
ARR 122158 (sz=72, trace=1, nelems=55, elem type=byte)
ARR 122178 (sz=16, trace=1, nelems=0, elem type=short)
ARR 1221b8 (sz=80, trace=1, nelems=16, elem type=int)
CLS 112990 (name=java.lang.ref.Reference$ReferenceHandler, trace=1)
	super		112670
ARR 1221d8 (sz=24, trace=1, nelems=4, elem type=short)
ARR 1221f8 (sz=48, trace=1, nelems=17, elem type=char)
OBJ 122218 (sz=24, trace=1, class=java.lang.String@7c438)
	value		1221f8
ARR 122238 (sz=96, trace=1, nelems=82, elem type=byte)
ARR 122258 (sz=72, trace=1, nelems=30, elem type=short)
ARR 122298 (sz=48, trace=1, nelems=8, elem type=int)
ARR 1222b8 (sz=80, trace=1, nelems=16, elem type=int)
ARR 1222d8 (sz=96, trace=1, nelems=20, elem type=int)
CLS 112ad0 (name=java.lang.ref.ReferenceQueue, trace=1)
	super		1127f0
	static ENQUEUED	112a90
	static NULL	112a30
ARR 1222f8 (sz=40, trace=1, nelems=12, elem type=short)
ARR 122318 (sz=32, trace=1, nelems=20, elem type=byte)
ARR 122338 (sz=16, trace=1, nelems=0, elem type=short)
CLS 112a10 (name=java.lang.ref.ReferenceQueue$Null, trace=1)
	super		112ad0
ARR 122378 (sz=24, trace=1, nelems=4, elem type=short)
ARR 122398 (sz=32, trace=1, nelems=20, elem type=byte)
ARR 1223b8 (sz=16, trace=1, nelems=0, elem type=short)
CLS 112a50 (name=java.lang.ref.ReferenceQueue$Lock, trace=1)
	super		1127f0
ARR 1223f8 (sz=24, trace=1, nelems=4, elem type=short)
ARR 122418 (sz=56, trace=1, nelems=38, elem type=byte)
ARR 122438 (sz=16, trace=1, nelems=0, elem type=short)
ARR 122480 (sz=32, trace=1, nelems=4, elem type=int)
CLS 112b50 (name=java.lang.ref.Finalizer$FinalizerThread, trace=1)
	super		112670
ARR 1224a0 (sz=24, trace=1, nelems=4, elem type=short)
ARR 1224c0 (sz=32, trace=1, nelems=9, elem type=char)
OBJ 1224e0 (sz=24, trace=1, class=java.lang.String@7c438)
	value		1224c0
ARR 122500 (sz=48, trace=1, nelems=30, elem type=byte)
ARR 122540 (sz=24, trace=1, nelems=11, elem type=byte)
ARR 122560 (sz=16, trace=1, nelems=0, elem type=short)
CLS 1225a0 (name=java.util.Enumeration, trace=1)
	super		1127f0
ARR 1225c0 (sz=16, trace=1, nelems=0, elem type=short)
CLS 112bb0 (name=java.util.Hashtable$EmptyEnumerator, trace=1)
	super		1127f0
ARR 122600 (sz=24, trace=1, nelems=4, elem type=short)
ARR 122620 (sz=48, trace=1, nelems=34, elem type=byte)
ARR 122660 (sz=32, trace=1, nelems=13, elem type=byte)
ARR 122680 (sz=16, trace=1, nelems=0, elem type=short)
CLS 1226c0 (name=java.util.Iterator, trace=1)
	super		1127f0
ARR 1226e0 (sz=16, trace=1, nelems=0, elem type=short)
CLS 112bf0 (name=java.util.Hashtable$EmptyIterator, trace=1)
	super		1127f0
ARR 122720 (sz=24, trace=1, nelems=4, elem type=short)
ARR 122740 (sz=24, trace=1, nelems=5, elem type=char)
OBJ 122760 (sz=24, trace=1, class=java.lang.String@7c438)
	value		122740
ARR 122780 (sz=880, trace=1, nelems=862, elem type=byte)
ARR 1227c0 (sz=432, trace=1, nelems=210, elem type=short)
ARR 122800 (sz=32, trace=1, nelems=4, elem type=int)
ARR 122820 (sz=48, trace=1, nelems=8, elem type=int)
ARR 122840 (sz=32, trace=1, nelems=4, elem type=int)
ARR 122860 (sz=32, trace=1, nelems=4, elem type=int)
ARR 122880 (sz=48, trace=1, nelems=8, elem type=int)
ARR 1228a0 (sz=48, trace=1, nelems=8, elem type=int)
ARR 1228c0 (sz=48, trace=1, nelems=8, elem type=int)
ARR 1228e0 (sz=96, trace=1, nelems=20, elem type=int)
ARR 122900 (sz=48, trace=1, nelems=8, elem type=int)
ARR 122920 (sz=32, trace=1, nelems=4, elem type=int)
ARR 122940 (sz=32, trace=1, nelems=4, elem type=int)
ARR 122960 (sz=48, trace=1, nelems=8, elem type=int)
ARR 122980 (sz=48, trace=1, nelems=8, elem type=int)
ARR 1229a0 (sz=32, trace=1, nelems=4, elem type=int)
ARR 1229c0 (sz=48, trace=1, nelems=8, elem type=int)
ARR 1229e0 (sz=96, trace=1, nelems=20, elem type=int)
ARR 122a00 (sz=32, trace=1, nelems=4, elem type=int)
ARR 122a20 (sz=32, trace=1, nelems=4, elem type=int)
CLS 122a40 (name=java.io.ObjectStreamClass, trace=1)
	super		1127f0
	static reflectors	112f98
	static localDescs	112cd0
	static reflFactory	112930
	static serialPersistentFields	112c90
	static NO_FIELDS	112c90
ARR 122a60 (sz=104, trace=1, nelems=44, elem type=short)
ARR 122a80 (sz=144, trace=1, nelems=127, elem type=byte)
ARR 122aa0 (sz=152, trace=1, nelems=137, elem type=byte)
ARR 122ae0 (sz=40, trace=1, nelems=12, elem type=short)
ARR 122b20 (sz=80, trace=1, nelems=16, elem type=int)
CLS 122b40 (name=java.util.AbstractMap, trace=1)
	super		1127f0
ARR 122b60 (sz=48, trace=1, nelems=16, elem type=short)
ARR 122ba0 (sz=24, trace=1, nelems=3, elem type=int)
ARR 122be0 (sz=48, trace=1, nelems=18, elem type=short)
CLS 112cb0 (name=sun.misc.SoftCache, trace=1)
	super		122b40
ARR 122c20 (sz=40, trace=1, nelems=12, elem type=short)
ARR 122c40 (sz=320, trace=1, nelems=306, elem type=byte)
ARR 122c88 (sz=32, trace=1, nelems=5, elem type=int)
ARR 122cc8 (sz=144, trace=1, nelems=66, elem type=short)
ARR 122d08 (sz=32, trace=1, nelems=4, elem type=int)
CLS 112d50 (name=java.util.HashMap, trace=1)
	super		122b40
	static NULL_KEY	112d30
ARR 122d28 (sz=96, trace=1, nelems=40, elem type=short)
ARR 122d48 (sz=96, trace=1, nelems=81, elem type=byte)
ARR 122d88 (sz=32, trace=1, nelems=20, elem type=byte)
ARR 122da8 (sz=16, trace=1, nelems=0, elem type=short)
CLS 122de8 (name=java.util.Map$Entry, trace=1)
	super		1127f0
ARR 122e08 (sz=24, trace=1, nelems=4, elem type=short)
ARR 122e28 (sz=64, trace=1, nelems=24, elem type=short)
CLS 112d90 (name=java.util.HashMap$Entry, trace=1)
	super		1127f0
ARR 122e68 (sz=32, trace=1, nelems=8, elem type=short)
ARR 122ee8 (sz=32, trace=1, nelems=16, elem type=byte)
ARR 122f08 (sz=32, trace=1, nelems=16, elem type=byte)
ARR 122f28 (sz=16, trace=1, nelems=0, elem type=short)
CLS 122f68 (name=java.lang.IncompatibleClassChangeError, trace=1)
	super		11f080
ARR 122f88 (sz=16, trace=1, nelems=0, elem type=short)
CLS 122fc8 (name=java.lang.NoSuchMethodError, trace=1)
	super		122f68
ARR 122fe8 (sz=88, trace=1, nelems=76, elem type=byte)
ARR 123028 (sz=64, trace=1, nelems=24, elem type=short)
CLS 1130b8 (name=java.util.Hashtable$Entry, trace=1)
	super		1127f0
ARR 123068 (sz=32, trace=1, nelems=8, elem type=short)
ARR 1230c8 (sz=104, trace=1, nelems=85, elem type=byte)
ARR 1230e8 (sz=48, trace=1, nelems=18, elem type=short)
CLS 123128 (name=sun.misc.Version, trace=1)
	super		1127f0
	static java_runtime_version	1231e8
	static java_runtime_name	1231a8
	static java_version	123168
ARR 123148 (sz=32, trace=1, nelems=10, elem type=char)
OBJ 123168 (sz=24, trace=1, class=java.lang.String@7c438)
	value		123148
ARR 123188 (sz=112, trace=1, nelems=48, elem type=char)
OBJ 1231a8 (sz=24, trace=1, class=java.lang.String@7c438)
	value		123188
ARR 1231c8 (sz=40, trace=1, nelems=14, elem type=char)
OBJ 1231e8 (sz=24, trace=1, class=java.lang.String@7c438)
	value		1231c8
ARR 123208 (sz=40, trace=1, nelems=12, elem type=char)
OBJ 123228 (sz=24, trace=1, class=java.lang.String@7c438)
	value		123208
ARR 123248 (sz=56, trace=1, nelems=20, elem type=char)
OBJ 123268 (sz=24, trace=1, class=java.lang.String@7c438)
	value		123248
ARR 123288 (sz=48, trace=1, nelems=17, elem type=char)
OBJ 1232a8 (sz=24, trace=1, class=java.lang.String@7c438)
	value		123288
ARR 1232c8 (sz=112, trace=1, nelems=98, elem type=byte)
ARR 1232e8 (sz=72, trace=1, nelems=60, elem type=byte)
ARR 123308 (sz=40, trace=1, nelems=12, elem type=short)
ARR 123348 (sz=32, trace=1, nelems=4, elem type=int)
CLS 123368 (name=java.io.InputStream, trace=1)
	super		1127f0
ARR 123388 (sz=40, trace=1, nelems=12, elem type=short)
ARR 1233c8 (sz=48, trace=1, nelems=8, elem type=int)
CLS 114d48 (name=java.io.FileInputStream, trace=1)
	super		123368
ARR 1233e8 (sz=56, trace=1, nelems=40, elem type=byte)
ARR 123408 (sz=64, trace=1, nelems=24, elem type=short)
CLS 114dc8 (name=java.io.FileDescriptor, trace=1)
	super		1127f0
	static err	114e28
	static out	114e08
	static in	114de8
ARR 123448 (sz=128, trace=1, nelems=110, elem type=byte)
ARR 123470 (sz=48, trace=1, nelems=32, elem type=byte)
ARR 123490 (sz=16, trace=1, nelems=0, elem type=short)
CLS 1234d0 (name=java.io.OutputStream, trace=1)
	super		1127f0
ARR 1234f0 (sz=48, trace=1, nelems=18, elem type=short)
ARR 123530 (sz=48, trace=1, nelems=8, elem type=int)
CLS 114e48 (name=java.io.FileOutputStream, trace=1)
	super		1234d0
ARR 123550 (sz=112, trace=1, nelems=98, elem type=byte)
ARR 123570 (sz=64, trace=1, nelems=51, elem type=byte)
ARR 123590 (sz=24, trace=1, nelems=6, elem type=short)
CLS 1235d0 (name=java.io.FilterInputStream, trace=1)
	super		123368
ARR 1235f0 (sz=88, trace=1, nelems=36, elem type=short)
CLS 114ee8 (name=java.io.BufferedInputStream, trace=1)
	super		1235d0
ARR 123630 (sz=192, trace=1, nelems=179, elem type=byte)
ARR 123650 (sz=56, trace=1, nelems=40, elem type=byte)
ARR 123670 (sz=24, trace=1, nelems=6, elem type=short)
ARR 1236b0 (sz=32, trace=1, nelems=4, elem type=int)
CLS 1236d0 (name=java.io.FilterOutputStream, trace=1)
	super		1234d0
ARR 1236f0 (sz=72, trace=1, nelems=30, elem type=short)
ARR 123730 (sz=64, trace=1, nelems=12, elem type=int)
ARR 123750 (sz=64, trace=1, nelems=12, elem type=int)
ARR 123770 (sz=80, trace=1, nelems=16, elem type=int)
ARR 123790 (sz=48, trace=1, nelems=8, elem type=int)
ARR 1237b0 (sz=48, trace=1, nelems=8, elem type=int)
ARR 1237d0 (sz=48, trace=1, nelems=8, elem type=int)
ARR 1237f0 (sz=48, trace=1, nelems=8, elem type=int)
ARR 123810 (sz=80, trace=1, nelems=16, elem type=int)
ARR 123830 (sz=48, trace=1, nelems=8, elem type=int)
ARR 123850 (sz=48, trace=1, nelems=8, elem type=int)
ARR 123870 (sz=80, trace=1, nelems=16, elem type=int)
ARR 123890 (sz=48, trace=1, nelems=8, elem type=int)
ARR 1238b0 (sz=80, trace=1, nelems=16, elem type=int)
ARR 1238d0 (sz=48, trace=1, nelems=8, elem type=int)
ARR 1238f0 (sz=48, trace=1, nelems=8, elem type=int)
ARR 123910 (sz=80, trace=1, nelems=16, elem type=int)
CLS 114f48 (name=java.io.PrintStream, trace=1)
	super		1236d0
ARR 123930 (sz=72, trace=1, nelems=58, elem type=byte)
ARR 123950 (sz=40, trace=1, nelems=12, elem type=short)
CLS 114f88 (name=java.io.BufferedOutputStream, trace=1)
	super		1236d0
ARR 123990 (sz=96, trace=1, nelems=80, elem type=byte)
ARR 1239b0 (sz=72, trace=1, nelems=56, elem type=byte)
ARR 1239d0 (sz=48, trace=1, nelems=18, elem type=short)
ARR 123a10 (sz=48, trace=1, nelems=8, elem type=int)
ARR 123a30 (sz=48, trace=1, nelems=8, elem type=int)
CLS 123a50 (name=java.io.Writer, trace=1)
	super		1127f0
ARR 123a70 (sz=24, trace=1, nelems=6, elem type=short)
ARR 123ab0 (sz=32, trace=1, nelems=4, elem type=int)
CLS 115178 (name=java.io.OutputStreamWriter, trace=1)
	super		123a50
ARR 123ad0 (sz=160, trace=1, nelems=145, elem type=byte)
ARR 123af0 (sz=48, trace=1, nelems=18, elem type=short)
ARR 123b30 (sz=64, trace=1, nelems=12, elem type=int)
ARR 123b50 (sz=48, trace=1, nelems=8, elem type=int)
ARR 123b70 (sz=48, trace=1, nelems=8, elem type=int)
ARR 123b90 (sz=64, trace=1, nelems=12, elem type=int)
ARR 123bb0 (sz=32, trace=1, nelems=4, elem type=int)
ARR 123bd0 (sz=32, trace=1, nelems=4, elem type=int)
CLS 123bf0 (name=sun.nio.cs.StreamEncoder, trace=1)
	super		123a50
	static class$sun$nio$cs$StreamEncoder	123bf0
ARR 123c10 (sz=40, trace=1, nelems=12, elem type=short)
ARR 123c30 (sz=216, trace=1, nelems=200, elem type=byte)
ARR 123c50 (sz=112, trace=1, nelems=48, elem type=short)
ARR 123c98 (sz=48, trace=1, nelems=8, elem type=int)
ARR 123cb8 (sz=48, trace=1, nelems=8, elem type=int)
ARR 123cd8 (sz=64, trace=1, nelems=12, elem type=int)
ARR 123cf8 (sz=48, trace=1, nelems=8, elem type=int)
ARR 123d18 (sz=32, trace=1, nelems=4, elem type=int)
ARR 123d38 (sz=32, trace=1, nelems=4, elem type=int)
ARR 123d58 (sz=48, trace=1, nelems=8, elem type=int)
ARR 123d78 (sz=48, trace=1, nelems=8, elem type=int)
CLS 123d98 (name=sun.io.Converters, trace=1)
	super		1127f0
	static class$sun$io$Converters	123d98
	static classCache	1151f8
	static converterPrefix	1151b8
	static defaultEncoding	113ab8
	static lock	123d98
ARR 123db8 (sz=48, trace=1, nelems=17, elem type=char)
OBJ 123dd8 (sz=24, trace=1, class=java.lang.String@7c438)
	value		123db8
ARR 123df8 (sz=128, trace=1, nelems=113, elem type=byte)
ARR 123e18 (sz=16, trace=1, nelems=0, elem type=short)
CLS 123e58 (name=sun.reflect.Reflection, trace=1)
	super		1127f0
ARR 123ed8 (sz=32, trace=1, nelems=10, elem type=char)
OBJ 123ef8 (sz=24, trace=1, class=java.lang.String@7c438)
	value		123ed8
ARR 123f18 (sz=32, trace=1, nelems=10, elem type=char)
OBJ 123f38 (sz=24, trace=1, class=java.lang.String@7c438)
	value		123f18
ARR 123f98 (sz=48, trace=1, nelems=32, elem type=byte)
ARR 123fd8 (sz=40, trace=1, nelems=12, elem type=short)
CLS 124018 (name=sun.security.action.GetPropertyAction, trace=1)
	super		1127f0
ARR 124038 (sz=40, trace=1, nelems=13, elem type=char)
OBJ 124058 (sz=24, trace=1, class=java.lang.String@7c438)
	value		124038
ARR 124078 (sz=288, trace=1, nelems=276, elem type=byte)
ARR 1240b8 (sz=96, trace=1, nelems=42, elem type=short)
ARR 1240f8 (sz=32, trace=1, nelems=4, elem type=int)
ARR 124118 (sz=32, trace=1, nelems=4, elem type=int)
ARR 124138 (sz=32, trace=1, nelems=4, elem type=int)
ARR 124158 (sz=48, trace=1, nelems=8, elem type=int)
CLS 124178 (name=java.nio.charset.Charset, trace=1)
	super		1127f0
	static gate	119760
	static cache	11bb38
	static standardProvider	115238
ARR 124198 (sz=40, trace=1, nelems=12, elem type=short)
ARR 1241b8 (sz=176, trace=1, nelems=157, elem type=byte)
ARR 1241d8 (sz=152, trace=1, nelems=135, elem type=byte)
ARR 1241f8 (sz=48, trace=1, nelems=36, elem type=byte)
ARR 124218 (sz=16, trace=1, nelems=0, elem type=short)
CLS 124258 (name=java.nio.charset.spi.CharsetProvider, trace=1)
	super		1127f0
ARR 124278 (sz=72, trace=1, nelems=30, elem type=short)
ARR 1242b8 (sz=64, trace=1, nelems=12, elem type=int)
CLS 1242d8 (name=sun.nio.cs.AbstractCharsetProvider, trace=1)
	super		124258
ARR 1242f8 (sz=24, trace=1, nelems=4, elem type=short)
ARR 124318 (sz=24, trace=1, nelems=6, elem type=short)
CLS 115218 (name=sun.nio.cs.StandardCharsets, trace=1)
	super		1242d8
	static instance	119720
ARR 124358 (sz=368, trace=1, nelems=353, elem type=byte)
ARR 124398 (sz=32, trace=1, nelems=19, elem type=byte)
ARR 1243d8 (sz=16, trace=1, nelems=0, elem type=short)
CLS 124418 (name=java.util.SortedMap, trace=1)
	super		1127f0
ARR 124438 (sz=32, trace=1, nelems=5, elem type=int)
ARR 124480 (sz=112, trace=1, nelems=48, elem type=short)
ARR 1244c0 (sz=64, trace=1, nelems=12, elem type=int)
ARR 1244e0 (sz=48, trace=1, nelems=8, elem type=int)
ARR 124500 (sz=48, trace=1, nelems=8, elem type=int)
ARR 124520 (sz=48, trace=1, nelems=8, elem type=int)
CLS 115258 (name=java.util.TreeMap, trace=1)
	super		122b40
ARR 124540 (sz=96, trace=1, nelems=40, elem type=short)
ARR 124560 (sz=32, trace=1, nelems=10, elem type=char)
OBJ 124580 (sz=24, trace=1, class=java.lang.String@7c438)
	value		124560
ARR 1245a0 (sz=32, trace=1, nelems=8, elem type=char)
OBJ 1245c0 (sz=24, trace=1, class=java.lang.String@7c438)
	value		1245a0
ARR 1245e0 (sz=32, trace=1, nelems=8, elem type=char)
OBJ 124600 (sz=24, trace=1, class=java.lang.String@7c438)
	value		1245e0
ARR 124620 (sz=32, trace=1, nelems=8, elem type=char)
OBJ 124640 (sz=24, trace=1, class=java.lang.String@7c438)
	value		124620
ARR 124660 (sz=40, trace=1, nelems=14, elem type=char)
OBJ 124680 (sz=24, trace=1, class=java.lang.String@7c438)
	value		124660
ARR 1246a0 (sz=48, trace=1, nelems=16, elem type=char)
OBJ 1246c0 (sz=24, trace=1, class=java.lang.String@7c438)
	value		1246a0
ARR 1246e0 (sz=24, trace=1, nelems=5, elem type=char)
OBJ 124700 (sz=24, trace=1, class=java.lang.String@7c438)
	value		1246e0
ARR 124720 (sz=32, trace=1, nelems=9, elem type=char)
OBJ 124740 (sz=24, trace=1, class=java.lang.String@7c438)
	value		124720
ARR 124760 (sz=16, trace=1, nelems=2, elem type=char)
OBJ 124780 (sz=24, trace=1, class=java.lang.String@7c438)
	value		124760
ARR 1247a0 (sz=24, trace=1, nelems=6, elem type=char)
OBJ 1247c0 (sz=24, trace=1, class=java.lang.String@7c438)
	value		1247a0
ARR 1247e0 (sz=24, trace=1, nelems=5, elem type=char)
OBJ 124800 (sz=24, trace=1, class=java.lang.String@7c438)
	value		1247e0
ARR 124820 (sz=32, trace=1, nelems=7, elem type=char)
OBJ 124840 (sz=24, trace=1, class=java.lang.String@7c438)
	value		124820
ARR 124860 (sz=24, trace=1, nelems=3, elem type=char)
OBJ 124880 (sz=24, trace=1, class=java.lang.String@7c438)
	value		124860
ARR 1248a0 (sz=48, trace=1, nelems=16, elem type=char)
OBJ 1248c0 (sz=24, trace=1, class=java.lang.String@7c438)
	value		1248a0
ARR 1248e0 (sz=40, trace=1, nelems=14, elem type=char)
OBJ 124900 (sz=24, trace=1, class=java.lang.String@7c438)
	value		1248e0
ARR 124920 (sz=96, trace=1, nelems=78, elem type=byte)
ARR 124960 (sz=88, trace=1, nelems=36, elem type=short)
CLS 115318 (name=java.util.TreeMap$Entry, trace=1)
	super		1127f0
ARR 1249a0 (sz=32, trace=1, nelems=8, elem type=short)
ARR 1249c0 (sz=24, trace=1, nelems=4, elem type=char)
OBJ 1249e0 (sz=24, trace=1, class=java.lang.String@7c438)
	value		1249c0
ARR 124b40 (sz=24, trace=1, nelems=5, elem type=char)
OBJ 124b60 (sz=24, trace=1, class=java.lang.String@7c438)
	value		124b40
ARR 124b80 (sz=24, trace=1, nelems=5, elem type=char)
OBJ 124ba0 (sz=24, trace=1, class=java.lang.String@7c438)
	value		124b80
ARR 124bc0 (sz=24, trace=1, nelems=4, elem type=char)
OBJ 124be0 (sz=24, trace=1, class=java.lang.String@7c438)
	value		124bc0
ARR 124c00 (sz=24, trace=1, nelems=6, elem type=char)
OBJ 124c20 (sz=24, trace=1, class=java.lang.String@7c438)
	value		124c00
ARR 124c40 (sz=24, trace=1, nelems=6, elem type=char)
OBJ 124c60 (sz=24, trace=1, class=java.lang.String@7c438)
	value		124c40
ARR 124c88 (sz=32, trace=1, nelems=8, elem type=char)
OBJ 124ca8 (sz=24, trace=1, class=java.lang.String@7c438)
	value		124c88
ARR 124cc8 (sz=32, trace=1, nelems=8, elem type=char)
OBJ 124ce8 (sz=24, trace=1, class=java.lang.String@7c438)
	value		124cc8
ARR 124d08 (sz=48, trace=1, nelems=15, elem type=char)
OBJ 124d28 (sz=24, trace=1, class=java.lang.String@7c438)
	value		124d08
ARR 124d48 (sz=32, trace=1, nelems=10, elem type=char)
OBJ 124d68 (sz=24, trace=1, class=java.lang.String@7c438)
	value		124d48
ARR 124d88 (sz=32, trace=1, nelems=8, elem type=char)
OBJ 124da8 (sz=24, trace=1, class=java.lang.String@7c438)
	value		124d88
ARR 124dc8 (sz=32, trace=1, nelems=8, elem type=char)
OBJ 124de8 (sz=24, trace=1, class=java.lang.String@7c438)
	value		124dc8
ARR 124e08 (sz=32, trace=1, nelems=10, elem type=char)
OBJ 124e28 (sz=24, trace=1, class=java.lang.String@7c438)
	value		124e08
ARR 124e48 (sz=32, trace=1, nelems=10, elem type=char)
OBJ 124e68 (sz=24, trace=1, class=java.lang.String@7c438)
	value		124e48
ARR 124e88 (sz=32, trace=1, nelems=10, elem type=char)
OBJ 124ea8 (sz=24, trace=1, class=java.lang.String@7c438)
	value		124e88
ARR 124ec8 (sz=32, trace=1, nelems=10, elem type=char)
OBJ 124ee8 (sz=24, trace=1, class=java.lang.String@7c438)
	value		124ec8
ARR 124f08 (sz=32, trace=1, nelems=10, elem type=char)
OBJ 124f28 (sz=24, trace=1, class=java.lang.String@7c438)
	value		124f08
ARR 124f48 (sz=24, trace=1, nelems=6, elem type=char)
OBJ 124f68 (sz=24, trace=1, class=java.lang.String@7c438)
	value		124f48
ARR 124f88 (sz=16, trace=1, nelems=2, elem type=char)
OBJ 124fa8 (sz=24, trace=1, class=java.lang.String@7c438)
	value		124f88
ARR 124fc8 (sz=24, trace=1, nelems=6, elem type=char)
OBJ 124fe8 (sz=24, trace=1, class=java.lang.String@7c438)
	value		124fc8
ARR 125008 (sz=24, trace=1, nelems=5, elem type=char)
OBJ 125028 (sz=24, trace=1, class=java.lang.String@7c438)
	value		125008
ARR 125048 (sz=40, trace=1, nelems=11, elem type=char)
OBJ 125068 (sz=24, trace=1, class=java.lang.String@7c438)
	value		125048
ARR 125088 (sz=24, trace=1, nelems=3, elem type=char)
OBJ 1250a8 (sz=24, trace=1, class=java.lang.String@7c438)
	value		125088
ARR 1250c8 (sz=32, trace=1, nelems=7, elem type=char)
OBJ 1250e8 (sz=24, trace=1, class=java.lang.String@7c438)
	value		1250c8
ARR 125108 (sz=32, trace=1, nelems=9, elem type=char)
OBJ 125128 (sz=24, trace=1, class=java.lang.String@7c438)
	value		125108
ARR 125148 (sz=48, trace=1, nelems=15, elem type=char)
OBJ 125168 (sz=24, trace=1, class=java.lang.String@7c438)
	value		125148
ARR 125188 (sz=24, trace=1, nelems=6, elem type=char)
OBJ 1251a8 (sz=24, trace=1, class=java.lang.String@7c438)
	value		125188
ARR 1251c8 (sz=32, trace=1, nelems=9, elem type=char)
OBJ 1251e8 (sz=24, trace=1, class=java.lang.String@7c438)
	value		1251c8
ARR 125208 (sz=40, trace=1, nelems=11, elem type=char)
OBJ 125228 (sz=24, trace=1, class=java.lang.String@7c438)
	value		125208
ARR 125248 (sz=40, trace=1, nelems=11, elem type=char)
OBJ 125268 (sz=24, trace=1, class=java.lang.String@7c438)
	value		125248
ARR 125288 (sz=40, trace=1, nelems=11, elem type=char)
OBJ 1252a8 (sz=24, trace=1, class=java.lang.String@7c438)
	value		125288
ARR 1252c8 (sz=32, trace=1, nelems=7, elem type=char)
OBJ 1252e8 (sz=24, trace=1, class=java.lang.String@7c438)
	value		1252c8
ARR 125308 (sz=32, trace=1, nelems=10, elem type=char)
OBJ 125328 (sz=24, trace=1, class=java.lang.String@7c438)
	value		125308
ARR 125348 (sz=24, trace=1, nelems=6, elem type=char)
OBJ 125368 (sz=24, trace=1, class=java.lang.String@7c438)
	value		125348
ARR 125388 (sz=32, trace=1, nelems=7, elem type=char)
OBJ 1253a8 (sz=24, trace=1, class=java.lang.String@7c438)
	value		125388
ARR 1253c8 (sz=24, trace=1, nelems=5, elem type=char)
OBJ 1253e8 (sz=24, trace=1, class=java.lang.String@7c438)
	value		1253c8
ARR 125408 (sz=24, trace=1, nelems=3, elem type=char)
OBJ 125428 (sz=24, trace=1, class=java.lang.String@7c438)
	value		125408
ARR 125448 (sz=24, trace=1, nelems=6, elem type=char)
OBJ 125468 (sz=24, trace=1, class=java.lang.String@7c438)
	value		125448
ARR 125490 (sz=24, trace=1, nelems=6, elem type=char)
OBJ 1254b0 (sz=24, trace=1, class=java.lang.String@7c438)
	value		125490
ARR 1254d0 (sz=16, trace=1, nelems=2, elem type=char)
OBJ 1254f0 (sz=24, trace=1, class=java.lang.String@7c438)
	value		1254d0
ARR 125510 (sz=40, trace=1, nelems=11, elem type=char)
OBJ 125530 (sz=24, trace=1, class=java.lang.String@7c438)
	value		125510
ARR 125550 (sz=40, trace=1, nelems=11, elem type=char)
OBJ 125570 (sz=24, trace=1, class=java.lang.String@7c438)
	value		125550
ARR 125590 (sz=48, trace=1, nelems=15, elem type=char)
OBJ 1255b0 (sz=24, trace=1, class=java.lang.String@7c438)
	value		125590
ARR 1255d0 (sz=40, trace=1, nelems=12, elem type=char)
OBJ 1255f0 (sz=24, trace=1, class=java.lang.String@7c438)
	value		1255d0
ARR 125610 (sz=24, trace=1, nelems=6, elem type=char)
OBJ 125630 (sz=24, trace=1, class=java.lang.String@7c438)
	value		125610
ARR 125650 (sz=24, trace=1, nelems=6, elem type=char)
OBJ 125670 (sz=24, trace=1, class=java.lang.String@7c438)
	value		125650
ARR 125690 (sz=96, trace=1, nelems=82, elem type=byte)
ARR 1256b0 (sz=48, trace=1, nelems=18, elem type=short)
CLS 119740 (name=java.lang.ThreadLocal, trace=1)
	super		1127f0
ARR 1256f0 (sz=32, trace=1, nelems=8, elem type=short)
ARR 125710 (sz=24, trace=1, nelems=4, elem type=char)
OBJ 125730 (sz=24, trace=1, class=java.lang.String@7c438)
	value		125710
ARR 125750 (sz=16, trace=1, nelems=1, elem type=char)
OBJ 125770 (sz=24, trace=1, class=java.lang.String@7c438)
	value		125750
ARR 125790 (sz=88, trace=1, nelems=69, elem type=byte)
ARR 1257d0 (sz=24, trace=1, nelems=9, elem type=byte)
ARR 1257f0 (sz=16, trace=1, nelems=0, elem type=short)
CLS 125830 (name=sun.nio.cs.HistoricallyNamedCharset, trace=1)
	super		1127f0
ARR 125870 (sz=24, trace=1, nelems=6, elem type=short)
ARR 1258b0 (sz=32, trace=1, nelems=4, elem type=int)
CLS 119960 (name=sun.nio.cs.ISO_8859_1, trace=1)
	super		124178
	static class$sun$nio$cs$ISO_8859_1	119960
ARR 1258d0 (sz=40, trace=1, nelems=12, elem type=short)
ARR 1258f0 (sz=48, trace=1, nelems=15, elem type=char)
OBJ 125910 (sz=24, trace=1, class=java.lang.String@7c438)
	value		1258f0
ARR 125930 (sz=64, trace=1, nelems=47, elem type=byte)
ARR 125970 (sz=16, trace=1, nelems=0, elem type=short)
CLS 1259b0 (name=java.lang.Class$3, trace=1)
	super		1127f0
ARR 1259d0 (sz=24, trace=1, nelems=4, elem type=short)
ARR 125a70 (sz=136, trace=1, nelems=121, elem type=byte)
ARR 125a90 (sz=160, trace=1, nelems=72, elem type=short)
CLS 125ad0 (name=java.lang.reflect.Modifier, trace=1)
	super		1127f0
ARR 125af0 (sz=24, trace=1, nelems=4, elem type=short)
ARR 125b10 (sz=96, trace=1, nelems=78, elem type=byte)
ARR 125b50 (sz=48, trace=1, nelems=29, elem type=byte)
ARR 125b70 (sz=16, trace=1, nelems=0, elem type=short)
CLS 125bb0 (name=sun.reflect.LangReflectAccess, trace=1)
	super		1127f0
ARR 125bd0 (sz=16, trace=1, nelems=0, elem type=short)
CLS 119880 (name=java.lang.reflect.ReflectAccess, trace=1)
	super		1127f0
ARR 125c10 (sz=48, trace=1, nelems=34, elem type=byte)
ARR 125c50 (sz=40, trace=1, nelems=12, elem type=short)
CLS 125c98 (name=java.lang.Class$1, trace=1)
	super		1127f0
ARR 125cb8 (sz=24, trace=1, nelems=4, elem type=short)
ARR 125cd8 (sz=104, trace=1, nelems=23, elem type=int)
ARR 125cf8 (sz=56, trace=1, nelems=21, elem type=char)
OBJ 125d18 (sz=24, trace=1, class=java.lang.String@7c438)
	value		125cf8
ARR 125d38 (sz=96, trace=1, nelems=77, elem type=byte)
ARR 125d78 (sz=16, trace=1, nelems=0, elem type=short)
ARR 125db8 (sz=32, trace=1, nelems=4, elem type=int)
CLS 125dd8 (name=sun.reflect.ReflectionFactory$1, trace=1)
	super		1127f0
ARR 125df8 (sz=24, trace=1, nelems=4, elem type=short)
ARR 125e18 (sz=88, trace=1, nelems=35, elem type=char)
OBJ 125e38 (sz=24, trace=1, class=java.lang.String@7c438)
	value		125e18
ARR 125e58 (sz=88, trace=1, nelems=76, elem type=byte)
ARR 125e78 (sz=48, trace=1, nelems=18, elem type=short)
CLS 1198e0 (name=sun.reflect.NativeConstructorAccessorImpl, trace=1)
	super		1203b8
ARR 125eb8 (sz=48, trace=1, nelems=32, elem type=byte)
ARR 125ed8 (sz=24, trace=1, nelems=6, elem type=short)
CLS 119920 (name=sun.reflect.DelegatingConstructorAccessorImpl, trace=1)
	super		1203b8
ARR 125f18 (sz=248, trace=1, nelems=234, elem type=byte)
ARR 125f38 (sz=120, trace=1, nelems=54, elem type=short)
CLS 1199e0 (name=sun.nio.cs.StreamEncoder$CharsetSE, trace=1)
	super		123bf0
ARR 125f78 (sz=24, trace=1, nelems=4, elem type=short)
ARR 125f98 (sz=64, trace=1, nelems=24, elem type=char)
OBJ 125fb8 (sz=24, trace=1, class=java.lang.String@7c438)
	value		125f98
ARR 125fd8 (sz=152, trace=1, nelems=135, elem type=byte)
ARR 125ff8 (sz=376, trace=1, nelems=360, elem type=byte)
ARR 126018 (sz=192, trace=1, nelems=90, elem type=short)
ARR 126058 (sz=80, trace=1, nelems=16, elem type=int)
ARR 126078 (sz=32, trace=1, nelems=4, elem type=int)
ARR 126098 (sz=48, trace=1, nelems=8, elem type=int)
CLS 1260b8 (name=java.nio.charset.CharsetEncoder, trace=1)
	super		1127f0
	static class$java$nio$charset$CharsetEncoder	1260b8
	static stateNames	119a20
ARR 1260d8 (sz=40, trace=1, nelems=12, elem type=short)
ARR 126118 (sz=96, trace=1, nelems=20, elem type=int)
ARR 126138 (sz=96, trace=1, nelems=20, elem type=int)
CLS 119a40 (name=sun.nio.cs.ISO_8859_1$Encoder, trace=1)
	super		1260b8
ARR 126158 (sz=32, trace=1, nelems=8, elem type=short)
ARR 126178 (sz=80, trace=1, nelems=31, elem type=char)
OBJ 126198 (sz=24, trace=1, class=java.lang.String@7c438)
	value		126178
ARR 1261b8 (sz=24, trace=1, nelems=5, elem type=char)
OBJ 1261d8 (sz=24, trace=1, class=java.lang.String@7c438)
	value		1261b8
ARR 1261f8 (sz=24, trace=1, nelems=6, elem type=char)
OBJ 126218 (sz=24, trace=1, class=java.lang.String@7c438)
	value		1261f8
ARR 126238 (sz=32, trace=1, nelems=10, elem type=char)
OBJ 126258 (sz=24, trace=1, class=java.lang.String@7c438)
	value		126238
ARR 126278 (sz=32, trace=1, nelems=7, elem type=char)
OBJ 126298 (sz=24, trace=1, class=java.lang.String@7c438)
	value		126278
ARR 1262b8 (sz=48, trace=1, nelems=36, elem type=byte)
ARR 1262d8 (sz=64, trace=1, nelems=24, elem type=short)
CLS 119aa0 (name=java.nio.charset.CodingErrorAction, trace=1)
	super		1127f0
	static REPORT	119b00
	static REPLACE	119ae0
	static IGNORE	119ac0
ARR 126318 (sz=24, trace=1, nelems=6, elem type=char)
OBJ 126338 (sz=24, trace=1, class=java.lang.String@7c438)
	value		126318
ARR 126358 (sz=32, trace=1, nelems=7, elem type=char)
OBJ 126378 (sz=24, trace=1, class=java.lang.String@7c438)
	value		126358
ARR 126398 (sz=24, trace=1, nelems=6, elem type=char)
OBJ 1263b8 (sz=24, trace=1, class=java.lang.String@7c438)
	value		126398
ARR 1263d8 (sz=128, trace=1, nelems=109, elem type=byte)
ARR 1263f8 (sz=304, trace=1, nelems=287, elem type=byte)
ARR 126418 (sz=184, trace=1, nelems=84, elem type=short)
ARR 126458 (sz=32, trace=1, nelems=4, elem type=int)
ARR 126478 (sz=48, trace=1, nelems=8, elem type=int)
CLS 1264a0 (name=java.nio.charset.CharsetDecoder, trace=1)
	super		1127f0
	static class$java$nio$charset$CharsetDecoder	1264a0
	static stateNames	119b20
ARR 1264c0 (sz=24, trace=1, nelems=6, elem type=short)
ARR 126500 (sz=64, trace=1, nelems=12, elem type=int)
ARR 126520 (sz=64, trace=1, nelems=12, elem type=int)
CLS 126540 (name=sun.nio.cs.ISO_8859_1$Decoder, trace=1)
	super		1264a0
ARR 126560 (sz=24, trace=1, nelems=4, elem type=short)
ARR 126580 (sz=80, trace=1, nelems=31, elem type=char)
OBJ 1265a0 (sz=24, trace=1, class=java.lang.String@7c438)
	value		126580
ARR 1265c0 (sz=16, trace=1, nelems=1, elem type=char)
OBJ 1265e0 (sz=24, trace=1, class=java.lang.String@7c438)
	value		1265c0
ARR 126600 (sz=248, trace=1, nelems=232, elem type=byte)
ARR 126640 (sz=72, trace=1, nelems=30, elem type=short)
ARR 126680 (sz=32, trace=1, nelems=4, elem type=int)
CLS 1266a0 (name=java.nio.ByteBuffer, trace=1)
	super		120978
ARR 1266c0 (sz=256, trace=1, nelems=243, elem type=byte)
ARR 1266e0 (sz=16, trace=1, nelems=0, elem type=short)
CLS 11a528 (name=java.nio.HeapByteBuffer, trace=1)
	super		1266a0
ARR 126720 (sz=448, trace=1, nelems=433, elem type=byte)
ARR 126740 (sz=96, trace=1, nelems=42, elem type=short)
ARR 126780 (sz=48, trace=1, nelems=8, elem type=int)
CLS 1267a0 (name=java.nio.Bits, trace=1)
	super		1127f0
	static byteOrder	119be0
	static unsafe	119ba0
ARR 1267c0 (sz=224, trace=1, nelems=212, elem type=byte)
ARR 1267e0 (sz=40, trace=1, nelems=12, elem type=short)
CLS 119b80 (name=sun.misc.Unsafe, trace=1)
	super		1127f0
	static theUnsafe	119ba0
ARR 126820 (sz=56, trace=1, nelems=39, elem type=byte)
ARR 126840 (sz=48, trace=1, nelems=18, elem type=short)
CLS 119bc0 (name=java.nio.ByteOrder, trace=1)
	super		1127f0
	static LITTLE_ENDIAN	119c00
	static BIG_ENDIAN	119be0
ARR 126880 (sz=32, trace=1, nelems=10, elem type=char)
OBJ 1268a0 (sz=24, trace=1, class=java.lang.String@7c438)
	value		126880
ARR 1268c0 (sz=40, trace=1, nelems=13, elem type=char)
OBJ 1268e0 (sz=24, trace=1, class=java.lang.String@7c438)
	value		1268c0
ARR 126900 (sz=168, trace=1, nelems=154, elem type=byte)
ARR 126940 (sz=48, trace=1, nelems=18, elem type=short)
ARR 126980 (sz=32, trace=1, nelems=4, elem type=int)
ARR 1269a0 (sz=32, trace=1, nelems=4, elem type=int)
CLS 1269c0 (name=java.nio.CharBuffer, trace=1)
	super		120978
ARR 1269e0 (sz=144, trace=1, nelems=130, elem type=byte)
ARR 126a00 (sz=16, trace=1, nelems=0, elem type=short)
ARR 126a40 (sz=32, trace=1, nelems=4, elem type=int)
CLS 126a60 (name=java.nio.HeapCharBuffer, trace=1)
	super		1269c0
ARR 126a80 (sz=176, trace=1, nelems=161, elem type=byte)
ARR 126aa0 (sz=184, trace=1, nelems=84, elem type=short)
ARR 126ae0 (sz=32, trace=1, nelems=4, elem type=int)
CLS 119c40 (name=java.nio.charset.CoderResult, trace=1)
	super		1127f0
	static class$java$nio$charset$CoderResult	119c40
	static unmappableCache	119d00
	static malformedCache	119cc0
	static OVERFLOW	119c80
	static UNDERFLOW	119c60
	static names	119c20
ARR 126b00 (sz=40, trace=1, nelems=12, elem type=short)
ARR 126b20 (sz=72, trace=1, nelems=28, elem type=char)
OBJ 126b40 (sz=24, trace=1, class=java.lang.String@7c438)
	value		126b20
ARR 126b60 (sz=32, trace=1, nelems=9, elem type=char)
OBJ 126b80 (sz=24, trace=1, class=java.lang.String@7c438)
	value		126b60
ARR 126ba0 (sz=32, trace=1, nelems=8, elem type=char)
OBJ 126bc0 (sz=24, trace=1, class=java.lang.String@7c438)
	value		126ba0
ARR 126be0 (sz=32, trace=1, nelems=9, elem type=char)
OBJ 126c00 (sz=24, trace=1, class=java.lang.String@7c438)
	value		126be0
ARR 126c20 (sz=32, trace=1, nelems=10, elem type=char)
OBJ 126c40 (sz=24, trace=1, class=java.lang.String@7c438)
	value		126c20
ARR 126c60 (sz=40, trace=1, nelems=23, elem type=byte)
ARR 126c80 (sz=80, trace=1, nelems=65, elem type=byte)
ARR 126ca8 (sz=24, trace=1, nelems=6, elem type=short)
CLS 126ce8 (name=java.nio.charset.CoderResult$Cache, trace=1)
	super		1127f0
ARR 126d08 (sz=24, trace=1, nelems=4, elem type=short)
ARR 126d28 (sz=16, trace=1, nelems=0, elem type=short)
CLS 119ca0 (name=java.nio.charset.CoderResult$1, trace=1)
	super		126ce8
ARR 126d68 (sz=32, trace=1, nelems=8, elem type=short)
ARR 126d88 (sz=40, trace=1, nelems=23, elem type=byte)
ARR 126da8 (sz=16, trace=1, nelems=0, elem type=short)
CLS 119ce0 (name=java.nio.charset.CoderResult$2, trace=1)
	super		126ce8
ARR 126de8 (sz=32, trace=1, nelems=8, elem type=short)
ARR 126e08 (sz=104, trace=1, nelems=92, elem type=byte)
ARR 126e28 (sz=64, trace=1, nelems=24, elem type=short)
CLS 119d20 (name=sun.nio.cs.Surrogate$Parser, trace=1)
	super		1127f0
ARR 126e68 (sz=24, trace=1, nelems=4, elem type=short)
ARR 126e88 (sz=104, trace=1, nelems=90, elem type=byte)
ARR 126ea8 (sz=136, trace=1, nelems=60, elem type=short)
ARR 126ee8 (sz=32, trace=1, nelems=4, elem type=int)
CLS 126f08 (name=sun.nio.cs.Surrogate, trace=1)
	super		1127f0
	static class$sun$nio$cs$Surrogate	126f08
ARR 126f28 (sz=32, trace=1, nelems=8, elem type=short)
ARR 126f48 (sz=56, trace=1, nelems=20, elem type=char)
OBJ 126f68 (sz=24, trace=1, class=java.lang.String@7c438)
	value		126f48
ARR 126f88 (sz=128, trace=1, nelems=110, elem type=byte)
ARR 126fa8 (sz=88, trace=1, nelems=36, elem type=short)
ARR 126fe8 (sz=64, trace=1, nelems=12, elem type=int)
ARR 127008 (sz=48, trace=1, nelems=8, elem type=int)
ARR 127028 (sz=64, trace=1, nelems=12, elem type=int)
ARR 127048 (sz=48, trace=1, nelems=8, elem type=int)
ARR 127068 (sz=80, trace=1, nelems=16, elem type=int)
ARR 127088 (sz=48, trace=1, nelems=8, elem type=int)
CLS 11a588 (name=java.io.BufferedWriter, trace=1)
	super		123a50
ARR 1270a8 (sz=40, trace=1, nelems=14, elem type=char)
OBJ 1270c8 (sz=24, trace=1, class=java.lang.String@7c438)
	value		1270a8
ARR 1270e8 (sz=528, trace=1, nelems=516, elem type=byte)
ARR 127108 (sz=160, trace=1, nelems=72, elem type=short)
ARR 127148 (sz=32, trace=1, nelems=4, elem type=int)
ARR 127168 (sz=64, trace=1, nelems=12, elem type=int)
ARR 127188 (sz=48, trace=1, nelems=8, elem type=int)
ARR 1271a8 (sz=64, trace=1, nelems=12, elem type=int)
ARR 1271c8 (sz=32, trace=1, nelems=4, elem type=int)
ARR 1271e8 (sz=32, trace=1, nelems=4, elem type=int)
ARR 127208 (sz=32, trace=1, nelems=4, elem type=int)
ARR 127228 (sz=32, trace=1, nelems=4, elem type=int)
ARR 127248 (sz=32, trace=1, nelems=4, elem type=int)
ARR 127268 (sz=32, trace=1, nelems=4, elem type=int)
CLS 11a968 (name=java.util.logging.LogManager, trace=1)
	super		1127f0
	static class$java$util$logging$LogManager	11a968
	static defaultLevel	11a8a8
	static emptyHandlers	11a7a8
	static manager	11a988
ARR 127288 (sz=64, trace=1, nelems=24, elem type=short)
ARR 1272a8 (sz=168, trace=1, nelems=149, elem type=byte)
ARR 1272c8 (sz=112, trace=1, nelems=48, elem type=short)
ARR 127308 (sz=32, trace=1, nelems=4, elem type=int)
CLS 11a788 (name=java.util.logging.Handler, trace=1)
	super		1127f0
ARR 127348 (sz=200, trace=1, nelems=181, elem type=byte)
ARR 127388 (sz=192, trace=1, nelems=90, elem type=short)
ARR 1273c8 (sz=64, trace=1, nelems=12, elem type=int)
ARR 1273e8 (sz=32, trace=1, nelems=4, elem type=int)
ARR 127408 (sz=32, trace=1, nelems=4, elem type=int)
ARR 127428 (sz=32, trace=1, nelems=4, elem type=int)
ARR 127448 (sz=48, trace=1, nelems=8, elem type=int)
ARR 127468 (sz=48, trace=1, nelems=8, elem type=int)
CLS 11a828 (name=java.util.logging.Level, trace=1)
	super		1127f0
	static class$java$util$logging$Level	11a828
	static ALL	11a948
	static FINEST	11a928
	static FINER	11a908
	static FINE	11a8e8
	static CONFIG	11a8c8
	static INFO	11a8a8
	static WARNING	11a888
	static SEVERE	11a868
	static OFF	11a848
	static defaultBundle	127590
	static known	11a7e8
ARR 127488 (sz=208, trace=1, nelems=196, elem type=byte)
ARR 1274d0 (sz=40, trace=1, nelems=7, elem type=int)
ARR 127510 (sz=48, trace=1, nelems=18, elem type=short)
ARR 127550 (sz=32, trace=1, nelems=4, elem type=int)
CLS 11a7c8 (name=java.util.ArrayList, trace=1)
	super		1206f8
ARR 127570 (sz=80, trace=1, nelems=34, elem type=char)
OBJ 127590 (sz=24, trace=1, class=java.lang.String@7c438)
	value		127570
ARR 1275b0 (sz=24, trace=1, nelems=3, elem type=char)
OBJ 1275d0 (sz=24, trace=1, class=java.lang.String@7c438)
	value		1275b0
ARR 1275f0 (sz=64, trace=1, nelems=23, elem type=char)
OBJ 127610 (sz=24, trace=1, class=java.lang.String@7c438)
	value		1275f0
ARR 127630 (sz=24, trace=1, nelems=6, elem type=char)
OBJ 127650 (sz=24, trace=1, class=java.lang.String@7c438)
	value		127630
ARR 127670 (sz=32, trace=1, nelems=7, elem type=char)
OBJ 127690 (sz=24, trace=1, class=java.lang.String@7c438)
	value		127670
ARR 1276b0 (sz=24, trace=1, nelems=4, elem type=char)
OBJ 1276d0 (sz=24, trace=1, class=java.lang.String@7c438)
	value		1276b0
ARR 1276f0 (sz=24, trace=1, nelems=6, elem type=char)
OBJ 127710 (sz=24, trace=1, class=java.lang.String@7c438)
	value		1276f0
ARR 127730 (sz=24, trace=1, nelems=4, elem type=char)
OBJ 127750 (sz=24, trace=1, class=java.lang.String@7c438)
	value		127730
ARR 127770 (sz=24, trace=1, nelems=5, elem type=char)
OBJ 127790 (sz=24, trace=1, class=java.lang.String@7c438)
	value		127770
ARR 1277b0 (sz=24, trace=1, nelems=6, elem type=char)
OBJ 1277d0 (sz=24, trace=1, class=java.lang.String@7c438)
	value		1277b0
ARR 1277f0 (sz=24, trace=1, nelems=3, elem type=char)
OBJ 127810 (sz=24, trace=1, class=java.lang.String@7c438)
	value		1277f0
ARR 127830 (sz=64, trace=1, nelems=25, elem type=char)
OBJ 127850 (sz=24, trace=1, class=java.lang.String@7c438)
	value		127830
ARR 127870 (sz=232, trace=1, nelems=219, elem type=byte)
ARR 1278b0 (sz=72, trace=1, nelems=30, elem type=short)
ARR 1278f0 (sz=48, trace=1, nelems=8, elem type=int)
ARR 127910 (sz=48, trace=1, nelems=8, elem type=int)
ARR 127930 (sz=48, trace=1, nelems=8, elem type=int)
CLS 11a9a8 (name=java.beans.PropertyChangeSupport, trace=1)
	super		1127f0
ARR 127950 (sz=72, trace=1, nelems=28, elem type=char)
OBJ 127970 (sz=24, trace=1, class=java.lang.String@7c438)
	value		127950
ARR 127990 (sz=72, trace=1, nelems=60, elem type=byte)
ARR 1279b0 (sz=48, trace=1, nelems=18, elem type=short)
CLS 11aa48 (name=java.util.logging.LogManager$LogNode, trace=1)
	super		1127f0
ARR 1279f0 (sz=24, trace=1, nelems=4, elem type=short)
ARR 127a10 (sz=64, trace=1, nelems=47, elem type=byte)
ARR 127a30 (sz=16, trace=1, nelems=0, elem type=short)
CLS 11aa88 (name=java.util.logging.LoggingPermission, trace=1)
	super		121c98
ARR 127a70 (sz=32, trace=1, nelems=7, elem type=char)
OBJ 127a90 (sz=24, trace=1, class=java.lang.String@7c438)
	value		127a70
ARR 127ab0 (sz=216, trace=1, nelems=204, elem type=byte)
ARR 127ad0 (sz=24, trace=1, nelems=6, elem type=short)
ARR 127b10 (sz=32, trace=1, nelems=4, elem type=int)
CLS 11aac8 (name=java.lang.Runtime, trace=1)
	super		1127f0
	static currentRuntime	11aae8
ARR 127b30 (sz=56, trace=1, nelems=37, elem type=byte)
ARR 127b50 (sz=24, trace=1, nelems=6, elem type=short)
ARR 127b90 (sz=48, trace=1, nelems=8, elem type=int)
CLS 11ab08 (name=java.util.logging.LogManager$Cleaner, trace=1)
	super		112670
ARR 127bb0 (sz=24, trace=1, nelems=4, elem type=short)
ARR 127bd0 (sz=32, trace=1, nelems=7, elem type=char)
OBJ 127bf0 (sz=24, trace=1, class=java.lang.String@7c438)
	value		127bd0
ARR 127c10 (sz=24, trace=1, nelems=3, elem type=char)
OBJ 127c30 (sz=24, trace=1, class=java.lang.String@7c438)
	value		127c10
ARR 127c50 (sz=32, trace=1, nelems=16, elem type=byte)
ARR 127c70 (sz=16, trace=1, nelems=0, elem type=short)
CLS 11aba8 (name=java.lang.Integer$1, trace=1)
	super		119740
ARR 127cb8 (sz=24, trace=1, nelems=4, elem type=short)
ARR 127cd8 (sz=16, trace=1, nelems=1, elem type=char)
OBJ 127cf8 (sz=24, trace=1, class=java.lang.String@7c438)
	value		127cd8
ARR 127d18 (sz=184, trace=1, nelems=168, elem type=byte)
ARR 127d38 (sz=112, trace=1, nelems=48, elem type=short)
ARR 127d78 (sz=32, trace=1, nelems=4, elem type=int)
ARR 127d98 (sz=96, trace=1, nelems=20, elem type=int)
ARR 127db8 (sz=80, trace=1, nelems=16, elem type=int)
ARR 127dd8 (sz=80, trace=1, nelems=16, elem type=int)
ARR 127df8 (sz=48, trace=1, nelems=8, elem type=int)
ARR 127e18 (sz=48, trace=1, nelems=8, elem type=int)
ARR 127e38 (sz=64, trace=1, nelems=12, elem type=int)
ARR 127e58 (sz=32, trace=1, nelems=4, elem type=int)
CLS 127e78 (name=java.lang.Shutdown, trace=1)
	super		1127f0
	static lock	11ac28
	static hooks	11ac88
ARR 127e98 (sz=40, trace=1, nelems=12, elem type=short)
ARR 127eb8 (sz=32, trace=1, nelems=20, elem type=byte)
ARR 127ed8 (sz=16, trace=1, nelems=0, elem type=short)
CLS 11ac08 (name=java.lang.Shutdown$Lock, trace=1)
	super		1127f0
ARR 127f18 (sz=24, trace=1, nelems=4, elem type=short)
ARR 127f38 (sz=176, trace=1, nelems=161, elem type=byte)
ARR 127f58 (sz=80, trace=1, nelems=61, elem type=byte)
ARR 127f98 (sz=48, trace=1, nelems=31, elem type=byte)
ARR 127fd8 (sz=16, trace=1, nelems=0, elem type=short)
CLS 128018 (name=java.util.Set, trace=1)
	super		1127f0
ARR 128038 (sz=24, trace=1, nelems=3, elem type=int)
ARR 128078 (sz=16, trace=1, nelems=0, elem type=short)
ARR 1280b8 (sz=48, trace=1, nelems=8, elem type=int)
CLS 1280d8 (name=java.util.AbstractSet, trace=1)
	super		120598
ARR 128118 (sz=40, trace=1, nelems=7, elem type=int)
ARR 128158 (sz=48, trace=1, nelems=18, elem type=short)
ARR 128198 (sz=32, trace=1, nelems=4, elem type=int)
CLS 11ac68 (name=java.util.HashSet, trace=1)
	super		1280d8
	static PRESENT	11ac48
ARR 1281b8 (sz=48, trace=1, nelems=35, elem type=byte)
ARR 1281d8 (sz=24, trace=1, nelems=6, elem type=short)
CLS 11ace8 (name=java.lang.Shutdown$WrappedHook, trace=1)
	super		1127f0
ARR 128218 (sz=24, trace=1, nelems=4, elem type=short)
ARR 128238 (sz=56, trace=1, nelems=41, elem type=byte)
ARR 128258 (sz=24, trace=1, nelems=6, elem type=short)
ARR 128298 (sz=32, trace=1, nelems=4, elem type=int)
CLS 1282b8 (name=java.lang.Terminator, trace=1)
	super		1127f0
	static handler	11b4f8
ARR 1282d8 (sz=24, trace=1, nelems=4, elem type=short)
ARR 1282f8 (sz=48, trace=1, nelems=30, elem type=byte)
ARR 128338 (sz=40, trace=1, nelems=26, elem type=byte)
ARR 128358 (sz=40, trace=1, nelems=12, elem type=short)
CLS 128398 (name=sun.misc.SignalHandler, trace=1)
	super		1127f0
	static SIG_IGN	11b698
	static SIG_DFL	11b678
ARR 1283b8 (sz=16, trace=1, nelems=0, elem type=short)
CLS 11b4d8 (name=java.lang.Terminator$1, trace=1)
	super		1127f0
ARR 1283f8 (sz=24, trace=1, nelems=4, elem type=short)
ARR 128418 (sz=152, trace=1, nelems=140, elem type=byte)
ARR 128438 (sz=64, trace=1, nelems=24, elem type=short)
ARR 128478 (sz=96, trace=1, nelems=20, elem type=int)
CLS 11b598 (name=sun.misc.Signal, trace=1)
	super		1127f0
	static signals	11b558
	static handlers	11b518
ARR 128498 (sz=24, trace=1, nelems=4, elem type=short)
ARR 1284c0 (sz=24, trace=1, nelems=3, elem type=char)
OBJ 1284e0 (sz=24, trace=1, class=java.lang.String@7c438)
	value		1284c0
ARR 128500 (sz=48, trace=1, nelems=34, elem type=byte)
ARR 128540 (sz=24, trace=1, nelems=6, elem type=short)
CLS 11b658 (name=sun.misc.NativeSignalHandler, trace=1)
	super		1127f0
ARR 128580 (sz=24, trace=1, nelems=3, elem type=char)
OBJ 1285a0 (sz=24, trace=1, class=java.lang.String@7c438)
	value		128580
ARR 1285c0 (sz=24, trace=1, nelems=4, elem type=char)
OBJ 1285e0 (sz=24, trace=1, class=java.lang.String@7c438)
	value		1285c0
ARR 128600 (sz=72, trace=1, nelems=54, elem type=byte)
ARR 128620 (sz=432, trace=1, nelems=417, elem type=byte)
ARR 128640 (sz=232, trace=1, nelems=108, elem type=short)
ARR 128680 (sz=48, trace=1, nelems=8, elem type=int)
ARR 1286a0 (sz=64, trace=1, nelems=12, elem type=int)
ARR 1286c0 (sz=48, trace=1, nelems=8, elem type=int)
ARR 1286e0 (sz=48, trace=1, nelems=8, elem type=int)
ARR 128700 (sz=48, trace=1, nelems=8, elem type=int)
CLS 11b7f8 (name=java.util.logging.Logger, trace=1)
	super		1127f0
	static global	11b818
	static treeLock	11b7d8
	static emptyHandlers	11b7b8
ARR 128720 (sz=24, trace=1, nelems=6, elem type=short)
CLS 11b8d8 (name=java.util.logging.LogManager$RootLogger, trace=1)
	super		11b7f8
ARR 128760 (sz=24, trace=1, nelems=4, elem type=short)
ARR 128780 (sz=24, trace=1, nelems=6, elem type=char)
OBJ 1287a0 (sz=24, trace=1, class=java.lang.String@7c438)
	value		128780
ARR 1287c0 (sz=24, trace=1, nelems=6, elem type=char)
OBJ 1287e0 (sz=24, trace=1, class=java.lang.String@7c438)
	value		1287c0
ARR 128800 (sz=56, trace=1, nelems=44, elem type=byte)
ARR 128820 (sz=24, trace=1, nelems=6, elem type=short)
CLS 11b938 (name=java.util.HashMap$Values, trace=1)
	super		120598
ARR 128860 (sz=24, trace=1, nelems=4, elem type=short)
ARR 128880 (sz=56, trace=1, nelems=38, elem type=byte)
ARR 1288a0 (sz=88, trace=1, nelems=75, elem type=byte)
ARR 1288e0 (sz=72, trace=1, nelems=30, elem type=short)
CLS 128920 (name=java.util.HashMap$HashIterator, trace=1)
	super		1127f0
ARR 128940 (sz=32, trace=1, nelems=8, elem type=short)
ARR 128960 (sz=24, trace=1, nelems=6, elem type=short)
CLS 1289a0 (name=java.util.HashMap$ValueIterator, trace=1)
	super		128920
ARR 1289c0 (sz=40, trace=1, nelems=12, elem type=short)
ARR 1289e0 (sz=72, trace=1, nelems=30, elem type=char)
OBJ 128a00 (sz=24, trace=1, class=java.lang.String@7c438)
	value		1289e0
ARR 128a20 (sz=72, trace=1, nelems=29, elem type=char)
OBJ 128a40 (sz=24, trace=1, class=java.lang.String@7c438)
	value		128a20
ARR 128a60 (sz=32, trace=1, nelems=9, elem type=char)
OBJ 128a80 (sz=24, trace=1, class=java.lang.String@7c438)
	value		128a60
ARR 128aa0 (sz=472, trace=1, nelems=459, elem type=byte)
ARR 128ae0 (sz=144, trace=1, nelems=66, elem type=short)
ARR 128b20 (sz=32, trace=1, nelems=4, elem type=int)
ARR 128b40 (sz=32, trace=1, nelems=4, elem type=int)
ARR 128b60 (sz=32, trace=1, nelems=4, elem type=int)
ARR 128b80 (sz=48, trace=1, nelems=8, elem type=int)
CLS 11c5a0 (name=java.io.File, trace=1)
	super		1127f0
	static tmpFileLock	11ba98
	static pathSeparator	11ba78
	static separator	11ba38
	static fs	11b9f8
ARR 128ba0 (sz=80, trace=1, nelems=68, elem type=byte)
ARR 128bc0 (sz=64, trace=1, nelems=24, elem type=short)
CLS 128c00 (name=java.io.FileSystem, trace=1)
	super		1127f0
ARR 128c20 (sz=184, trace=1, nelems=169, elem type=byte)
ARR 128c40 (sz=40, trace=1, nelems=12, elem type=short)
ARR 128c80 (sz=32, trace=1, nelems=4, elem type=int)
CLS 11b9d8 (name=java.io.UnixFileSystem, trace=1)
	super		128c00
ARR 128ca0 (sz=40, trace=1, nelems=14, elem type=char)
OBJ 128cc8 (sz=24, trace=1, class=java.lang.String@7c438)
	value		128ca0
ARR 128ce8 (sz=40, trace=1, nelems=14, elem type=char)
OBJ 128d08 (sz=24, trace=1, class=java.lang.String@7c438)
	value		128ce8
ARR 128d28 (sz=24, trace=1, nelems=3, elem type=char)
OBJ 128d48 (sz=24, trace=1, class=java.lang.String@7c438)
	value		128d28
ARR 128d68 (sz=16, trace=1, nelems=1, elem type=char)
OBJ 128d88 (sz=24, trace=1, class=java.lang.String@7c438)
	value		128d68
ARR 128da8 (sz=48, trace=1, nelems=18, elem type=char)
OBJ 128dc8 (sz=24, trace=1, class=java.lang.String@7c438)
	value		128da8
ARR 128de8 (sz=128, trace=1, nelems=109, elem type=byte)
ARR 128e28 (sz=112, trace=1, nelems=48, elem type=short)
ARR 128e68 (sz=48, trace=1, nelems=8, elem type=int)
CLS 128e88 (name=java.util.Hashtable$Enumerator, trace=1)
	super		1127f0
ARR 128ea8 (sz=32, trace=1, nelems=8, elem type=short)
ARR 128ec8 (sz=168, trace=1, nelems=150, elem type=byte)
ARR 128ee8 (sz=80, trace=1, nelems=67, elem type=byte)
ARR 128f08 (sz=48, trace=1, nelems=18, elem type=short)
ARR 128f48 (sz=48, trace=1, nelems=8, elem type=int)
CLS 128f68 (name=java.io.Reader, trace=1)
	super		1127f0
ARR 128f88 (sz=160, trace=1, nelems=72, elem type=short)
ARR 128fc8 (sz=64, trace=1, nelems=12, elem type=int)
ARR 128fe8 (sz=64, trace=1, nelems=12, elem type=int)
ARR 129008 (sz=48, trace=1, nelems=8, elem type=int)
ARR 129028 (sz=48, trace=1, nelems=8, elem type=int)
ARR 129048 (sz=48, trace=1, nelems=8, elem type=int)
ARR 129068 (sz=48, trace=1, nelems=8, elem type=int)
ARR 129088 (sz=80, trace=1, nelems=16, elem type=int)
ARR 1290a8 (sz=80, trace=1, nelems=16, elem type=int)
CLS 1290c8 (name=java.io.BufferedReader, trace=1)
	super		128f68
ARR 1290e8 (sz=88, trace=1, nelems=75, elem type=byte)
ARR 129108 (sz=24, trace=1, nelems=6, elem type=short)
ARR 129148 (sz=32, trace=1, nelems=4, elem type=int)
CLS 129168 (name=java.io.InputStreamReader, trace=1)
	super		128f68
ARR 129188 (sz=192, trace=1, nelems=174, elem type=byte)
ARR 1291a8 (sz=96, trace=1, nelems=42, elem type=short)
ARR 1291e8 (sz=96, trace=1, nelems=20, elem type=int)
ARR 129208 (sz=64, trace=1, nelems=12, elem type=int)
ARR 129228 (sz=48, trace=1, nelems=8, elem type=int)
ARR 129248 (sz=112, trace=1, nelems=24, elem type=int)
ARR 129268 (sz=32, trace=1, nelems=4, elem type=int)
ARR 129288 (sz=32, trace=1, nelems=4, elem type=int)
ARR 1292a8 (sz=32, trace=1, nelems=4, elem type=int)
CLS 1292c8 (name=sun.nio.cs.StreamDecoder, trace=1)
	super		128f68
	static class$sun$nio$cs$StreamDecoder	1292c8
ARR 1292e8 (sz=40, trace=1, nelems=12, elem type=short)
ARR 129308 (sz=64, trace=1, nelems=24, elem type=char)
OBJ 129328 (sz=24, trace=1, class=java.lang.String@7c438)
	value		129308
ARR 129348 (sz=240, trace=1, nelems=225, elem type=byte)
ARR 129368 (sz=88, trace=1, nelems=36, elem type=short)
ARR 1293a8 (sz=80, trace=1, nelems=16, elem type=int)
ARR 1293c8 (sz=32, trace=1, nelems=4, elem type=int)
CLS 1293e8 (name=sun.nio.cs.StreamDecoder$CharsetSD, trace=1)
	super		1292c8
ARR 129408 (sz=24, trace=1, nelems=4, elem type=short)
ARR 129428 (sz=24, trace=1, nelems=6, elem type=char)
OBJ 129448 (sz=24, trace=1, class=java.lang.String@7c438)
	value		129428
ARR 129468 (sz=48, trace=1, nelems=35, elem type=byte)
ARR 129488 (sz=72, trace=1, nelems=56, elem type=byte)
ARR 1294d0 (sz=24, trace=1, nelems=6, elem type=short)
CLS 129510 (name=java.util.EventObject, trace=1)
	super		1127f0
ARR 129530 (sz=64, trace=1, nelems=24, elem type=short)
CLS 129570 (name=java.beans.PropertyChangeEvent, trace=1)
	super		129510
ARR 129590 (sz=24, trace=1, nelems=3, elem type=char)
OBJ 1295b0 (sz=24, trace=1, class=java.lang.String@7c438)
	value		129590
ARR 1295d0 (sz=48, trace=1, nelems=17, elem type=char)
OBJ 1295f0 (sz=24, trace=1, class=java.lang.String@7c438)
	value		1295d0
ARR 129610 (sz=56, trace=1, nelems=21, elem type=char)
OBJ 129630 (sz=24, trace=1, class=java.lang.String@7c438)
	value		129610
ARR 129650 (sz=48, trace=1, nelems=35, elem type=byte)
ARR 129690 (sz=24, trace=1, nelems=6, elem type=short)
CLS 1296d0 (name=java.lang.ClassLoader$3, trace=1)
	super		1127f0
ARR 1296f0 (sz=24, trace=1, nelems=4, elem type=short)
ARR 129710 (sz=32, trace=1, nelems=7, elem type=char)
OBJ 129730 (sz=24, trace=1, class=java.lang.String@7c438)
	value		129710
ARR 129750 (sz=104, trace=1, nelems=92, elem type=byte)
ARR 129770 (sz=64, trace=1, nelems=24, elem type=short)
ARR 1297b0 (sz=80, trace=1, nelems=16, elem type=int)
CLS 11c440 (name=java.lang.ClassLoader$NativeLibrary, trace=1)
	super		1127f0
ARR 1297d0 (sz=24, trace=1, nelems=4, elem type=short)
ARR 1297f0 (sz=64, trace=1, nelems=50, elem type=byte)
ARR 129810 (sz=72, trace=1, nelems=30, elem type=short)
CLS 129850 (name=sun.misc.VM, trace=1)
	super		1127f0
ARR 129870 (sz=56, trace=1, nelems=40, elem type=byte)
ARR 129890 (sz=16, trace=1, nelems=0, elem type=short)
CLS 1298d0 (name=java.lang.Compiler, trace=1)
	super		1127f0
ARR 1298f0 (sz=24, trace=1, nelems=4, elem type=short)
ARR 129910 (sz=96, trace=1, nelems=81, elem type=byte)
ARR 129950 (sz=16, trace=1, nelems=0, elem type=short)
ARR 129990 (sz=32, trace=1, nelems=4, elem type=int)
CLS 1299b0 (name=java.lang.Compiler$1, trace=1)
	super		1127f0
ARR 1299d0 (sz=24, trace=1, nelems=4, elem type=short)
ARR 1299f0 (sz=40, trace=1, nelems=13, elem type=char)
OBJ 129a10 (sz=24, trace=1, class=java.lang.String@7c438)
	value		1299f0
ARR 129a30 (sz=40, trace=1, nelems=12, elem type=char)
OBJ 129a50 (sz=24, trace=1, class=java.lang.String@7c438)
	value		129a30
ARR 129a70 (sz=32, trace=1, nelems=7, elem type=char)
OBJ 129a90 (sz=24, trace=1, class=java.lang.String@7c438)
	value		129a70
ARR 129ab0 (sz=232, trace=1, nelems=215, elem type=byte)
ARR 129ad0 (sz=64, trace=1, nelems=24, elem type=short)
ARR 129b10 (sz=112, trace=1, nelems=24, elem type=int)
ARR 129b30 (sz=48, trace=1, nelems=8, elem type=int)
CLS 11c560 (name=sun.misc.Launcher, trace=1)
	super		1127f0
	static launcher	11c580
	static factory	11c540
ARR 129b50 (sz=48, trace=1, nelems=16, elem type=short)
ARR 129b70 (sz=96, trace=1, nelems=78, elem type=byte)
ARR 129bb0 (sz=24, trace=1, nelems=9, elem type=byte)
ARR 129bd0 (sz=16, trace=1, nelems=0, elem type=short)
CLS 129c10 (name=java.net.URLStreamHandlerFactory, trace=1)
	super		1127f0
ARR 129c30 (sz=24, trace=1, nelems=6, elem type=short)
ARR 129c70 (sz=64, trace=1, nelems=12, elem type=int)
CLS 11c520 (name=sun.misc.Launcher$Factory, trace=1)
	super		1127f0
	static PREFIX	129cd8
ARR 129c90 (sz=24, trace=1, nelems=4, elem type=short)
ARR 129cb0 (sz=56, trace=1, nelems=20, elem type=char)
OBJ 129cd8 (sz=24, trace=1, class=java.lang.String@7c438)
	value		129cb0
ARR 129cf8 (sz=168, trace=1, nelems=156, elem type=byte)
ARR 129d18 (sz=376, trace=1, nelems=361, elem type=byte)
ARR 129d38 (sz=128, trace=1, nelems=116, elem type=byte)
ARR 129d58 (sz=48, trace=1, nelems=18, elem type=short)
ARR 129d98 (sz=48, trace=1, nelems=8, elem type=int)
CLS 129db8 (name=java.security.SecureClassLoader, trace=1)
	super		11ea38
ARR 129dd8 (sz=40, trace=1, nelems=12, elem type=short)
ARR 129e18 (sz=32, trace=1, nelems=4, elem type=int)
ARR 129e38 (sz=32, trace=1, nelems=4, elem type=int)
CLS 129e58 (name=java.net.URLClassLoader, trace=1)
	super		129db8
ARR 129e78 (sz=72, trace=1, nelems=28, elem type=short)
ARR 129e98 (sz=24, trace=1, nelems=6, elem type=short)
ARR 129ed8 (sz=32, trace=1, nelems=4, elem type=int)
CLS 11c600 (name=sun.misc.Launcher$ExtClassLoader, trace=1)
	super		129e58
ARR 129ef8 (sz=32, trace=1, nelems=8, elem type=short)
ARR 129f18 (sz=24, trace=1, nelems=3, elem type=char)
OBJ 129f38 (sz=24, trace=1, class=java.lang.String@7c438)
	value		129f18
ARR 129f58 (sz=176, trace=1, nelems=163, elem type=byte)
ARR 129f78 (sz=40, trace=1, nelems=12, elem type=short)
CLS 129fb8 (name=sun.security.util.Debug, trace=1)
	super		1127f0
ARR 129fd8 (sz=56, trace=1, nelems=19, elem type=char)
OBJ 129ff8 (sz=24, trace=1, class=java.lang.String@7c438)
	value		129fd8
ARR 12a018 (sz=64, trace=1, nelems=24, elem type=char)
OBJ 12a038 (sz=24, trace=1, class=java.lang.String@7c438)
	value		12a018
ARR 12a058 (sz=40, trace=1, nelems=13, elem type=char)
OBJ 12a078 (sz=24, trace=1, class=java.lang.String@7c438)
	value		12a058
ARR 12a098 (sz=112, trace=1, nelems=96, elem type=byte)
ARR 12a0d8 (sz=112, trace=1, nelems=48, elem type=short)
CLS 12a118 (name=java.util.StringTokenizer, trace=1)
	super		1127f0
ARR 12a178 (sz=48, trace=1, nelems=34, elem type=byte)
ARR 12a1b8 (sz=24, trace=1, nelems=12, elem type=byte)
ARR 12a1d8 (sz=16, trace=1, nelems=0, elem type=short)
CLS 12a218 (name=java.security.PrivilegedExceptionAction, trace=1)
	super		1127f0
ARR 12a238 (sz=24, trace=1, nelems=6, elem type=short)
CLS 12a278 (name=sun.misc.Launcher$1, trace=1)
	super		1127f0
ARR 12a298 (sz=32, trace=1, nelems=8, elem type=short)
ARR 12a2b8 (sz=160, trace=1, nelems=144, elem type=byte)
ARR 12a2d8 (sz=24, trace=1, nelems=6, elem type=short)
ARR 12a318 (sz=32, trace=1, nelems=4, elem type=int)
CLS 12a338 (name=sun.net.www.ParseUtil, trace=1)
	super		1127f0
	static encodedInPath	11c810
ARR 12a358 (sz=240, trace=1, nelems=221, elem type=byte)
ARR 12a398 (sz=112, trace=1, nelems=48, elem type=short)
ARR 12a3d8 (sz=32, trace=1, nelems=4, elem type=int)
CLS 11c660 (name=java.util.BitSet, trace=1)
	super		1127f0
	static trailingZeroTable	11c640
ARR 12a3f8 (sz=416, trace=1, nelems=401, elem type=byte)
ARR 12a438 (sz=232, trace=1, nelems=108, elem type=short)
ARR 12a478 (sz=48, trace=1, nelems=8, elem type=int)
ARR 12a498 (sz=112, trace=1, nelems=24, elem type=int)
ARR 12a4b8 (sz=48, trace=1, nelems=8, elem type=int)
ARR 12a4e0 (sz=48, trace=1, nelems=8, elem type=int)
ARR 12a500 (sz=48, trace=1, nelems=8, elem type=int)
CLS 11c8f0 (name=java.net.URL, trace=1)
	super		1127f0
	static streamHandlerLock	11c8d0
	static handlers	11c890
	static protocolPathProp	12a560
ARR 12a520 (sz=24, trace=1, nelems=4, elem type=short)
ARR 12a540 (sz=64, trace=1, nelems=26, elem type=char)
OBJ 12a560 (sz=24, trace=1, class=java.lang.String@7c438)
	value		12a540
ARR 12a580 (sz=24, trace=1, nelems=4, elem type=char)
OBJ 12a5a0 (sz=24, trace=1, class=java.lang.String@7c438)
	value		12a580
ARR 12a5c0 (sz=56, trace=1, nelems=44, elem type=byte)
ARR 12a5e0 (sz=48, trace=1, nelems=18, elem type=short)
CLS 12a620 (name=java.net.Parts, trace=1)
	super		1127f0
ARR 12a640 (sz=448, trace=1, nelems=435, elem type=byte)
ARR 12a680 (sz=384, trace=1, nelems=186, elem type=short)
ARR 12a6c0 (sz=32, trace=1, nelems=4, elem type=int)
ARR 12a6e0 (sz=32, trace=1, nelems=4, elem type=int)
ARR 12a700 (sz=32, trace=1, nelems=4, elem type=int)
ARR 12a720 (sz=32, trace=1, nelems=4, elem type=int)
ARR 12a740 (sz=32, trace=1, nelems=4, elem type=int)
ARR 12a760 (sz=32, trace=1, nelems=4, elem type=int)
CLS 11c930 (name=java.util.Locale, trace=1)
	super		1127f0
	static compressedIsoCountries	12a7e0
	static compressedIsoLanguages	12a7a0
	static defaultLocale	11cbf0
	static CANADA_FRENCH	11cbd0
	static CANADA	11cbb0
	static US	11cb90
	static UK	11cb70
	static TAIWAN	11cb50
	static PRC	11cb30
	static CHINA	11cb10
	static KOREA	11caf0
	static JAPAN	11cad0
	static ITALY	11cab0
	static GERMANY	11ca90
	static FRANCE	11ca70
	static TRADITIONAL_CHINESE	11ca50
	static SIMPLIFIED_CHINESE	11ca30
	static CHINESE	11ca10
	static KOREAN	11c9f0
	static JAPANESE	11c9d0
	static ITALIAN	11c9b0
	static GERMAN	11c990
	static FRENCH	11c970
	static ENGLISH	11c950
ARR 12a780 (sz=1720, trace=1, nelems=852, elem type=char)
OBJ 12a7a0 (sz=24, trace=1, class=java.lang.String@7c438)
	value		12a780
ARR 12a7c0 (sz=2880, trace=1, nelems=1434, elem type=char)
OBJ 12a7e0 (sz=24, trace=1, class=java.lang.String@7c438)
	value		12a7c0
ARR 12a800 (sz=16, trace=1, nelems=2, elem type=char)
OBJ 12a820 (sz=24, trace=1, class=java.lang.String@7c438)
	value		12a800
ARR 12a840 (sz=16, trace=1, nelems=2, elem type=char)
OBJ 12a860 (sz=24, trace=1, class=java.lang.String@7c438)
	value		12a840
ARR 12a880 (sz=16, trace=1, nelems=2, elem type=char)
OBJ 12a8a0 (sz=24, trace=1, class=java.lang.String@7c438)
	value		12a880
ARR 12a8c0 (sz=16, trace=1, nelems=2, elem type=char)
OBJ 12a8e0 (sz=24, trace=1, class=java.lang.String@7c438)
	value		12a8c0
ARR 12a900 (sz=16, trace=1, nelems=2, elem type=char)
OBJ 12a920 (sz=24, trace=1, class=java.lang.String@7c438)
	value		12a900
ARR 12a940 (sz=16, trace=1, nelems=2, elem type=char)
OBJ 12a960 (sz=24, trace=1, class=java.lang.String@7c438)
	value		12a940
ARR 12a980 (sz=16, trace=1, nelems=2, elem type=char)
OBJ 12a9a0 (sz=24, trace=1, class=java.lang.String@7c438)
	value		12a980
ARR 12a9c0 (sz=16, trace=1, nelems=2, elem type=char)
OBJ 12a9e0 (sz=24, trace=1, class=java.lang.String@7c438)
	value		12a9c0
ARR 12aa00 (sz=16, trace=1, nelems=2, elem type=char)
OBJ 12aa20 (sz=24, trace=1, class=java.lang.String@7c438)
	value		12aa00
ARR 12aa40 (sz=16, trace=1, nelems=2, elem type=char)
OBJ 12aa60 (sz=24, trace=1, class=java.lang.String@7c438)
	value		12aa40
ARR 12aa80 (sz=16, trace=1, nelems=2, elem type=char)
OBJ 12aaa0 (sz=24, trace=1, class=java.lang.String@7c438)
	value		12aa80
ARR 12aac0 (sz=16, trace=1, nelems=2, elem type=char)
OBJ 12aae0 (sz=24, trace=1, class=java.lang.String@7c438)
	value		12aac0
ARR 12ab00 (sz=16, trace=1, nelems=2, elem type=char)
OBJ 12ab20 (sz=24, trace=1, class=java.lang.String@7c438)
	value		12ab00
ARR 12ab40 (sz=16, trace=1, nelems=2, elem type=char)
OBJ 12ab60 (sz=24, trace=1, class=java.lang.String@7c438)
	value		12ab40
ARR 12ab80 (sz=16, trace=1, nelems=2, elem type=char)
OBJ 12aba0 (sz=24, trace=1, class=java.lang.String@7c438)
	value		12ab80
ARR 12abc0 (sz=16, trace=1, nelems=2, elem type=char)
OBJ 12abe0 (sz=24, trace=1, class=java.lang.String@7c438)
	value		12abc0
ARR 12ac00 (sz=16, trace=1, nelems=2, elem type=char)
OBJ 12ac20 (sz=24, trace=1, class=java.lang.String@7c438)
	value		12ac00
ARR 12ac40 (sz=16, trace=1, nelems=2, elem type=char)
OBJ 12ac60 (sz=24, trace=1, class=java.lang.String@7c438)
	value		12ac40
ARR 12ac80 (sz=16, trace=1, nelems=2, elem type=char)
OBJ 12aca0 (sz=24, trace=1, class=java.lang.String@7c438)
	value		12ac80
ARR 12acc0 (sz=16, trace=1, nelems=2, elem type=char)
OBJ 12ace8 (sz=24, trace=1, class=java.lang.String@7c438)
	value		12acc0
ARR 12ad08 (sz=40, trace=1, nelems=13, elem type=char)
OBJ 12ad28 (sz=24, trace=1, class=java.lang.String@7c438)
	value		12ad08
ARR 12ad48 (sz=40, trace=1, nelems=11, elem type=char)
OBJ 12ad68 (sz=24, trace=1, class=java.lang.String@7c438)
	value		12ad48
ARR 12ad88 (sz=40, trace=1, nelems=12, elem type=char)
OBJ 12ada8 (sz=24, trace=1, class=java.lang.String@7c438)
	value		12ad88
ARR 12adc8 (sz=40, trace=1, nelems=12, elem type=char)
OBJ 12ade8 (sz=24, trace=1, class=java.lang.String@7c438)
	value		12adc8
ARR 12ae08 (sz=16, trace=1, nelems=1, elem type=char)
OBJ 12ae28 (sz=24, trace=1, class=java.lang.String@7c438)
	value		12ae08
ARR 12ae48 (sz=32, trace=1, nelems=8, elem type=char)
OBJ 12ae68 (sz=24, trace=1, class=java.lang.String@7c438)
	value		12ae48
ARR 12ae88 (sz=120, trace=1, nelems=104, elem type=byte)
ARR 12aea8 (sz=232, trace=1, nelems=213, elem type=byte)
ARR 12aec8 (sz=16, trace=1, nelems=0, elem type=short)
ARR 12af08 (sz=48, trace=1, nelems=8, elem type=int)
CLS 12af28 (name=java.net.URLStreamHandler, trace=1)
	super		1127f0
ARR 12af48 (sz=16, trace=1, nelems=0, elem type=short)
ARR 12af88 (sz=32, trace=1, nelems=4, elem type=int)
CLS 11ccf0 (name=sun.net.www.protocol.file.Handler, trace=1)
	super		12af28
ARR 12afa8 (sz=56, trace=1, nelems=20, elem type=char)
OBJ 12afc8 (sz=24, trace=1, class=java.lang.String@7c438)
	value		12afa8
ARR 12afe8 (sz=88, trace=1, nelems=38, elem type=char)
OBJ 12b008 (sz=24, trace=1, class=java.lang.String@7c438)
	value		12afe8
ARR 12b028 (sz=64, trace=1, nelems=23, elem type=char)
OBJ 12b048 (sz=24, trace=1, class=java.lang.String@7c438)
	value		12b028
ARR 12b068 (sz=72, trace=1, nelems=30, elem type=char)
OBJ 12b088 (sz=24, trace=1, class=java.lang.String@7c438)
	value		12b068
ARR 12b0e8 (sz=312, trace=1, nelems=299, elem type=byte)
ARR 12b108 (sz=96, trace=1, nelems=42, elem type=short)
ARR 12b148 (sz=48, trace=1, nelems=8, elem type=int)
ARR 12b168 (sz=48, trace=1, nelems=8, elem type=int)
ARR 12b188 (sz=32, trace=1, nelems=4, elem type=int)
ARR 12b1a8 (sz=48, trace=1, nelems=8, elem type=int)
ARR 12b1c8 (sz=80, trace=1, nelems=16, elem type=int)
ARR 12b1e8 (sz=48, trace=1, nelems=8, elem type=int)
ARR 12b208 (sz=32, trace=1, nelems=4, elem type=int)
ARR 12b228 (sz=32, trace=1, nelems=4, elem type=int)
CLS 11d0c0 (name=sun.misc.URLClassPath, trace=1)
	super		1127f0
	static JAVA_VERSION	123168
	static USER_AGENT_JAVA_VERSION	12b288
ARR 12b248 (sz=64, trace=1, nelems=24, elem type=short)
ARR 12b268 (sz=48, trace=1, nelems=15, elem type=char)
OBJ 12b288 (sz=24, trace=1, class=java.lang.String@7c438)
	value		12b268
ARR 12b2a8 (sz=24, trace=1, nelems=3, elem type=char)
OBJ 12b2c8 (sz=24, trace=1, class=java.lang.String@7c438)
	value		12b2a8
ARR 12b2e8 (sz=152, trace=1, nelems=136, elem type=byte)
ARR 12b308 (sz=24, trace=1, nelems=6, elem type=short)
ARR 12b348 (sz=32, trace=1, nelems=4, elem type=int)
CLS 11d2e0 (name=sun.net.www.protocol.jar.Handler, trace=1)
	super		12af28
	static separator	12b388
ARR 12b368 (sz=16, trace=1, nelems=2, elem type=char)
OBJ 12b388 (sz=24, trace=1, class=java.lang.String@7c438)
	value		12b368
ARR 12b3a8 (sz=136, trace=1, nelems=122, elem type=byte)
ARR 12b3c8 (sz=16, trace=1, nelems=0, elem type=short)
CLS 11d3a0 (name=sun.misc.Launcher$AppClassLoader, trace=1)
	super		129e58
ARR 12b408 (sz=32, trace=1, nelems=8, elem type=short)
ARR 12b428 (sz=48, trace=1, nelems=15, elem type=char)
OBJ 12b448 (sz=24, trace=1, class=java.lang.String@7c438)
	value		12b428
ARR 12b468 (sz=64, trace=1, nelems=46, elem type=byte)
ARR 12b4a8 (sz=48, trace=1, nelems=18, elem type=short)
CLS 12b4f0 (name=sun.misc.Launcher$2, trace=1)
	super		1127f0
ARR 12b510 (sz=32, trace=1, nelems=8, elem type=short)
ARR 12b530 (sz=32, trace=1, nelems=8, elem type=char)
OBJ 12b550 (sz=24, trace=1, class=java.lang.String@7c438)
	value		12b530
ARR 12b570 (sz=56, trace=1, nelems=21, elem type=char)
OBJ 12b590 (sz=24, trace=1, class=java.lang.String@7c438)
	value		12b570
ARR 12b5b0 (sz=96, trace=1, nelems=82, elem type=byte)
ARR 12b5f0 (sz=40, trace=1, nelems=12, elem type=short)
ARR 12b630 (sz=32, trace=1, nelems=4, elem type=int)
CLS 12b650 (name=java.lang.SystemClassLoaderAction, trace=1)
	super		1127f0
	static class$java$lang$ClassLoader	11ea38
ARR 12b670 (sz=56, trace=1, nelems=21, elem type=char)
OBJ 12b690 (sz=24, trace=1, class=java.lang.String@7c438)
	value		12b670
ARR 12b6b0 (sz=64, trace=1, nelems=24, elem type=char)
OBJ 12b6d0 (sz=24, trace=1, class=java.lang.String@7c438)
	value		12b6b0
HEAP DUMP END
SITES BEGIN (ordered by live bytes) Fri Oct 25 13:49:30 2002
          percent         live       alloc'ed  stack class
 rank   self  accum    bytes objs   bytes objs trace name
    1 91.57% 91.57%  2178184  265 2178184  265     1 [I
    2  2.94% 94.51%    70008  537   70008  537     1 [C
    3  2.09% 96.60%    49680  230   49680  230     1 [B
    4  1.00% 97.60%    23888  307   23888  307     1 [S
    5  0.77% 98.37%    18248  338   18248  338     1 java.lang.Object
    6  0.63% 99.01%    15064  269   15064  269     1 java.lang.Class
    7  0.33% 99.33%     7824  326    7824  326     1 java.lang.String
    8  0.10% 99.44%     2448  102    2448  102     1 [C
    9  0.09% 99.52%     2080   65    2080   65     1 java.util.TreeMap$Entry
   10  0.07% 99.59%     1584   66    1584   66     1 java.util.Hashtable$Entry
   11  0.04% 99.63%      960   12     960   12     1 java.util.HashMap$Entry
   12  0.03% 99.66%      784    8     784    8     1 java.util.Hashtable$Entry
   13  0.02% 99.69%      528   22     528   22     1 java.util.Locale
   14  0.02% 99.71%      480   12     480   12     1 java.util.HashMap
   15  0.02% 99.73%      472   14     472   14     1 java.lang.String
   16  0.02% 99.74%      424    1     424    1     1 [[C
   17  0.02% 99.76%      392    7     392    7     1 java.lang.Class
   18  0.01% 99.77%      288    6     288    6     1 java.lang.reflect.Constructor
   19  0.01% 99.78%      280    5     280    5     1 java.net.URL
   20  0.01% 99.79%      240    6     240    6     1 java.util.Hashtable
SITES END
